Initialized native services in: C:\Users\iamas\.gradle\native
Initialized jansi services in: C:\Users\iamas\.gradle\native
To honour the JVM settings for this build a single-use Daemon process will be forked. For more on this, please refer to https://docs.gradle.org/9.4.1/userguide/gradle_daemon.html#sec:disabling_the_daemon in the Gradle documentation.
Received JVM installation metadata from 'C:\Program Files\Eclipse Adoptium\jdk-17.0.19.10-hotspot': {JAVA_HOME=C:\Program Files\Eclipse Adoptium\jdk-17.0.19.10-hotspot, JAVA_VERSION=17.0.19, JAVA_VENDOR=Eclipse Adoptium, RUNTIME_NAME=OpenJDK Runtime Environment, RUNTIME_VERSION=17.0.19+10, VM_NAME=OpenJDK 64-Bit Server VM, VM_VERSION=17.0.19+10, VM_VENDOR=Eclipse Adoptium, OS_ARCH=amd64}
Starting process 'Gradle build daemon'. Working directory: C:\Users\iamas\.gradle\daemon\9.4.1 Command: C:\Users\iamas\.gradle\jdks\eclipse_adoptium-21-amd64-windows.2\bin\java.exe --add-opens=java.base/java.lang=ALL-UNNAMED --add-opens=java.base/java.lang.invoke=ALL-UNNAMED --add-opens=java.base/java.util=ALL-UNNAMED --add-opens=java.prefs/java.util.prefs=ALL-UNNAMED --add-exports=jdk.compiler/com.sun.tools.javac.api=ALL-UNNAMED --add-exports=jdk.compiler/com.sun.tools.javac.util=ALL-UNNAMED --add-opens=java.base/java.util=ALL-UNNAMED --add-opens=java.prefs/java.util.prefs=ALL-UNNAMED --add-opens=java.base/java.nio.charset=ALL-UNNAMED --add-opens=java.base/java.net=ALL-UNNAMED --add-opens=java.base/java.util.concurrent=ALL-UNNAMED --add-opens=java.base/java.util.concurrent.atomic=ALL-UNNAMED --add-opens=java.xml/javax.xml.namespace=ALL-UNNAMED --add-opens=java.base/java.time=ALL-UNNAMED -Xmx2048m -Dfile.encoding=UTF-8 -Duser.country=GB -Duser.language=en -Duser.variant -cp C:\Users\iamas\.gradle\wrapper\dists\gradle-9.4.1-bin\arn2x92ynaizyzdaamcbpbhtj\gradle-9.4.1\lib\gradle-daemon-main-9.4.1.jar -javaagent:C:\Users\iamas\.gradle\wrapper\dists\gradle-9.4.1-bin\arn2x92ynaizyzdaamcbpbhtj\gradle-9.4.1\lib\agents\gradle-instrumentation-agent-9.4.1.jar org.gradle.launcher.daemon.bootstrap.GradleDaemon 9.4.1
Successfully started process 'Gradle build daemon'
An attempt to start the daemon took 1.065 secs.
The client will now receive all logging from the daemon (pid: 16016). The daemon log file: C:\Users\iamas\.gradle\daemon\9.4.1\daemon-16016.out.log
Daemon will be stopped at the end of the build 
Using 12 worker leases.
Operational build model parameters: {cachingModelBuilding=false, configurationCache=false, configurationCacheDisabledReason=null, configurationCacheParallelLoad=false, configurationCacheParallelStore=false, configureOnDemand=false, invalidateCoupledProjects=false, isolatedProjects=false, modelAsProjectDependency=false, modelBuilding=false, parallelModelBuilding=false, parallelProjectConfiguration=false, parallelProjectExecution=false, resilientModelBuilding=false}
Received JVM installation metadata from 'C:\Users\iamas\.gradle\jdks\eclipse_adoptium-21-amd64-windows.2': {JAVA_HOME=C:\Users\iamas\.gradle\jdks\eclipse_adoptium-21-amd64-windows.2, JAVA_VERSION=21.0.7, JAVA_VENDOR=Eclipse Adoptium, RUNTIME_NAME=OpenJDK Runtime Environment, RUNTIME_VERSION=21.0.7+6-LTS, VM_NAME=OpenJDK 64-Bit Server VM, VM_VERSION=21.0.7+6-LTS, VM_VENDOR=Eclipse Adoptium, OS_ARCH=amd64}
Watching the file system is configured to be enabled if available
Now considering [C:\Users\iamas\Desktop\Code-Base\Al-HissN] as hierarchies to watch
File system watching is active
Starting Build
Resolved plugin [id: 'org.gradle.toolchains.foojay-resolver-convention', version: '1.0.0']
Settings evaluated using settings file 'C:\Users\iamas\Desktop\Code-Base\Al-HissN\settings.gradle.kts'.
Projects loaded. Root project using build file 'C:\Users\iamas\Desktop\Code-Base\Al-HissN\build.gradle.kts'.
Included projects: [root project 'Al HissN', project ':app', project ':core', project ':feature', project ':core:core-common', project ':core:core-data', project ':core:core-domain', project ':core:core-ui', project ':feature:feature-accessibility', project ':feature:feature-focus', project ':feature:feature-keyboard', project ':feature:feature-ml', project ':feature:feature-network', project ':feature:feature-optimizer', project ':feature:feature-profile', project ':feature:feature-scanner', project ':feature:feature-storage', project ':feature:feature-streak', project ':feature:feature-sync', project ':feature:feature-tracker']

> Configure project :
Evaluating root project 'Al HissN' using build file 'C:\Users\iamas\Desktop\Code-Base\Al-HissN\build.gradle.kts'.
Resolved plugin [id: 'com.android.application', version: '9.2.1', apply: false]
Resolved plugin [id: 'com.android.library', version: '9.2.1', apply: false]
Resolved plugin [id: 'org.jetbrains.kotlin.android', version: '2.2.10', apply: false]
Resolved plugin [id: 'org.jetbrains.kotlin.plugin.compose', version: '2.2.10', apply: false]
Resolved plugin [id: 'com.google.devtools.ksp', version: '2.2.10-2.0.2', apply: false]
Resolved plugin [id: 'com.google.dagger.hilt.android', version: '2.59.2', apply: false]

> Configure project :app
Evaluating project ':app' using build file 'C:\Users\iamas\Desktop\Code-Base\Al-HissN\app\build.gradle.kts'.
Resolved plugin [id: 'com.android.application', version: '9.2.1']
Resolved plugin [id: 'org.jetbrains.kotlin.plugin.compose', version: '2.2.10']
Resolved plugin [id: 'com.google.dagger.hilt.android', version: '2.59.2']
Resolved plugin [id: 'com.google.devtools.ksp', version: '2.2.10-2.0.2']
WARNING: The option setting 'android.disallowKotlinSourceSets=false' is experimental.
The current default is 'true'.
Build 4e06ca53-3c3f-4ffb-879c-ad93aee1e20f is started
Using default execution profile
Detected Android Gradle Plugin compose compiler configuration
Detected Android Gradle Plugin compose compiler configuration
Detected Android Gradle Plugin compose compiler configuration
Detected Android Gradle Plugin compose compiler configuration

> Configure project :core
Evaluating project ':core' using build file 'C:\Users\iamas\Desktop\Code-Base\Al-HissN\core\build.gradle'.

> Configure project :feature
Evaluating project ':feature' using build file 'C:\Users\iamas\Desktop\Code-Base\Al-HissN\feature\build.gradle'.

> Configure project :core:core-common
Evaluating project ':core:core-common' using build file 'C:\Users\iamas\Desktop\Code-Base\Al-HissN\core\core-common\build.gradle.kts'.
Resolved plugin [id: 'com.android.library', version: '9.2.1']
Using default execution profile

> Configure project :core:core-data
Evaluating project ':core:core-data' using build file 'C:\Users\iamas\Desktop\Code-Base\Al-HissN\core\core-data\build.gradle.kts'.
Resolved plugin [id: 'com.android.library', version: '9.2.1']
Resolved plugin [id: 'com.google.dagger.hilt.android', version: '2.59.2']
Resolved plugin [id: 'com.google.devtools.ksp', version: '2.2.10-2.0.2']
Using default execution profile

> Configure project :core:core-domain
Evaluating project ':core:core-domain' using build file 'C:\Users\iamas\Desktop\Code-Base\Al-HissN\core\core-domain\build.gradle.kts'.
Resolved plugin [id: 'com.android.library', version: '9.2.1']
Using default execution profile

> Configure project :core:core-ui
Evaluating project ':core:core-ui' using build file 'C:\Users\iamas\Desktop\Code-Base\Al-HissN\core\core-ui\build.gradle.kts'.
Resolved plugin [id: 'com.android.library', version: '9.2.1']
Resolved plugin [id: 'org.jetbrains.kotlin.plugin.compose', version: '2.2.10']
Resolved plugin [id: 'com.google.dagger.hilt.android', version: '2.59.2']
Resolved plugin [id: 'com.google.devtools.ksp', version: '2.2.10-2.0.2']
Using default execution profile
Detected Android Gradle Plugin compose compiler configuration
Detected Android Gradle Plugin compose compiler configuration
Detected Android Gradle Plugin compose compiler configuration
Detected Android Gradle Plugin compose compiler configuration

> Configure project :feature:feature-accessibility
Evaluating project ':feature:feature-accessibility' using build file 'C:\Users\iamas\Desktop\Code-Base\Al-HissN\feature\feature-accessibility\build.gradle.kts'.
Resolved plugin [id: 'com.android.library', version: '9.2.1']
Resolved plugin [id: 'org.jetbrains.kotlin.plugin.compose', version: '2.2.10']
Resolved plugin [id: 'com.google.dagger.hilt.android', version: '2.59.2']
Resolved plugin [id: 'com.google.devtools.ksp', version: '2.2.10-2.0.2']
Using default execution profile
Detected Android Gradle Plugin compose compiler configuration
Detected Android Gradle Plugin compose compiler configuration
Detected Android Gradle Plugin compose compiler configuration
Detected Android Gradle Plugin compose compiler configuration

> Configure project :feature:feature-focus
Evaluating project ':feature:feature-focus' using build file 'C:\Users\iamas\Desktop\Code-Base\Al-HissN\feature\feature-focus\build.gradle.kts'.
Resolved plugin [id: 'com.android.library', version: '9.2.1']
Resolved plugin [id: 'org.jetbrains.kotlin.plugin.compose', version: '2.2.10']
Resolved plugin [id: 'com.google.dagger.hilt.android', version: '2.59.2']
Resolved plugin [id: 'com.google.devtools.ksp', version: '2.2.10-2.0.2']
Using default execution profile
Detected Android Gradle Plugin compose compiler configuration
Detected Android Gradle Plugin compose compiler configuration
Detected Android Gradle Plugin compose compiler configuration
Detected Android Gradle Plugin compose compiler configuration

> Configure project :feature:feature-keyboard
Evaluating project ':feature:feature-keyboard' using build file 'C:\Users\iamas\Desktop\Code-Base\Al-HissN\feature\feature-keyboard\build.gradle.kts'.
Resolved plugin [id: 'com.android.library', version: '9.2.1']
Resolved plugin [id: 'org.jetbrains.kotlin.plugin.compose', version: '2.2.10']
Resolved plugin [id: 'com.google.dagger.hilt.android', version: '2.59.2']
Resolved plugin [id: 'com.google.devtools.ksp', version: '2.2.10-2.0.2']
Using default execution profile
Detected Android Gradle Plugin compose compiler configuration
Detected Android Gradle Plugin compose compiler configuration
Detected Android Gradle Plugin compose compiler configuration
Detected Android Gradle Plugin compose compiler configuration

> Configure project :feature:feature-ml
Evaluating project ':feature:feature-ml' using build file 'C:\Users\iamas\Desktop\Code-Base\Al-HissN\feature\feature-ml\build.gradle.kts'.
Resolved plugin [id: 'com.android.library', version: '9.2.1']
Resolved plugin [id: 'com.google.dagger.hilt.android', version: '2.59.2']
Resolved plugin [id: 'com.google.devtools.ksp', version: '2.2.10-2.0.2']
Using default execution profile

> Configure project :feature:feature-network
Evaluating project ':feature:feature-network' using build file 'C:\Users\iamas\Desktop\Code-Base\Al-HissN\feature\feature-network\build.gradle.kts'.
Resolved plugin [id: 'com.android.library', version: '9.2.1']
Resolved plugin [id: 'org.jetbrains.kotlin.plugin.compose', version: '2.2.10']
Resolved plugin [id: 'com.google.dagger.hilt.android', version: '2.59.2']
Resolved plugin [id: 'com.google.devtools.ksp', version: '2.2.10-2.0.2']
Using default execution profile
Detected Android Gradle Plugin compose compiler configuration
Detected Android Gradle Plugin compose compiler configuration
Detected Android Gradle Plugin compose compiler configuration
Detected Android Gradle Plugin compose compiler configuration

> Configure project :feature:feature-optimizer
Evaluating project ':feature:feature-optimizer' using build file 'C:\Users\iamas\Desktop\Code-Base\Al-HissN\feature\feature-optimizer\build.gradle.kts'.
Resolved plugin [id: 'com.android.library', version: '9.2.1']
Resolved plugin [id: 'org.jetbrains.kotlin.plugin.compose', version: '2.2.10']
Resolved plugin [id: 'com.google.dagger.hilt.android', version: '2.59.2']
Resolved plugin [id: 'com.google.devtools.ksp', version: '2.2.10-2.0.2']
Using default execution profile
Detected Android Gradle Plugin compose compiler configuration
Detected Android Gradle Plugin compose compiler configuration
Detected Android Gradle Plugin compose compiler configuration
Detected Android Gradle Plugin compose compiler configuration

> Configure project :feature:feature-profile
Evaluating project ':feature:feature-profile' using build file 'C:\Users\iamas\Desktop\Code-Base\Al-HissN\feature\feature-profile\build.gradle.kts'.
Resolved plugin [id: 'com.android.library', version: '9.2.1']
Resolved plugin [id: 'org.jetbrains.kotlin.plugin.compose', version: '2.2.10']
Resolved plugin [id: 'com.google.dagger.hilt.android', version: '2.59.2']
Resolved plugin [id: 'com.google.devtools.ksp', version: '2.2.10-2.0.2']
Using default execution profile
Detected Android Gradle Plugin compose compiler configuration
Detected Android Gradle Plugin compose compiler configuration
Detected Android Gradle Plugin compose compiler configuration
Detected Android Gradle Plugin compose compiler configuration

> Configure project :feature:feature-scanner
Evaluating project ':feature:feature-scanner' using build file 'C:\Users\iamas\Desktop\Code-Base\Al-HissN\feature\feature-scanner\build.gradle.kts'.
Resolved plugin [id: 'com.android.library', version: '9.2.1']
Resolved plugin [id: 'org.jetbrains.kotlin.plugin.compose', version: '2.2.10']
Resolved plugin [id: 'com.google.dagger.hilt.android', version: '2.59.2']
Resolved plugin [id: 'com.google.devtools.ksp', version: '2.2.10-2.0.2']
Using default execution profile
Detected Android Gradle Plugin compose compiler configuration
Detected Android Gradle Plugin compose compiler configuration
Detected Android Gradle Plugin compose compiler configuration
Detected Android Gradle Plugin compose compiler configuration

> Configure project :feature:feature-storage
Evaluating project ':feature:feature-storage' using build file 'C:\Users\iamas\Desktop\Code-Base\Al-HissN\feature\feature-storage\build.gradle.kts'.
Resolved plugin [id: 'com.android.library', version: '9.2.1']
Resolved plugin [id: 'org.jetbrains.kotlin.plugin.compose', version: '2.2.10']
Resolved plugin [id: 'com.google.dagger.hilt.android', version: '2.59.2']
Resolved plugin [id: 'com.google.devtools.ksp', version: '2.2.10-2.0.2']
Using default execution profile
Detected Android Gradle Plugin compose compiler configuration
Detected Android Gradle Plugin compose compiler configuration
Detected Android Gradle Plugin compose compiler configuration
Detected Android Gradle Plugin compose compiler configuration

> Configure project :feature:feature-streak
Evaluating project ':feature:feature-streak' using build file 'C:\Users\iamas\Desktop\Code-Base\Al-HissN\feature\feature-streak\build.gradle.kts'.
Resolved plugin [id: 'com.android.library', version: '9.2.1']
Resolved plugin [id: 'org.jetbrains.kotlin.plugin.compose', version: '2.2.10']
Resolved plugin [id: 'com.google.dagger.hilt.android', version: '2.59.2']
Resolved plugin [id: 'com.google.devtools.ksp', version: '2.2.10-2.0.2']
Using default execution profile
Detected Android Gradle Plugin compose compiler configuration
Detected Android Gradle Plugin compose compiler configuration
Detected Android Gradle Plugin compose compiler configuration
Detected Android Gradle Plugin compose compiler configuration

> Configure project :feature:feature-sync
Evaluating project ':feature:feature-sync' using build file 'C:\Users\iamas\Desktop\Code-Base\Al-HissN\feature\feature-sync\build.gradle.kts'.
Resolved plugin [id: 'com.android.library', version: '9.2.1']
Resolved plugin [id: 'org.jetbrains.kotlin.plugin.compose', version: '2.2.10']
Resolved plugin [id: 'com.google.dagger.hilt.android', version: '2.59.2']
Resolved plugin [id: 'com.google.devtools.ksp', version: '2.2.10-2.0.2']
Using default execution profile
Detected Android Gradle Plugin compose compiler configuration
Detected Android Gradle Plugin compose compiler configuration
Detected Android Gradle Plugin compose compiler configuration
Detected Android Gradle Plugin compose compiler configuration

> Configure project :feature:feature-tracker
Evaluating project ':feature:feature-tracker' using build file 'C:\Users\iamas\Desktop\Code-Base\Al-HissN\feature\feature-tracker\build.gradle.kts'.
Resolved plugin [id: 'com.android.library', version: '9.2.1']
Resolved plugin [id: 'org.jetbrains.kotlin.plugin.compose', version: '2.2.10']
Resolved plugin [id: 'com.google.dagger.hilt.android', version: '2.59.2']
Resolved plugin [id: 'com.google.devtools.ksp', version: '2.2.10-2.0.2']
Using default execution profile
Detected Android Gradle Plugin compose compiler configuration
Detected Android Gradle Plugin compose compiler configuration
Detected Android Gradle Plugin compose compiler configuration
Detected Android Gradle Plugin compose compiler configuration
All projects evaluated.
Task name matched 'assembleDebug'
Selected primary task 'assembleDebug' from project :
Adding -Xuse-inline-scopes-numbers Kotlin compiler flag for task :app:compileDebugKotlin
Tasks to be executed: [task ':app:preBuild', task ':app:preDebugBuild', task ':app:mergeDebugNativeDebugMetadata', task ':app:generateDebugResources', task ':app:packageDebugResources', task ':core:core-common:preBuild', task ':core:core-common:preDebugBuild', task ':core:core-common:processDebugNavigationResources', task ':core:core-data:preBuild', task ':core:core-data:preDebugBuild', task ':core:core-data:processDebugNavigationResources', task ':core:core-domain:preBuild', task ':core:core-domain:preDebugBuild', task ':core:core-domain:processDebugNavigationResources', task ':core:core-ui:preBuild', task ':core:core-ui:preDebugBuild', task ':core:core-ui:processDebugNavigationResources', task ':feature:feature-accessibility:preBuild', task ':feature:feature-accessibility:preDebugBuild', task ':feature:feature-accessibility:processDebugNavigationResources', task ':feature:feature-focus:preBuild', task ':feature:feature-focus:preDebugBuild', task ':feature:feature-focus:processDebugNavigationResources', task ':feature:feature-keyboard:preBuild', task ':feature:feature-keyboard:preDebugBuild', task ':feature:feature-keyboard:processDebugNavigationResources', task ':feature:feature-ml:preBuild', task ':feature:feature-ml:preDebugBuild', task ':feature:feature-ml:processDebugNavigationResources', task ':feature:feature-network:preBuild', task ':feature:feature-network:preDebugBuild', task ':feature:feature-network:processDebugNavigationResources', task ':feature:feature-optimizer:preBuild', task ':feature:feature-optimizer:preDebugBuild', task ':feature:feature-optimizer:processDebugNavigationResources', task ':feature:feature-profile:preBuild', task ':feature:feature-profile:preDebugBuild', task ':feature:feature-profile:processDebugNavigationResources', task ':feature:feature-scanner:preBuild', task ':feature:feature-scanner:preDebugBuild', task ':feature:feature-scanner:processDebugNavigationResources', task ':feature:feature-storage:preBuild', task ':feature:feature-storage:preDebugBuild', task ':feature:feature-storage:processDebugNavigationResources', task ':feature:feature-streak:preBuild', task ':feature:feature-streak:preDebugBuild', task ':feature:feature-streak:processDebugNavigationResources', task ':feature:feature-sync:preBuild', task ':feature:feature-sync:preDebugBuild', task ':feature:feature-sync:processDebugNavigationResources', task ':feature:feature-tracker:preBuild', task ':feature:feature-tracker:preDebugBuild', task ':feature:feature-tracker:processDebugNavigationResources', task ':app:processDebugNavigationResources', task ':app:parseDebugLocalResources', task ':app:generateDebugRFile', task ':core:core-common:generateDebugResources', task ':core:core-common:packageDebugResources', task ':core:core-common:parseDebugLocalResources', task ':core:core-common:generateDebugRFile', task ':core:core-common:compileDebugKotlin', task ':core:core-common:javaPreCompileDebug', task ':core:core-common:compileDebugJavaWithJavac', task ':core:core-common:bundleLibCompileToJarDebug', task ':core:core-data:generateDebugResources', task ':core:core-data:packageDebugResources', task ':core:core-data:parseDebugLocalResources', task ':core:core-data:generateDebugRFile', task ':core:core-common:bundleLibRuntimeToJarDebug', task ':core:core-domain:generateDebugResources', task ':core:core-domain:packageDebugResources', task ':core:core-domain:parseDebugLocalResources', task ':core:core-domain:generateDebugRFile', task ':core:core-domain:compileDebugKotlin', task ':core:core-domain:javaPreCompileDebug', task ':core:core-domain:compileDebugJavaWithJavac', task ':core:core-domain:bundleLibCompileToJarDebug', task ':core:core-data:kspDebugKotlin', task ':core:core-data:compileDebugKotlin', task ':core:core-data:javaPreCompileDebug', task ':core:core-data:compileDebugJavaWithJavac', task ':core:core-domain:bundleLibRuntimeToJarDebug', task ':core:core-data:transformDebugClassesWithAsm', task ':core:core-data:bundleLibCompileToJarDebug', task ':core:core-ui:generateDebugResources', task ':core:core-ui:packageDebugResources', task ':core:core-ui:parseDebugLocalResources', task ':core:core-ui:generateDebugRFile', task ':core:core-ui:kspDebugKotlin', task ':core:core-ui:compileDebugKotlin', task ':core:core-ui:javaPreCompileDebug', task ':core:core-ui:compileDebugJavaWithJavac', task ':core:core-ui:transformDebugClassesWithAsm', task ':core:core-ui:bundleLibCompileToJarDebug', task ':feature:feature-accessibility:generateDebugResources', task ':feature:feature-accessibility:packageDebugResources', task ':feature:feature-accessibility:parseDebugLocalResources', task ':feature:feature-accessibility:generateDebugRFile', task ':core:core-data:bundleLibRuntimeToJarDebug', task ':core:core-ui:bundleLibRuntimeToJarDebug', task ':feature:feature-ml:generateDebugResources', task ':feature:feature-ml:packageDebugResources', task ':feature:feature-ml:parseDebugLocalResources', task ':feature:feature-ml:generateDebugRFile', task ':feature:feature-ml:kspDebugKotlin', task ':feature:feature-ml:compileDebugKotlin', task ':feature:feature-ml:javaPreCompileDebug', task ':feature:feature-ml:compileDebugJavaWithJavac', task ':feature:feature-ml:transformDebugClassesWithAsm', task ':feature:feature-ml:bundleLibCompileToJarDebug', task ':feature:feature-accessibility:kspDebugKotlin', task ':feature:feature-accessibility:compileDebugKotlin', task ':feature:feature-accessibility:javaPreCompileDebug', task ':feature:feature-accessibility:compileDebugJavaWithJavac', task ':feature:feature-ml:bundleLibRuntimeToJarDebug', task ':feature:feature-accessibility:transformDebugClassesWithAsm', task ':feature:feature-accessibility:bundleLibCompileToJarDebug', task ':feature:feature-focus:generateDebugResources', task ':feature:feature-focus:packageDebugResources', task ':feature:feature-focus:parseDebugLocalResources', task ':feature:feature-focus:generateDebugRFile', task ':feature:feature-focus:kspDebugKotlin', task ':feature:feature-focus:compileDebugKotlin', task ':feature:feature-focus:javaPreCompileDebug', task ':feature:feature-focus:compileDebugJavaWithJavac', task ':feature:feature-focus:transformDebugClassesWithAsm', task ':feature:feature-focus:bundleLibCompileToJarDebug', task ':feature:feature-keyboard:generateDebugResources', task ':feature:feature-keyboard:packageDebugResources', task ':feature:feature-keyboard:parseDebugLocalResources', task ':feature:feature-keyboard:generateDebugRFile', task ':feature:feature-keyboard:kspDebugKotlin', task ':feature:feature-keyboard:compileDebugKotlin', task ':feature:feature-keyboard:javaPreCompileDebug', task ':feature:feature-keyboard:compileDebugJavaWithJavac', task ':feature:feature-keyboard:transformDebugClassesWithAsm', task ':feature:feature-keyboard:bundleLibCompileToJarDebug', task ':feature:feature-network:generateDebugResources', task ':feature:feature-network:packageDebugResources', task ':feature:feature-network:parseDebugLocalResources', task ':feature:feature-network:generateDebugRFile', task ':feature:feature-network:kspDebugKotlin', task ':feature:feature-network:compileDebugKotlin', task ':feature:feature-network:javaPreCompileDebug', task ':feature:feature-network:compileDebugJavaWithJavac', task ':feature:feature-network:transformDebugClassesWithAsm', task ':feature:feature-network:bundleLibCompileToJarDebug', task ':feature:feature-optimizer:generateDebugResources', task ':feature:feature-optimizer:packageDebugResources', task ':feature:feature-optimizer:parseDebugLocalResources', task ':feature:feature-optimizer:generateDebugRFile', task ':feature:feature-accessibility:bundleLibRuntimeToJarDebug', task ':feature:feature-optimizer:kspDebugKotlin', task ':feature:feature-optimizer:compileDebugKotlin', task ':feature:feature-optimizer:javaPreCompileDebug', task ':feature:feature-optimizer:compileDebugJavaWithJavac', task ':feature:feature-optimizer:transformDebugClassesWithAsm', task ':feature:feature-optimizer:bundleLibCompileToJarDebug', task ':feature:feature-profile:generateDebugResources', task ':feature:feature-profile:packageDebugResources', task ':feature:feature-profile:parseDebugLocalResources', task ':feature:feature-profile:generateDebugRFile', task ':feature:feature-profile:kspDebugKotlin', task ':feature:feature-profile:compileDebugKotlin', task ':feature:feature-profile:javaPreCompileDebug', task ':feature:feature-profile:compileDebugJavaWithJavac', task ':feature:feature-profile:transformDebugClassesWithAsm', task ':feature:feature-profile:bundleLibCompileToJarDebug', task ':feature:feature-scanner:generateDebugResources', task ':feature:feature-scanner:packageDebugResources', task ':feature:feature-scanner:parseDebugLocalResources', task ':feature:feature-scanner:generateDebugRFile', task ':feature:feature-scanner:kspDebugKotlin', task ':feature:feature-scanner:compileDebugKotlin', task ':feature:feature-scanner:javaPreCompileDebug', task ':feature:feature-scanner:compileDebugJavaWithJavac', task ':feature:feature-scanner:transformDebugClassesWithAsm', task ':feature:feature-scanner:bundleLibCompileToJarDebug', task ':feature:feature-storage:generateDebugResources', task ':feature:feature-storage:packageDebugResources', task ':feature:feature-storage:parseDebugLocalResources', task ':feature:feature-storage:generateDebugRFile', task ':feature:feature-storage:kspDebugKotlin', task ':feature:feature-storage:compileDebugKotlin', task ':feature:feature-storage:javaPreCompileDebug', task ':feature:feature-storage:compileDebugJavaWithJavac', task ':feature:feature-storage:transformDebugClassesWithAsm', task ':feature:feature-storage:bundleLibCompileToJarDebug', task ':feature:feature-streak:generateDebugResources', task ':feature:feature-streak:packageDebugResources', task ':feature:feature-streak:parseDebugLocalResources', task ':feature:feature-streak:generateDebugRFile', task ':feature:feature-streak:kspDebugKotlin', task ':feature:feature-streak:compileDebugKotlin', task ':feature:feature-streak:javaPreCompileDebug', task ':feature:feature-streak:compileDebugJavaWithJavac', task ':feature:feature-streak:transformDebugClassesWithAsm', task ':feature:feature-streak:bundleLibCompileToJarDebug', task ':feature:feature-sync:generateDebugResources', task ':feature:feature-sync:packageDebugResources', task ':feature:feature-sync:parseDebugLocalResources', task ':feature:feature-sync:generateDebugRFile', task ':feature:feature-sync:kspDebugKotlin', task ':feature:feature-sync:compileDebugKotlin', task ':feature:feature-sync:javaPreCompileDebug', task ':feature:feature-sync:compileDebugJavaWithJavac', task ':feature:feature-sync:transformDebugClassesWithAsm', task ':feature:feature-sync:bundleLibCompileToJarDebug', task ':feature:feature-tracker:generateDebugResources', task ':feature:feature-tracker:packageDebugResources', task ':feature:feature-tracker:parseDebugLocalResources', task ':feature:feature-tracker:generateDebugRFile', task ':feature:feature-tracker:kspDebugKotlin', task ':feature:feature-tracker:compileDebugKotlin', task ':feature:feature-tracker:javaPreCompileDebug', task ':feature:feature-tracker:compileDebugJavaWithJavac', task ':feature:feature-tracker:transformDebugClassesWithAsm', task ':feature:feature-tracker:bundleLibCompileToJarDebug', task ':app:kspDebugKotlin', task ':app:compileDebugKotlin', task ':app:javaPreCompileDebug', task ':app:compileDebugJavaWithJavac', task ':app:generateDebugAssets', task ':core:core-common:generateDebugAssets', task ':core:core-common:mergeDebugAssets', task ':core:core-data:generateDebugAssets', task ':core:core-data:mergeDebugAssets', task ':core:core-domain:generateDebugAssets', task ':core:core-domain:mergeDebugAssets', task ':core:core-ui:generateDebugAssets', task ':core:core-ui:mergeDebugAssets', task ':feature:feature-accessibility:generateDebugAssets', task ':feature:feature-accessibility:mergeDebugAssets', task ':feature:feature-focus:generateDebugAssets', task ':feature:feature-focus:mergeDebugAssets', task ':feature:feature-keyboard:generateDebugAssets', task ':feature:feature-keyboard:mergeDebugAssets', task ':feature:feature-ml:generateDebugAssets', task ':feature:feature-ml:mergeDebugAssets', task ':feature:feature-network:generateDebugAssets', task ':feature:feature-network:mergeDebugAssets', task ':feature:feature-optimizer:generateDebugAssets', task ':feature:feature-optimizer:mergeDebugAssets', task ':feature:feature-profile:generateDebugAssets', task ':feature:feature-profile:mergeDebugAssets', task ':feature:feature-scanner:generateDebugAssets', task ':feature:feature-scanner:mergeDebugAssets', task ':feature:feature-storage:generateDebugAssets', task ':feature:feature-storage:mergeDebugAssets', task ':feature:feature-streak:generateDebugAssets', task ':feature:feature-streak:mergeDebugAssets', task ':feature:feature-sync:generateDebugAssets', task ':feature:feature-sync:mergeDebugAssets', task ':feature:feature-tracker:generateDebugAssets', task ':feature:feature-tracker:mergeDebugAssets', task ':app:mergeDebugAssets', task ':app:compressDebugAssets', task ':app:generateDebugGlobalSynthetics', task ':app:processDebugJavaRes', task ':core:core-common:processDebugJavaRes', task ':core:core-data:processDebugJavaRes', task ':core:core-domain:processDebugJavaRes', task ':core:core-ui:processDebugJavaRes', task ':feature:feature-accessibility:processDebugJavaRes', task ':feature:feature-focus:processDebugJavaRes', task ':feature:feature-keyboard:processDebugJavaRes', task ':feature:feature-ml:processDebugJavaRes', task ':feature:feature-network:processDebugJavaRes', task ':feature:feature-optimizer:processDebugJavaRes', task ':feature:feature-profile:processDebugJavaRes', task ':feature:feature-scanner:processDebugJavaRes', task ':feature:feature-storage:processDebugJavaRes', task ':feature:feature-streak:processDebugJavaRes', task ':feature:feature-sync:processDebugJavaRes', task ':feature:feature-tracker:processDebugJavaRes', task ':app:mergeDebugJavaResource', task ':app:checkDebugDuplicateClasses', task ':app:desugarDebugFileDependencies', task ':app:mergeExtDexDebug', task ':feature:feature-network:bundleLibRuntimeToDirDebug', task ':feature:feature-scanner:bundleLibRuntimeToDirDebug', task ':feature:feature-optimizer:bundleLibRuntimeToDirDebug', task ':feature:feature-accessibility:bundleLibRuntimeToDirDebug', task ':feature:feature-profile:bundleLibRuntimeToDirDebug', task ':feature:feature-storage:bundleLibRuntimeToDirDebug', task ':feature:feature-sync:bundleLibRuntimeToDirDebug', task ':core:core-data:bundleLibRuntimeToDirDebug', task ':feature:feature-keyboard:bundleLibRuntimeToDirDebug', task ':feature:feature-tracker:bundleLibRuntimeToDirDebug', task ':feature:feature-focus:bundleLibRuntimeToDirDebug', task ':feature:feature-streak:bundleLibRuntimeToDirDebug', task ':core:core-ui:bundleLibRuntimeToDirDebug', task ':core:core-domain:bundleLibRuntimeToDirDebug', task ':feature:feature-ml:bundleLibRuntimeToDirDebug', task ':core:core-common:bundleLibRuntimeToDirDebug', task ':app:mergeLibDexDebug', task ':feature:feature-network:bundleLibRuntimeToJarDebug', task ':feature:feature-scanner:bundleLibRuntimeToJarDebug', task ':feature:feature-optimizer:bundleLibRuntimeToJarDebug', task ':feature:feature-profile:bundleLibRuntimeToJarDebug', task ':feature:feature-storage:bundleLibRuntimeToJarDebug', task ':feature:feature-sync:bundleLibRuntimeToJarDebug', task ':feature:feature-keyboard:bundleLibRuntimeToJarDebug', task ':feature:feature-tracker:bundleLibRuntimeToJarDebug', task ':feature:feature-focus:bundleLibRuntimeToJarDebug', task ':feature:feature-streak:bundleLibRuntimeToJarDebug', task ':app:hiltSyncDebug', task ':app:hiltAggregateDepsDebug', task ':app:hiltJavaCompileDebug', task ':core:core-common:writeDebugAarMetadata', task ':core:core-data:writeDebugAarMetadata', task ':core:core-domain:writeDebugAarMetadata', task ':core:core-ui:writeDebugAarMetadata', task ':feature:feature-accessibility:writeDebugAarMetadata', task ':feature:feature-focus:writeDebugAarMetadata', task ':feature:feature-keyboard:writeDebugAarMetadata', task ':feature:feature-ml:writeDebugAarMetadata', task ':feature:feature-network:writeDebugAarMetadata', task ':feature:feature-optimizer:writeDebugAarMetadata', task ':feature:feature-profile:writeDebugAarMetadata', task ':feature:feature-scanner:writeDebugAarMetadata', task ':feature:feature-storage:writeDebugAarMetadata', task ':feature:feature-streak:writeDebugAarMetadata', task ':feature:feature-sync:writeDebugAarMetadata', task ':feature:feature-tracker:writeDebugAarMetadata', task ':app:checkDebugAarMetadata', task ':app:mapDebugSourceSetPaths', task ':app:compileDebugNavigationResources', task ':app:mergeDebugResources', task ':app:createDebugCompatibleScreenManifests', task ':app:extractDeepLinksDebug', task ':core:core-common:extractDeepLinksDebug', task ':core:core-common:processDebugManifest', task ':core:core-data:extractDeepLinksDebug', task ':core:core-data:processDebugManifest', task ':core:core-domain:extractDeepLinksDebug', task ':core:core-domain:processDebugManifest', task ':core:core-ui:extractDeepLinksDebug', task ':core:core-ui:processDebugManifest', task ':feature:feature-accessibility:extractDeepLinksDebug', task ':feature:feature-accessibility:processDebugManifest', task ':feature:feature-focus:extractDeepLinksDebug', task ':feature:feature-focus:processDebugManifest', task ':feature:feature-keyboard:extractDeepLinksDebug', task ':feature:feature-keyboard:processDebugManifest', task ':feature:feature-ml:extractDeepLinksDebug', task ':feature:feature-ml:processDebugManifest', task ':feature:feature-network:extractDeepLinksDebug', task ':feature:feature-network:processDebugManifest', task ':feature:feature-optimizer:extractDeepLinksDebug', task ':feature:feature-optimizer:processDebugManifest', task ':feature:feature-profile:extractDeepLinksDebug', task ':feature:feature-profile:processDebugManifest', task ':feature:feature-scanner:extractDeepLinksDebug', task ':feature:feature-scanner:processDebugManifest', task ':feature:feature-storage:extractDeepLinksDebug', task ':feature:feature-storage:processDebugManifest', task ':feature:feature-streak:extractDeepLinksDebug', task ':feature:feature-streak:processDebugManifest', task ':feature:feature-sync:extractDeepLinksDebug', task ':feature:feature-sync:processDebugManifest', task ':feature:feature-tracker:extractDeepLinksDebug', task ':feature:feature-tracker:processDebugManifest', task ':app:processDebugMainManifest', task ':app:processDebugManifest', task ':app:processDebugManifestForPackage', task ':core:core-common:mapDebugSourceSetPaths', task ':core:core-common:compileDebugLibraryResources', task ':core:core-data:mapDebugSourceSetPaths', task ':core:core-data:compileDebugLibraryResources', task ':core:core-domain:mapDebugSourceSetPaths', task ':core:core-domain:compileDebugLibraryResources', task ':core:core-ui:mapDebugSourceSetPaths', task ':core:core-ui:compileDebugLibraryResources', task ':feature:feature-accessibility:mapDebugSourceSetPaths', task ':feature:feature-accessibility:compileDebugLibraryResources', task ':feature:feature-focus:mapDebugSourceSetPaths', task ':feature:feature-focus:compileDebugLibraryResources', task ':feature:feature-keyboard:mapDebugSourceSetPaths', task ':feature:feature-keyboard:compileDebugLibraryResources', task ':feature:feature-ml:mapDebugSourceSetPaths', task ':feature:feature-ml:compileDebugLibraryResources', task ':feature:feature-network:mapDebugSourceSetPaths', task ':feature:feature-network:compileDebugLibraryResources', task ':feature:feature-optimizer:mapDebugSourceSetPaths', task ':feature:feature-optimizer:compileDebugLibraryResources', task ':feature:feature-profile:mapDebugSourceSetPaths', task ':feature:feature-profile:compileDebugLibraryResources', task ':feature:feature-scanner:mapDebugSourceSetPaths', task ':feature:feature-scanner:compileDebugLibraryResources', task ':feature:feature-storage:mapDebugSourceSetPaths', task ':feature:feature-storage:compileDebugLibraryResources', task ':feature:feature-streak:mapDebugSourceSetPaths', task ':feature:feature-streak:compileDebugLibraryResources', task ':feature:feature-sync:mapDebugSourceSetPaths', task ':feature:feature-sync:compileDebugLibraryResources', task ':feature:feature-tracker:mapDebugSourceSetPaths', task ':feature:feature-tracker:compileDebugLibraryResources', task ':app:processDebugResources', task ':app:transformDebugClassesWithAsm', task ':app:dexBuilderDebug', task ':app:mergeProjectDexDebug', task ':app:mergeDebugJniLibFolders', task ':core:core-common:mergeDebugJniLibFolders', task ':core:core-common:mergeDebugNativeLibs', task ':core:core-common:copyDebugJniLibsProjectOnly', task ':core:core-data:mergeDebugJniLibFolders', task ':core:core-data:mergeDebugNativeLibs', task ':core:core-data:copyDebugJniLibsProjectOnly', task ':core:core-domain:mergeDebugJniLibFolders', task ':core:core-domain:mergeDebugNativeLibs', task ':core:core-domain:copyDebugJniLibsProjectOnly', task ':core:core-ui:mergeDebugJniLibFolders', task ':core:core-ui:mergeDebugNativeLibs', task ':core:core-ui:copyDebugJniLibsProjectOnly', task ':feature:feature-accessibility:mergeDebugJniLibFolders', task ':feature:feature-accessibility:mergeDebugNativeLibs', task ':feature:feature-accessibility:copyDebugJniLibsProjectOnly', task ':feature:feature-focus:mergeDebugJniLibFolders', task ':feature:feature-focus:mergeDebugNativeLibs', task ':feature:feature-focus:copyDebugJniLibsProjectOnly', task ':feature:feature-keyboard:mergeDebugJniLibFolders', task ':feature:feature-keyboard:mergeDebugNativeLibs', task ':feature:feature-keyboard:copyDebugJniLibsProjectOnly', task ':feature:feature-ml:mergeDebugJniLibFolders', task ':feature:feature-ml:mergeDebugNativeLibs', task ':feature:feature-ml:copyDebugJniLibsProjectOnly', task ':feature:feature-network:mergeDebugJniLibFolders', task ':feature:feature-network:mergeDebugNativeLibs', task ':feature:feature-network:copyDebugJniLibsProjectOnly', task ':feature:feature-optimizer:mergeDebugJniLibFolders', task ':feature:feature-optimizer:mergeDebugNativeLibs', task ':feature:feature-optimizer:copyDebugJniLibsProjectOnly', task ':feature:feature-profile:mergeDebugJniLibFolders', task ':feature:feature-profile:mergeDebugNativeLibs', task ':feature:feature-profile:copyDebugJniLibsProjectOnly', task ':feature:feature-scanner:mergeDebugJniLibFolders', task ':feature:feature-scanner:mergeDebugNativeLibs', task ':feature:feature-scanner:copyDebugJniLibsProjectOnly', task ':feature:feature-storage:mergeDebugJniLibFolders', task ':feature:feature-storage:mergeDebugNativeLibs', task ':feature:feature-storage:copyDebugJniLibsProjectOnly', task ':feature:feature-streak:mergeDebugJniLibFolders', task ':feature:feature-streak:mergeDebugNativeLibs', task ':feature:feature-streak:copyDebugJniLibsProjectOnly', task ':feature:feature-sync:mergeDebugJniLibFolders', task ':feature:feature-sync:mergeDebugNativeLibs', task ':feature:feature-sync:copyDebugJniLibsProjectOnly', task ':feature:feature-tracker:mergeDebugJniLibFolders', task ':feature:feature-tracker:mergeDebugNativeLibs', task ':feature:feature-tracker:copyDebugJniLibsProjectOnly', task ':app:mergeDebugNativeLibs', task ':app:stripDebugDebugSymbols', task ':app:validateSigningDebug', task ':app:writeDebugAppMetadata', task ':app:writeDebugSigningConfigVersions', task ':app:packageDebug', task ':app:createDebugApkListingFileRedirect', task ':app:assembleDebug', task ':core:core-common:checkDebugAarMetadata', task ':core:core-common:stripDebugDebugSymbols', task ':core:core-common:copyDebugJniLibsProjectAndLocalJars', task ':core:core-common:extractDebugAnnotations', task ':core:core-common:extractDeepLinksForAarDebug', task ':core:core-common:mergeDebugGeneratedProguardFiles', task ':core:core-common:mergeDebugConsumerProguardFiles', task ':core:core-common:prepareDebugArtProfile', task ':core:core-common:prepareLintJarForPublish', task ':core:core-common:mergeDebugJavaResource', task ':core:core-common:syncDebugLibJars', task ':core:core-common:bundleDebugAar', task ':core:core-common:assembleDebug', task ':core:core-data:checkDebugAarMetadata', task ':core:core-data:stripDebugDebugSymbols', task ':core:core-data:copyDebugJniLibsProjectAndLocalJars', task ':core:core-data:extractDebugAnnotations', task ':core:core-data:extractDeepLinksForAarDebug', task ':core:core-data:mergeDebugGeneratedProguardFiles', task ':core:core-data:mergeDebugConsumerProguardFiles', task ':core:core-data:prepareDebugArtProfile', task ':core:core-data:prepareLintJarForPublish', task ':core:core-data:mergeDebugJavaResource', task ':core:core-data:syncDebugLibJars', task ':core:core-data:bundleDebugAar', task ':core:core-data:assembleDebug', task ':core:core-domain:checkDebugAarMetadata', task ':core:core-domain:stripDebugDebugSymbols', task ':core:core-domain:copyDebugJniLibsProjectAndLocalJars', task ':core:core-domain:extractDebugAnnotations', task ':core:core-domain:extractDeepLinksForAarDebug', task ':core:core-domain:mergeDebugGeneratedProguardFiles', task ':core:core-domain:mergeDebugConsumerProguardFiles', task ':core:core-domain:prepareDebugArtProfile', task ':core:core-domain:prepareLintJarForPublish', task ':core:core-domain:mergeDebugJavaResource', task ':core:core-domain:syncDebugLibJars', task ':core:core-domain:bundleDebugAar', task ':core:core-domain:assembleDebug', task ':core:core-ui:checkDebugAarMetadata', task ':core:core-ui:stripDebugDebugSymbols', task ':core:core-ui:copyDebugJniLibsProjectAndLocalJars', task ':core:core-ui:extractDebugAnnotations', task ':core:core-ui:extractDeepLinksForAarDebug', task ':core:core-ui:mergeDebugGeneratedProguardFiles', task ':core:core-ui:mergeDebugConsumerProguardFiles', task ':core:core-ui:prepareDebugArtProfile', task ':core:core-ui:prepareLintJarForPublish', task ':core:core-ui:mergeDebugJavaResource', task ':core:core-ui:syncDebugLibJars', task ':core:core-ui:bundleDebugAar', task ':core:core-ui:assembleDebug', task ':feature:feature-accessibility:checkDebugAarMetadata', task ':feature:feature-accessibility:stripDebugDebugSymbols', task ':feature:feature-accessibility:copyDebugJniLibsProjectAndLocalJars', task ':feature:feature-accessibility:extractDebugAnnotations', task ':feature:feature-accessibility:extractDeepLinksForAarDebug', task ':feature:feature-accessibility:mergeDebugGeneratedProguardFiles', task ':feature:feature-accessibility:mergeDebugConsumerProguardFiles', task ':feature:feature-accessibility:prepareDebugArtProfile', task ':feature:feature-accessibility:prepareLintJarForPublish', task ':feature:feature-accessibility:mergeDebugJavaResource', task ':feature:feature-accessibility:syncDebugLibJars', task ':feature:feature-accessibility:bundleDebugAar', task ':feature:feature-accessibility:assembleDebug', task ':feature:feature-focus:checkDebugAarMetadata', task ':feature:feature-focus:stripDebugDebugSymbols', task ':feature:feature-focus:copyDebugJniLibsProjectAndLocalJars', task ':feature:feature-focus:extractDebugAnnotations', task ':feature:feature-focus:extractDeepLinksForAarDebug', task ':feature:feature-focus:mergeDebugGeneratedProguardFiles', task ':feature:feature-focus:mergeDebugConsumerProguardFiles', task ':feature:feature-focus:prepareDebugArtProfile', task ':feature:feature-focus:prepareLintJarForPublish', task ':feature:feature-focus:mergeDebugJavaResource', task ':feature:feature-focus:syncDebugLibJars', task ':feature:feature-focus:bundleDebugAar', task ':feature:feature-focus:assembleDebug', task ':feature:feature-keyboard:checkDebugAarMetadata', task ':feature:feature-keyboard:stripDebugDebugSymbols', task ':feature:feature-keyboard:copyDebugJniLibsProjectAndLocalJars', task ':feature:feature-keyboard:extractDebugAnnotations', task ':feature:feature-keyboard:extractDeepLinksForAarDebug', task ':feature:feature-keyboard:mergeDebugGeneratedProguardFiles', task ':feature:feature-keyboard:mergeDebugConsumerProguardFiles', task ':feature:feature-keyboard:prepareDebugArtProfile', task ':feature:feature-keyboard:prepareLintJarForPublish', task ':feature:feature-keyboard:mergeDebugJavaResource', task ':feature:feature-keyboard:syncDebugLibJars', task ':feature:feature-keyboard:bundleDebugAar', task ':feature:feature-keyboard:assembleDebug', task ':feature:feature-ml:checkDebugAarMetadata', task ':feature:feature-ml:stripDebugDebugSymbols', task ':feature:feature-ml:copyDebugJniLibsProjectAndLocalJars', task ':feature:feature-ml:extractDebugAnnotations', task ':feature:feature-ml:extractDeepLinksForAarDebug', task ':feature:feature-ml:mergeDebugGeneratedProguardFiles', task ':feature:feature-ml:mergeDebugConsumerProguardFiles', task ':feature:feature-ml:prepareDebugArtProfile', task ':feature:feature-ml:prepareLintJarForPublish', task ':feature:feature-ml:mergeDebugJavaResource', task ':feature:feature-ml:syncDebugLibJars', task ':feature:feature-ml:bundleDebugAar', task ':feature:feature-ml:assembleDebug', task ':feature:feature-network:checkDebugAarMetadata', task ':feature:feature-network:stripDebugDebugSymbols', task ':feature:feature-network:copyDebugJniLibsProjectAndLocalJars', task ':feature:feature-network:extractDebugAnnotations', task ':feature:feature-network:extractDeepLinksForAarDebug', task ':feature:feature-network:mergeDebugGeneratedProguardFiles', task ':feature:feature-network:mergeDebugConsumerProguardFiles', task ':feature:feature-network:prepareDebugArtProfile', task ':feature:feature-network:prepareLintJarForPublish', task ':feature:feature-network:mergeDebugJavaResource', task ':feature:feature-network:syncDebugLibJars', task ':feature:feature-network:bundleDebugAar', task ':feature:feature-network:assembleDebug', task ':feature:feature-optimizer:checkDebugAarMetadata', task ':feature:feature-optimizer:stripDebugDebugSymbols', task ':feature:feature-optimizer:copyDebugJniLibsProjectAndLocalJars', task ':feature:feature-optimizer:extractDebugAnnotations', task ':feature:feature-optimizer:extractDeepLinksForAarDebug', task ':feature:feature-optimizer:mergeDebugGeneratedProguardFiles', task ':feature:feature-optimizer:mergeDebugConsumerProguardFiles', task ':feature:feature-optimizer:prepareDebugArtProfile', task ':feature:feature-optimizer:prepareLintJarForPublish', task ':feature:feature-optimizer:mergeDebugJavaResource', task ':feature:feature-optimizer:syncDebugLibJars', task ':feature:feature-optimizer:bundleDebugAar', task ':feature:feature-optimizer:assembleDebug', task ':feature:feature-profile:checkDebugAarMetadata', task ':feature:feature-profile:stripDebugDebugSymbols', task ':feature:feature-profile:copyDebugJniLibsProjectAndLocalJars', task ':feature:feature-profile:extractDebugAnnotations', task ':feature:feature-profile:extractDeepLinksForAarDebug', task ':feature:feature-profile:mergeDebugGeneratedProguardFiles', task ':feature:feature-profile:mergeDebugConsumerProguardFiles', task ':feature:feature-profile:prepareDebugArtProfile', task ':feature:feature-profile:prepareLintJarForPublish', task ':feature:feature-profile:mergeDebugJavaResource', task ':feature:feature-profile:syncDebugLibJars', task ':feature:feature-profile:bundleDebugAar', task ':feature:feature-profile:assembleDebug', task ':feature:feature-scanner:checkDebugAarMetadata', task ':feature:feature-scanner:stripDebugDebugSymbols', task ':feature:feature-scanner:copyDebugJniLibsProjectAndLocalJars', task ':feature:feature-scanner:extractDebugAnnotations', task ':feature:feature-scanner:extractDeepLinksForAarDebug', task ':feature:feature-scanner:mergeDebugGeneratedProguardFiles', task ':feature:feature-scanner:mergeDebugConsumerProguardFiles', task ':feature:feature-scanner:prepareDebugArtProfile', task ':feature:feature-scanner:prepareLintJarForPublish', task ':feature:feature-scanner:mergeDebugJavaResource', task ':feature:feature-scanner:syncDebugLibJars', task ':feature:feature-scanner:bundleDebugAar', task ':feature:feature-scanner:assembleDebug', task ':feature:feature-storage:checkDebugAarMetadata', task ':feature:feature-storage:stripDebugDebugSymbols', task ':feature:feature-storage:copyDebugJniLibsProjectAndLocalJars', task ':feature:feature-storage:extractDebugAnnotations', task ':feature:feature-storage:extractDeepLinksForAarDebug', task ':feature:feature-storage:mergeDebugGeneratedProguardFiles', task ':feature:feature-storage:mergeDebugConsumerProguardFiles', task ':feature:feature-storage:prepareDebugArtProfile', task ':feature:feature-storage:prepareLintJarForPublish', task ':feature:feature-storage:mergeDebugJavaResource', task ':feature:feature-storage:syncDebugLibJars', task ':feature:feature-storage:bundleDebugAar', task ':feature:feature-storage:assembleDebug', task ':feature:feature-streak:checkDebugAarMetadata', task ':feature:feature-streak:stripDebugDebugSymbols', task ':feature:feature-streak:copyDebugJniLibsProjectAndLocalJars', task ':feature:feature-streak:extractDebugAnnotations', task ':feature:feature-streak:extractDeepLinksForAarDebug', task ':feature:feature-streak:mergeDebugGeneratedProguardFiles', task ':feature:feature-streak:mergeDebugConsumerProguardFiles', task ':feature:feature-streak:prepareDebugArtProfile', task ':feature:feature-streak:prepareLintJarForPublish', task ':feature:feature-streak:mergeDebugJavaResource', task ':feature:feature-streak:syncDebugLibJars', task ':feature:feature-streak:bundleDebugAar', task ':feature:feature-streak:assembleDebug', task ':feature:feature-sync:checkDebugAarMetadata', task ':feature:feature-sync:stripDebugDebugSymbols', task ':feature:feature-sync:copyDebugJniLibsProjectAndLocalJars', task ':feature:feature-sync:extractDebugAnnotations', task ':feature:feature-sync:extractDeepLinksForAarDebug', task ':feature:feature-sync:mergeDebugGeneratedProguardFiles', task ':feature:feature-sync:mergeDebugConsumerProguardFiles', task ':feature:feature-sync:prepareDebugArtProfile', task ':feature:feature-sync:prepareLintJarForPublish', task ':feature:feature-sync:mergeDebugJavaResource', task ':feature:feature-sync:syncDebugLibJars', task ':feature:feature-sync:bundleDebugAar', task ':feature:feature-sync:assembleDebug', task ':feature:feature-tracker:checkDebugAarMetadata', task ':feature:feature-tracker:stripDebugDebugSymbols', task ':feature:feature-tracker:copyDebugJniLibsProjectAndLocalJars', task ':feature:feature-tracker:extractDebugAnnotations', task ':feature:feature-tracker:extractDeepLinksForAarDebug', task ':feature:feature-tracker:mergeDebugGeneratedProguardFiles', task ':feature:feature-tracker:mergeDebugConsumerProguardFiles', task ':feature:feature-tracker:prepareDebugArtProfile', task ':feature:feature-tracker:prepareLintJarForPublish', task ':feature:feature-tracker:mergeDebugJavaResource', task ':feature:feature-tracker:syncDebugLibJars', task ':feature:feature-tracker:bundleDebugAar', task ':feature:feature-tracker:assembleDebug']
Tasks that were excluded: []
work action Parameters of ClassesDirToClassesTransform (Thread[#73,Execution worker Thread 3,5,main]) started.
work action Parameters of DexingNoClasspathTransform (Thread[#73,Execution worker Thread 3,5,main]) started.
work action Parameters of DexingOutputSplitTransform (Thread[#73,Execution worker Thread 3,5,main]) started.
work action Parameters of AggregatedPackagesTransform (Thread[#70,included builds,5,main]) started.
Resolve mutations for :app:preBuild (Thread[#70,included builds,5,main]) started.
:app:preBuild (Thread[#70,included builds,5,main]) started.

> Task :app:preBuild UP-TO-DATE
Skipping task ':app:preBuild' as it has no actions.
Resolve mutations for :app:preDebugBuild (Thread[#70,included builds,5,main]) started.
:app:preDebugBuild (Thread[#70,included builds,5,main]) started.

> Task :app:preDebugBuild UP-TO-DATE
Skipping task ':app:preDebugBuild' as it has no actions.
Resolve mutations for :app:mergeDebugNativeDebugMetadata (Thread[#70,included builds,5,main]) started.
:app:mergeDebugNativeDebugMetadata (Thread[#73,Execution worker Thread 3,5,main]) started.

> Task :app:mergeDebugNativeDebugMetadata NO-SOURCE
Skipping task ':app:mergeDebugNativeDebugMetadata' as it has no source files and no previous output files.
Resolve mutations for :app:generateDebugResources (Thread[#73,Execution worker Thread 3,5,main]) started.
:app:generateDebugResources (Thread[#73,Execution worker Thread 3,5,main]) started.

> Task :app:generateDebugResources UP-TO-DATE
Caching disabled for task ':app:generateDebugResources' because:
  Build cache is disabled
Skipping task ':app:generateDebugResources' as it is up-to-date.
Resolve mutations for :app:packageDebugResources (Thread[#70,included builds,5,main]) started.
:app:packageDebugResources (Thread[#70,included builds,5,main]) started.

> Task :app:packageDebugResources UP-TO-DATE
Caching disabled for task ':app:packageDebugResources' because:
  Build cache is disabled
Skipping task ':app:packageDebugResources' as it is up-to-date.
Resolve mutations for :core:core-common:preBuild (Thread[#70,included builds,5,main]) started.
:core:core-common:preBuild (Thread[#70,included builds,5,main]) started.

> Task :core:core-common:preBuild UP-TO-DATE
Skipping task ':core:core-common:preBuild' as it has no actions.
Resolve mutations for :core:core-common:preDebugBuild (Thread[#73,Execution worker Thread 3,5,main]) started.
:core:core-common:preDebugBuild (Thread[#73,Execution worker Thread 3,5,main]) started.

> Task :core:core-common:preDebugBuild UP-TO-DATE
Skipping task ':core:core-common:preDebugBuild' as it has no actions.
Resolve mutations for :core:core-common:processDebugNavigationResources (Thread[#73,Execution worker Thread 3,5,main]) started.
:core:core-common:processDebugNavigationResources (Thread[#73,Execution worker Thread 3,5,main]) started.

> Task :core:core-common:processDebugNavigationResources UP-TO-DATE
Caching disabled for task ':core:core-common:processDebugNavigationResources' because:
  Build cache is disabled
Skipping task ':core:core-common:processDebugNavigationResources' as it is up-to-date.
work action resolve debug (project :core:core-common) (Thread[#73,Execution worker Thread 3,5,main]) started.
Resolve mutations for :core:core-data:preBuild (Thread[#73,Execution worker Thread 3,5,main]) started.
:core:core-data:preBuild (Thread[#73,Execution worker Thread 3,5,main]) started.

> Task :core:core-data:preBuild UP-TO-DATE
Skipping task ':core:core-data:preBuild' as it has no actions.
Resolve mutations for :core:core-data:preDebugBuild (Thread[#73,Execution worker Thread 3,5,main]) started.
:core:core-data:preDebugBuild (Thread[#73,Execution worker Thread 3,5,main]) started.

> Task :core:core-data:preDebugBuild UP-TO-DATE
Skipping task ':core:core-data:preDebugBuild' as it has no actions.
Resolve mutations for :core:core-data:processDebugNavigationResources (Thread[#73,Execution worker Thread 3,5,main]) started.
:core:core-data:processDebugNavigationResources (Thread[#73,Execution worker Thread 3,5,main]) started.

> Task :core:core-data:processDebugNavigationResources UP-TO-DATE
Caching disabled for task ':core:core-data:processDebugNavigationResources' because:
  Build cache is disabled
Skipping task ':core:core-data:processDebugNavigationResources' as it is up-to-date.
work action resolve debug (project :core:core-data) (Thread[#70,included builds,5,main]) started.
Resolve mutations for :core:core-domain:preBuild (Thread[#70,included builds,5,main]) started.
:core:core-domain:preBuild (Thread[#70,included builds,5,main]) started.

> Task :core:core-domain:preBuild UP-TO-DATE
Skipping task ':core:core-domain:preBuild' as it has no actions.
Resolve mutations for :core:core-domain:preDebugBuild (Thread[#70,included builds,5,main]) started.
:core:core-domain:preDebugBuild (Thread[#70,included builds,5,main]) started.

> Task :core:core-domain:preDebugBuild UP-TO-DATE
Skipping task ':core:core-domain:preDebugBuild' as it has no actions.
Resolve mutations for :core:core-domain:processDebugNavigationResources (Thread[#70,included builds,5,main]) started.
:core:core-domain:processDebugNavigationResources (Thread[#81,Execution worker Thread 11,5,main]) started.

> Task :core:core-domain:processDebugNavigationResources UP-TO-DATE
Caching disabled for task ':core:core-domain:processDebugNavigationResources' because:
  Build cache is disabled
Skipping task ':core:core-domain:processDebugNavigationResources' as it is up-to-date.
work action resolve debug (project :core:core-domain) (Thread[#81,Execution worker Thread 11,5,main]) started.
Resolve mutations for :core:core-ui:preBuild (Thread[#81,Execution worker Thread 11,5,main]) started.
:core:core-ui:preBuild (Thread[#81,Execution worker Thread 11,5,main]) started.

> Task :core:core-ui:preBuild UP-TO-DATE
Skipping task ':core:core-ui:preBuild' as it has no actions.
Resolve mutations for :core:core-ui:preDebugBuild (Thread[#81,Execution worker Thread 11,5,main]) started.
:core:core-ui:preDebugBuild (Thread[#81,Execution worker Thread 11,5,main]) started.

> Task :core:core-ui:preDebugBuild UP-TO-DATE
Skipping task ':core:core-ui:preDebugBuild' as it has no actions.
Resolve mutations for :core:core-ui:processDebugNavigationResources (Thread[#81,Execution worker Thread 11,5,main]) started.
:core:core-ui:processDebugNavigationResources (Thread[#81,Execution worker Thread 11,5,main]) started.

> Task :core:core-ui:processDebugNavigationResources UP-TO-DATE
Caching disabled for task ':core:core-ui:processDebugNavigationResources' because:
  Build cache is disabled
Skipping task ':core:core-ui:processDebugNavigationResources' as it is up-to-date.
work action resolve debug (project :core:core-ui) (Thread[#81,Execution worker Thread 11,5,main]) started.
Resolve mutations for :feature:feature-accessibility:preBuild (Thread[#81,Execution worker Thread 11,5,main]) started.
:feature:feature-accessibility:preBuild (Thread[#81,Execution worker Thread 11,5,main]) started.

> Task :feature:feature-accessibility:preBuild UP-TO-DATE
Skipping task ':feature:feature-accessibility:preBuild' as it has no actions.
Resolve mutations for :feature:feature-accessibility:preDebugBuild (Thread[#81,Execution worker Thread 11,5,main]) started.
:feature:feature-accessibility:preDebugBuild (Thread[#81,Execution worker Thread 11,5,main]) started.

> Task :feature:feature-accessibility:preDebugBuild UP-TO-DATE
Skipping task ':feature:feature-accessibility:preDebugBuild' as it has no actions.
Resolve mutations for :feature:feature-accessibility:processDebugNavigationResources (Thread[#81,Execution worker Thread 11,5,main]) started.
:feature:feature-accessibility:processDebugNavigationResources (Thread[#81,Execution worker Thread 11,5,main]) started.

> Task :feature:feature-accessibility:processDebugNavigationResources UP-TO-DATE
Caching disabled for task ':feature:feature-accessibility:processDebugNavigationResources' because:
  Build cache is disabled
Skipping task ':feature:feature-accessibility:processDebugNavigationResources' as it is up-to-date.
work action resolve debug (project :feature:feature-accessibility) (Thread[#78,Execution worker Thread 8,5,main]) started.
Resolve mutations for :feature:feature-focus:preBuild (Thread[#78,Execution worker Thread 8,5,main]) started.
:feature:feature-focus:preBuild (Thread[#78,Execution worker Thread 8,5,main]) started.

> Task :feature:feature-focus:preBuild UP-TO-DATE
Skipping task ':feature:feature-focus:preBuild' as it has no actions.
Resolve mutations for :feature:feature-focus:preDebugBuild (Thread[#78,Execution worker Thread 8,5,main]) started.
:feature:feature-focus:preDebugBuild (Thread[#78,Execution worker Thread 8,5,main]) started.

> Task :feature:feature-focus:preDebugBuild UP-TO-DATE
Skipping task ':feature:feature-focus:preDebugBuild' as it has no actions.
Resolve mutations for :feature:feature-focus:processDebugNavigationResources (Thread[#78,Execution worker Thread 8,5,main]) started.
:feature:feature-focus:processDebugNavigationResources (Thread[#78,Execution worker Thread 8,5,main]) started.

> Task :feature:feature-focus:processDebugNavigationResources UP-TO-DATE
Caching disabled for task ':feature:feature-focus:processDebugNavigationResources' because:
  Build cache is disabled
Skipping task ':feature:feature-focus:processDebugNavigationResources' as it is up-to-date.
work action resolve debug (project :feature:feature-focus) (Thread[#78,Execution worker Thread 8,5,main]) started.
Resolve mutations for :feature:feature-keyboard:preBuild (Thread[#78,Execution worker Thread 8,5,main]) started.
:feature:feature-keyboard:preBuild (Thread[#78,Execution worker Thread 8,5,main]) started.

> Task :feature:feature-keyboard:preBuild UP-TO-DATE
Skipping task ':feature:feature-keyboard:preBuild' as it has no actions.
Resolve mutations for :feature:feature-keyboard:preDebugBuild (Thread[#78,Execution worker Thread 8,5,main]) started.
:feature:feature-keyboard:preDebugBuild (Thread[#78,Execution worker Thread 8,5,main]) started.

> Task :feature:feature-keyboard:preDebugBuild UP-TO-DATE
Skipping task ':feature:feature-keyboard:preDebugBuild' as it has no actions.
Resolve mutations for :feature:feature-keyboard:processDebugNavigationResources (Thread[#78,Execution worker Thread 8,5,main]) started.
:feature:feature-keyboard:processDebugNavigationResources (Thread[#81,Execution worker Thread 11,5,main]) started.

> Task :feature:feature-keyboard:processDebugNavigationResources UP-TO-DATE
Caching disabled for task ':feature:feature-keyboard:processDebugNavigationResources' because:
  Build cache is disabled
Skipping task ':feature:feature-keyboard:processDebugNavigationResources' as it is up-to-date.
work action resolve debug (project :feature:feature-keyboard) (Thread[#81,Execution worker Thread 11,5,main]) started.
Resolve mutations for :feature:feature-ml:preBuild (Thread[#78,Execution worker Thread 8,5,main]) started.
:feature:feature-ml:preBuild (Thread[#78,Execution worker Thread 8,5,main]) started.

> Task :feature:feature-ml:preBuild UP-TO-DATE
Skipping task ':feature:feature-ml:preBuild' as it has no actions.
Resolve mutations for :feature:feature-ml:preDebugBuild (Thread[#78,Execution worker Thread 8,5,main]) started.
:feature:feature-ml:preDebugBuild (Thread[#78,Execution worker Thread 8,5,main]) started.

> Task :feature:feature-ml:preDebugBuild UP-TO-DATE
Skipping task ':feature:feature-ml:preDebugBuild' as it has no actions.
Resolve mutations for :feature:feature-ml:processDebugNavigationResources (Thread[#78,Execution worker Thread 8,5,main]) started.
:feature:feature-ml:processDebugNavigationResources (Thread[#78,Execution worker Thread 8,5,main]) started.

> Task :feature:feature-ml:processDebugNavigationResources UP-TO-DATE
Caching disabled for task ':feature:feature-ml:processDebugNavigationResources' because:
  Build cache is disabled
Skipping task ':feature:feature-ml:processDebugNavigationResources' as it is up-to-date.
work action resolve debug (project :feature:feature-ml) (Thread[#78,Execution worker Thread 8,5,main]) started.
Resolve mutations for :feature:feature-network:preBuild (Thread[#78,Execution worker Thread 8,5,main]) started.
:feature:feature-network:preBuild (Thread[#78,Execution worker Thread 8,5,main]) started.

> Task :feature:feature-network:preBuild UP-TO-DATE
Skipping task ':feature:feature-network:preBuild' as it has no actions.
Resolve mutations for :feature:feature-network:preDebugBuild (Thread[#81,Execution worker Thread 11,5,main]) started.
:feature:feature-network:preDebugBuild (Thread[#81,Execution worker Thread 11,5,main]) started.

> Task :feature:feature-network:preDebugBuild UP-TO-DATE
Skipping task ':feature:feature-network:preDebugBuild' as it has no actions.
Resolve mutations for :feature:feature-network:processDebugNavigationResources (Thread[#81,Execution worker Thread 11,5,main]) started.
:feature:feature-network:processDebugNavigationResources (Thread[#81,Execution worker Thread 11,5,main]) started.

> Task :feature:feature-network:processDebugNavigationResources UP-TO-DATE
Caching disabled for task ':feature:feature-network:processDebugNavigationResources' because:
  Build cache is disabled
Skipping task ':feature:feature-network:processDebugNavigationResources' as it is up-to-date.
work action resolve debug (project :feature:feature-network) (Thread[#78,Execution worker Thread 8,5,main]) started.
Resolve mutations for :feature:feature-optimizer:preBuild (Thread[#78,Execution worker Thread 8,5,main]) started.
:feature:feature-optimizer:preBuild (Thread[#78,Execution worker Thread 8,5,main]) started.

> Task :feature:feature-optimizer:preBuild UP-TO-DATE
Skipping task ':feature:feature-optimizer:preBuild' as it has no actions.
Resolve mutations for :feature:feature-optimizer:preDebugBuild (Thread[#78,Execution worker Thread 8,5,main]) started.
:feature:feature-optimizer:preDebugBuild (Thread[#78,Execution worker Thread 8,5,main]) started.

> Task :feature:feature-optimizer:preDebugBuild UP-TO-DATE
Skipping task ':feature:feature-optimizer:preDebugBuild' as it has no actions.
Resolve mutations for :feature:feature-optimizer:processDebugNavigationResources (Thread[#78,Execution worker Thread 8,5,main]) started.
:feature:feature-optimizer:processDebugNavigationResources (Thread[#77,Execution worker Thread 7,5,main]) started.

> Task :feature:feature-optimizer:processDebugNavigationResources UP-TO-DATE
Caching disabled for task ':feature:feature-optimizer:processDebugNavigationResources' because:
  Build cache is disabled
Skipping task ':feature:feature-optimizer:processDebugNavigationResources' as it is up-to-date.
work action resolve debug (project :feature:feature-optimizer) (Thread[#77,Execution worker Thread 7,5,main]) started.
Resolve mutations for :feature:feature-profile:preBuild (Thread[#70,included builds,5,main]) started.
:feature:feature-profile:preBuild (Thread[#70,included builds,5,main]) started.

> Task :feature:feature-profile:preBuild UP-TO-DATE
Skipping task ':feature:feature-profile:preBuild' as it has no actions.
Resolve mutations for :feature:feature-profile:preDebugBuild (Thread[#70,included builds,5,main]) started.
:feature:feature-profile:preDebugBuild (Thread[#70,included builds,5,main]) started.

> Task :feature:feature-profile:preDebugBuild UP-TO-DATE
Skipping task ':feature:feature-profile:preDebugBuild' as it has no actions.
Resolve mutations for :feature:feature-profile:processDebugNavigationResources (Thread[#70,included builds,5,main]) started.
:feature:feature-profile:processDebugNavigationResources (Thread[#77,Execution worker Thread 7,5,main]) started.

> Task :feature:feature-profile:processDebugNavigationResources UP-TO-DATE
Caching disabled for task ':feature:feature-profile:processDebugNavigationResources' because:
  Build cache is disabled
Skipping task ':feature:feature-profile:processDebugNavigationResources' as it is up-to-date.
work action resolve debug (project :feature:feature-profile) (Thread[#77,Execution worker Thread 7,5,main]) started.
Resolve mutations for :feature:feature-scanner:preBuild (Thread[#77,Execution worker Thread 7,5,main]) started.
:feature:feature-scanner:preBuild (Thread[#77,Execution worker Thread 7,5,main]) started.

> Task :feature:feature-scanner:preBuild UP-TO-DATE
Skipping task ':feature:feature-scanner:preBuild' as it has no actions.
Resolve mutations for :feature:feature-scanner:preDebugBuild (Thread[#77,Execution worker Thread 7,5,main]) started.
:feature:feature-scanner:preDebugBuild (Thread[#77,Execution worker Thread 7,5,main]) started.

> Task :feature:feature-scanner:preDebugBuild UP-TO-DATE
Skipping task ':feature:feature-scanner:preDebugBuild' as it has no actions.
Resolve mutations for :feature:feature-scanner:processDebugNavigationResources (Thread[#77,Execution worker Thread 7,5,main]) started.
:feature:feature-scanner:processDebugNavigationResources (Thread[#77,Execution worker Thread 7,5,main]) started.

> Task :feature:feature-scanner:processDebugNavigationResources UP-TO-DATE
Caching disabled for task ':feature:feature-scanner:processDebugNavigationResources' because:
  Build cache is disabled
Skipping task ':feature:feature-scanner:processDebugNavigationResources' as it is up-to-date.
work action resolve debug (project :feature:feature-scanner) (Thread[#74,Execution worker Thread 4,5,main]) started.
Resolve mutations for :feature:feature-storage:preBuild (Thread[#78,Execution worker Thread 8,5,main]) started.
:feature:feature-storage:preBuild (Thread[#78,Execution worker Thread 8,5,main]) started.

> Task :feature:feature-storage:preBuild UP-TO-DATE
Skipping task ':feature:feature-storage:preBuild' as it has no actions.
Resolve mutations for :feature:feature-storage:preDebugBuild (Thread[#78,Execution worker Thread 8,5,main]) started.
:feature:feature-storage:preDebugBuild (Thread[#78,Execution worker Thread 8,5,main]) started.

> Task :feature:feature-storage:preDebugBuild UP-TO-DATE
Skipping task ':feature:feature-storage:preDebugBuild' as it has no actions.
Resolve mutations for :feature:feature-storage:processDebugNavigationResources (Thread[#78,Execution worker Thread 8,5,main]) started.
:feature:feature-storage:processDebugNavigationResources (Thread[#78,Execution worker Thread 8,5,main]) started.

> Task :feature:feature-storage:processDebugNavigationResources UP-TO-DATE
Caching disabled for task ':feature:feature-storage:processDebugNavigationResources' because:
  Build cache is disabled
Skipping task ':feature:feature-storage:processDebugNavigationResources' as it is up-to-date.
work action resolve debug (project :feature:feature-storage) (Thread[#78,Execution worker Thread 8,5,main]) started.
Resolve mutations for :feature:feature-streak:preBuild (Thread[#74,Execution worker Thread 4,5,main]) started.
:feature:feature-streak:preBuild (Thread[#74,Execution worker Thread 4,5,main]) started.

> Task :feature:feature-streak:preBuild UP-TO-DATE
Skipping task ':feature:feature-streak:preBuild' as it has no actions.
Resolve mutations for :feature:feature-streak:preDebugBuild (Thread[#74,Execution worker Thread 4,5,main]) started.
:feature:feature-streak:preDebugBuild (Thread[#74,Execution worker Thread 4,5,main]) started.

> Task :feature:feature-streak:preDebugBuild UP-TO-DATE
Skipping task ':feature:feature-streak:preDebugBuild' as it has no actions.
Resolve mutations for :feature:feature-streak:processDebugNavigationResources (Thread[#74,Execution worker Thread 4,5,main]) started.
:feature:feature-streak:processDebugNavigationResources (Thread[#74,Execution worker Thread 4,5,main]) started.

> Task :feature:feature-streak:processDebugNavigationResources UP-TO-DATE
Caching disabled for task ':feature:feature-streak:processDebugNavigationResources' because:
  Build cache is disabled
Skipping task ':feature:feature-streak:processDebugNavigationResources' as it is up-to-date.
work action resolve debug (project :feature:feature-streak) (Thread[#74,Execution worker Thread 4,5,main]) started.
Resolve mutations for :feature:feature-sync:preBuild (Thread[#74,Execution worker Thread 4,5,main]) started.
:feature:feature-sync:preBuild (Thread[#74,Execution worker Thread 4,5,main]) started.

> Task :feature:feature-sync:preBuild UP-TO-DATE
Skipping task ':feature:feature-sync:preBuild' as it has no actions.
Resolve mutations for :feature:feature-sync:preDebugBuild (Thread[#74,Execution worker Thread 4,5,main]) started.
:feature:feature-sync:preDebugBuild (Thread[#74,Execution worker Thread 4,5,main]) started.

> Task :feature:feature-sync:preDebugBuild UP-TO-DATE
Skipping task ':feature:feature-sync:preDebugBuild' as it has no actions.
Resolve mutations for :feature:feature-sync:processDebugNavigationResources (Thread[#70,included builds,5,main]) started.
:feature:feature-sync:processDebugNavigationResources (Thread[#70,included builds,5,main]) started.

> Task :feature:feature-sync:processDebugNavigationResources UP-TO-DATE
Caching disabled for task ':feature:feature-sync:processDebugNavigationResources' because:
  Build cache is disabled
Skipping task ':feature:feature-sync:processDebugNavigationResources' as it is up-to-date.
work action resolve debug (project :feature:feature-sync) (Thread[#74,Execution worker Thread 4,5,main]) started.
Resolve mutations for :feature:feature-tracker:preBuild (Thread[#74,Execution worker Thread 4,5,main]) started.
:feature:feature-tracker:preBuild (Thread[#74,Execution worker Thread 4,5,main]) started.

> Task :feature:feature-tracker:preBuild UP-TO-DATE
Skipping task ':feature:feature-tracker:preBuild' as it has no actions.
Resolve mutations for :feature:feature-tracker:preDebugBuild (Thread[#74,Execution worker Thread 4,5,main]) started.
:feature:feature-tracker:preDebugBuild (Thread[#79,Execution worker Thread 9,5,main]) started.

> Task :feature:feature-tracker:preDebugBuild UP-TO-DATE
Skipping task ':feature:feature-tracker:preDebugBuild' as it has no actions.
Resolve mutations for :feature:feature-tracker:processDebugNavigationResources (Thread[#79,Execution worker Thread 9,5,main]) started.
:feature:feature-tracker:processDebugNavigationResources (Thread[#79,Execution worker Thread 9,5,main]) started.

> Task :feature:feature-tracker:processDebugNavigationResources UP-TO-DATE
Caching disabled for task ':feature:feature-tracker:processDebugNavigationResources' because:
  Build cache is disabled
Skipping task ':feature:feature-tracker:processDebugNavigationResources' as it is up-to-date.
work action resolve debug (project :feature:feature-tracker) (Thread[#79,Execution worker Thread 9,5,main]) started.
Resolve mutations for :app:processDebugNavigationResources (Thread[#79,Execution worker Thread 9,5,main]) started.
:app:processDebugNavigationResources (Thread[#79,Execution worker Thread 9,5,main]) started.

> Task :app:processDebugNavigationResources UP-TO-DATE
Caching disabled for task ':app:processDebugNavigationResources' because:
  Build cache is disabled
Skipping task ':app:processDebugNavigationResources' as it is up-to-date.
Resolve mutations for :app:parseDebugLocalResources (Thread[#79,Execution worker Thread 9,5,main]) started.
:app:parseDebugLocalResources (Thread[#79,Execution worker Thread 9,5,main]) started.

> Task :app:parseDebugLocalResources UP-TO-DATE
Caching disabled for task ':app:parseDebugLocalResources' because:
  Build cache is disabled
Skipping task ':app:parseDebugLocalResources' as it is up-to-date.
Resolve mutations for :app:generateDebugRFile (Thread[#79,Execution worker Thread 9,5,main]) started.
:app:generateDebugRFile (Thread[#79,Execution worker Thread 9,5,main]) started.

> Task :app:generateDebugRFile UP-TO-DATE
Caching disabled for task ':app:generateDebugRFile' because:
  Build cache is disabled
Skipping task ':app:generateDebugRFile' as it is up-to-date.
Resolve mutations for :core:core-common:generateDebugResources (Thread[#79,Execution worker Thread 9,5,main]) started.
:core:core-common:generateDebugResources (Thread[#79,Execution worker Thread 9,5,main]) started.

> Task :core:core-common:generateDebugResources UP-TO-DATE
Caching disabled for task ':core:core-common:generateDebugResources' because:
  Build cache is disabled
Skipping task ':core:core-common:generateDebugResources' as it is up-to-date.
Resolve mutations for :core:core-common:packageDebugResources (Thread[#79,Execution worker Thread 9,5,main]) started.
:core:core-common:packageDebugResources (Thread[#79,Execution worker Thread 9,5,main]) started.

> Task :core:core-common:packageDebugResources UP-TO-DATE
Caching disabled for task ':core:core-common:packageDebugResources' because:
  Build cache is disabled
Skipping task ':core:core-common:packageDebugResources' as it is up-to-date.
work action resolve packageDebugResources (project :core:core-common) (Thread[#79,Execution worker Thread 9,5,main]) started.
Resolve mutations for :core:core-common:parseDebugLocalResources (Thread[#70,included builds,5,main]) started.
:core:core-common:parseDebugLocalResources (Thread[#70,included builds,5,main]) started.

> Task :core:core-common:parseDebugLocalResources UP-TO-DATE
Caching disabled for task ':core:core-common:parseDebugLocalResources' because:
  Build cache is disabled
Skipping task ':core:core-common:parseDebugLocalResources' as it is up-to-date.
Resolve mutations for :core:core-common:generateDebugRFile (Thread[#70,included builds,5,main]) started.
:core:core-common:generateDebugRFile (Thread[#70,included builds,5,main]) started.

> Task :core:core-common:generateDebugRFile UP-TO-DATE
Caching disabled for task ':core:core-common:generateDebugRFile' because:
  Build cache is disabled
Skipping task ':core:core-common:generateDebugRFile' as it is up-to-date.
work action resolve package-aware-r.txt (project :core:core-common) (Thread[#70,included builds,5,main]) started.
Resolve mutations for :core:core-common:compileDebugKotlin (Thread[#70,included builds,5,main]) started.
:core:core-common:compileDebugKotlin (Thread[#70,included builds,5,main]) started.

> Task :core:core-common:compileDebugKotlin UP-TO-DATE
file or directory 'C:\Users\iamas\Desktop\Code-Base\Al-HissN\core\core-common\src\main\kotlin', not found
file or directory 'C:\Users\iamas\Desktop\Code-Base\Al-HissN\core\core-common\src\debug\java', not found
file or directory 'C:\Users\iamas\Desktop\Code-Base\Al-HissN\core\core-common\src\debug\kotlin', not found
file or directory 'C:\Users\iamas\Desktop\Code-Base\Al-HissN\core\core-common\src\debug\java', not found
file or directory 'C:\Users\iamas\Desktop\Code-Base\Al-HissN\core\core-common\src\main\kotlin', not found
file or directory 'C:\Users\iamas\Desktop\Code-Base\Al-HissN\core\core-common\src\debug\java', not found
file or directory 'C:\Users\iamas\Desktop\Code-Base\Al-HissN\core\core-common\src\debug\kotlin', not found
file or directory 'C:\Users\iamas\Desktop\Code-Base\Al-HissN\core\core-common\src\debug\java', not found
file or directory 'C:\Users\iamas\Desktop\Code-Base\Al-HissN\core\core-common\src\main\kotlin', not found
file or directory 'C:\Users\iamas\Desktop\Code-Base\Al-HissN\core\core-common\src\debug\java', not found
file or directory 'C:\Users\iamas\Desktop\Code-Base\Al-HissN\core\core-common\src\debug\kotlin', not found
file or directory 'C:\Users\iamas\Desktop\Code-Base\Al-HissN\core\core-common\src\debug\java', not found
Custom actions are attached to task ':core:core-common:compileDebugKotlin'.
Caching disabled for task ':core:core-common:compileDebugKotlin' because:
  Build cache is disabled
Skipping task ':core:core-common:compileDebugKotlin' as it is up-to-date.
Resolve mutations for :core:core-common:javaPreCompileDebug (Thread[#70,included builds,5,main]) started.
:core:core-common:javaPreCompileDebug (Thread[#70,included builds,5,main]) started.

> Task :core:core-common:javaPreCompileDebug UP-TO-DATE
Caching disabled for task ':core:core-common:javaPreCompileDebug' because:
  Build cache is disabled
Skipping task ':core:core-common:javaPreCompileDebug' as it is up-to-date.
Resolve mutations for :core:core-common:compileDebugJavaWithJavac (Thread[#70,included builds,5,main]) started.
:core:core-common:compileDebugJavaWithJavac (Thread[#70,included builds,5,main]) started.

> Task :core:core-common:compileDebugJavaWithJavac NO-SOURCE
Skipping task ':core:core-common:compileDebugJavaWithJavac' as it has no source files and no previous output files.
Resolve mutations for :core:core-common:bundleLibCompileToJarDebug (Thread[#70,included builds,5,main]) started.
:core:core-common:bundleLibCompileToJarDebug (Thread[#70,included builds,5,main]) started.

> Task :core:core-common:bundleLibCompileToJarDebug UP-TO-DATE
Caching disabled for task ':core:core-common:bundleLibCompileToJarDebug' because:
  Build cache is disabled
  Simple merging task
Skipping task ':core:core-common:bundleLibCompileToJarDebug' as it is up-to-date.
work action resolve classes.jar (project :core:core-common) (Thread[#70,included builds,5,main]) started.
Resolve mutations for :core:core-data:generateDebugResources (Thread[#70,included builds,5,main]) started.
AggregatedPackagesTransform (Thread[#76,Execution worker Thread 6,5,main]) started.
:core:core-data:generateDebugResources (Thread[#72,Execution worker Thread 2,5,main]) started.

> Task :core:core-data:generateDebugResources UP-TO-DATE
Caching disabled for task ':core:core-data:generateDebugResources' because:
  Build cache is disabled
Skipping task ':core:core-data:generateDebugResources' as it is up-to-date.
Resolve mutations for :core:core-data:packageDebugResources (Thread[#72,Execution worker Thread 2,5,main]) started.
:core:core-data:packageDebugResources (Thread[#72,Execution worker Thread 2,5,main]) started.

> Task :core:core-data:packageDebugResources UP-TO-DATE
Caching disabled for task ':core:core-data:packageDebugResources' because:
  Build cache is disabled
Skipping task ':core:core-data:packageDebugResources' as it is up-to-date.
work action resolve packageDebugResources (project :core:core-data) (Thread[#76,Execution worker Thread 6,5,main]) started.
Resolve mutations for :core:core-data:parseDebugLocalResources (Thread[#76,Execution worker Thread 6,5,main]) started.
:core:core-data:parseDebugLocalResources (Thread[#76,Execution worker Thread 6,5,main]) started.

> Task :core:core-data:parseDebugLocalResources UP-TO-DATE
Caching disabled for task ':core:core-data:parseDebugLocalResources' because:
  Build cache is disabled
Skipping task ':core:core-data:parseDebugLocalResources' as it is up-to-date.
Resolve mutations for :core:core-data:generateDebugRFile (Thread[#72,Execution worker Thread 2,5,main]) started.
:core:core-data:generateDebugRFile (Thread[#72,Execution worker Thread 2,5,main]) started.

> Task :core:core-data:generateDebugRFile UP-TO-DATE
Caching disabled for task ':core:core-data:generateDebugRFile' because:
  Build cache is disabled
Skipping task ':core:core-data:generateDebugRFile' as it is up-to-date.
work action resolve package-aware-r.txt (project :core:core-data) (Thread[#72,Execution worker Thread 2,5,main]) started.
Resolve mutations for :core:core-common:bundleLibRuntimeToJarDebug (Thread[#72,Execution worker Thread 2,5,main]) started.
:core:core-common:bundleLibRuntimeToJarDebug (Thread[#72,Execution worker Thread 2,5,main]) started.

> Task :core:core-common:bundleLibRuntimeToJarDebug UP-TO-DATE
Caching disabled for task ':core:core-common:bundleLibRuntimeToJarDebug' because:
  Build cache is disabled
  Simple merging task
Skipping task ':core:core-common:bundleLibRuntimeToJarDebug' as it is up-to-date.
work action resolve classes.jar (project :core:core-common) (Thread[#72,Execution worker Thread 2,5,main]) started.
Resolve mutations for :core:core-domain:generateDebugResources (Thread[#74,Execution worker Thread 4,5,main]) started.
AggregatedPackagesTransform (Thread[#78,Execution worker Thread 8,5,main]) started.
:core:core-domain:generateDebugResources (Thread[#72,Execution worker Thread 2,5,main]) started.

> Task :core:core-domain:generateDebugResources UP-TO-DATE
Caching disabled for task ':core:core-domain:generateDebugResources' because:
  Build cache is disabled
Skipping task ':core:core-domain:generateDebugResources' as it is up-to-date.
Resolve mutations for :core:core-domain:packageDebugResources (Thread[#72,Execution worker Thread 2,5,main]) started.
:core:core-domain:packageDebugResources (Thread[#72,Execution worker Thread 2,5,main]) started.

> Task :core:core-domain:packageDebugResources UP-TO-DATE
Caching disabled for task ':core:core-domain:packageDebugResources' because:
  Build cache is disabled
Skipping task ':core:core-domain:packageDebugResources' as it is up-to-date.
work action resolve packageDebugResources (project :core:core-domain) (Thread[#72,Execution worker Thread 2,5,main]) started.
Resolve mutations for :core:core-domain:parseDebugLocalResources (Thread[#72,Execution worker Thread 2,5,main]) started.
:core:core-domain:parseDebugLocalResources (Thread[#72,Execution worker Thread 2,5,main]) started.

> Task :core:core-domain:parseDebugLocalResources UP-TO-DATE
Caching disabled for task ':core:core-domain:parseDebugLocalResources' because:
  Build cache is disabled
Skipping task ':core:core-domain:parseDebugLocalResources' as it is up-to-date.
Resolve mutations for :core:core-domain:generateDebugRFile (Thread[#72,Execution worker Thread 2,5,main]) started.
:core:core-domain:generateDebugRFile (Thread[#72,Execution worker Thread 2,5,main]) started.

> Task :core:core-domain:generateDebugRFile UP-TO-DATE
Caching disabled for task ':core:core-domain:generateDebugRFile' because:
  Build cache is disabled
Skipping task ':core:core-domain:generateDebugRFile' as it is up-to-date.
work action resolve package-aware-r.txt (project :core:core-domain) (Thread[#72,Execution worker Thread 2,5,main]) started.
Resolve mutations for :core:core-domain:compileDebugKotlin (Thread[#72,Execution worker Thread 2,5,main]) started.
:core:core-domain:compileDebugKotlin (Thread[#72,Execution worker Thread 2,5,main]) started.

> Task :core:core-domain:compileDebugKotlin UP-TO-DATE
file or directory 'C:\Users\iamas\Desktop\Code-Base\Al-HissN\core\core-domain\src\main\kotlin', not found
file or directory 'C:\Users\iamas\Desktop\Code-Base\Al-HissN\core\core-domain\src\debug\java', not found
file or directory 'C:\Users\iamas\Desktop\Code-Base\Al-HissN\core\core-domain\src\debug\kotlin', not found
file or directory 'C:\Users\iamas\Desktop\Code-Base\Al-HissN\core\core-domain\src\debug\java', not found
file or directory 'C:\Users\iamas\Desktop\Code-Base\Al-HissN\core\core-domain\src\main\kotlin', not found
file or directory 'C:\Users\iamas\Desktop\Code-Base\Al-HissN\core\core-domain\src\debug\java', not found
file or directory 'C:\Users\iamas\Desktop\Code-Base\Al-HissN\core\core-domain\src\debug\kotlin', not found
file or directory 'C:\Users\iamas\Desktop\Code-Base\Al-HissN\core\core-domain\src\debug\java', not found
file or directory 'C:\Users\iamas\Desktop\Code-Base\Al-HissN\core\core-domain\src\main\kotlin', not found
file or directory 'C:\Users\iamas\Desktop\Code-Base\Al-HissN\core\core-domain\src\debug\java', not found
file or directory 'C:\Users\iamas\Desktop\Code-Base\Al-HissN\core\core-domain\src\debug\kotlin', not found
file or directory 'C:\Users\iamas\Desktop\Code-Base\Al-HissN\core\core-domain\src\debug\java', not found
Custom actions are attached to task ':core:core-domain:compileDebugKotlin'.
Caching disabled for task ':core:core-domain:compileDebugKotlin' because:
  Build cache is disabled
Skipping task ':core:core-domain:compileDebugKotlin' as it is up-to-date.
Resolve mutations for :core:core-domain:javaPreCompileDebug (Thread[#72,Execution worker Thread 2,5,main]) started.
:core:core-domain:javaPreCompileDebug (Thread[#72,Execution worker Thread 2,5,main]) started.

> Task :core:core-domain:javaPreCompileDebug UP-TO-DATE
Caching disabled for task ':core:core-domain:javaPreCompileDebug' because:
  Build cache is disabled
Skipping task ':core:core-domain:javaPreCompileDebug' as it is up-to-date.
Resolve mutations for :core:core-domain:compileDebugJavaWithJavac (Thread[#72,Execution worker Thread 2,5,main]) started.
:core:core-domain:compileDebugJavaWithJavac (Thread[#72,Execution worker Thread 2,5,main]) started.

> Task :core:core-domain:compileDebugJavaWithJavac NO-SOURCE
Skipping task ':core:core-domain:compileDebugJavaWithJavac' as it has no source files and no previous output files.
Resolve mutations for :core:core-domain:bundleLibCompileToJarDebug (Thread[#72,Execution worker Thread 2,5,main]) started.
:core:core-domain:bundleLibCompileToJarDebug (Thread[#72,Execution worker Thread 2,5,main]) started.

> Task :core:core-domain:bundleLibCompileToJarDebug UP-TO-DATE
Caching disabled for task ':core:core-domain:bundleLibCompileToJarDebug' because:
  Build cache is disabled
  Simple merging task
Skipping task ':core:core-domain:bundleLibCompileToJarDebug' as it is up-to-date.
work action resolve classes.jar (project :core:core-domain) (Thread[#72,Execution worker Thread 2,5,main]) started.
Resolve mutations for :core:core-data:kspDebugKotlin (Thread[#72,Execution worker Thread 2,5,main]) started.
AggregatedPackagesTransform (Thread[#70,included builds,5,main]) started.
:core:core-data:kspDebugKotlin (Thread[#72,Execution worker Thread 2,5,main]) started.
Resolve mutations for :core:core-data:javaPreCompileDebug (Thread[#74,Execution worker Thread 4,5,main]) started.
:core:core-data:javaPreCompileDebug (Thread[#74,Execution worker Thread 4,5,main]) started.

> Task :core:core-data:javaPreCompileDebug UP-TO-DATE
Caching disabled for task ':core:core-data:javaPreCompileDebug' because:
  Build cache is disabled
Skipping task ':core:core-data:javaPreCompileDebug' as it is up-to-date.
Resolve mutations for :core:core-domain:bundleLibRuntimeToJarDebug (Thread[#74,Execution worker Thread 4,5,main]) started.
:core:core-domain:bundleLibRuntimeToJarDebug (Thread[#74,Execution worker Thread 4,5,main]) started.

> Task :core:core-domain:bundleLibRuntimeToJarDebug UP-TO-DATE
Caching disabled for task ':core:core-domain:bundleLibRuntimeToJarDebug' because:
  Build cache is disabled
  Simple merging task
Skipping task ':core:core-domain:bundleLibRuntimeToJarDebug' as it is up-to-date.
work action resolve classes.jar (project :core:core-domain) (Thread[#74,Execution worker Thread 4,5,main]) started.
Resolve mutations for :core:core-ui:generateDebugResources (Thread[#74,Execution worker Thread 4,5,main]) started.
AggregatedPackagesTransform (Thread[#77,Execution worker Thread 7,5,main]) started.
:core:core-ui:generateDebugResources (Thread[#74,Execution worker Thread 4,5,main]) started.

> Task :core:core-ui:generateDebugResources UP-TO-DATE
Caching disabled for task ':core:core-ui:generateDebugResources' because:
  Build cache is disabled
Skipping task ':core:core-ui:generateDebugResources' as it is up-to-date.
Resolve mutations for :core:core-ui:packageDebugResources (Thread[#74,Execution worker Thread 4,5,main]) started.
:core:core-ui:packageDebugResources (Thread[#74,Execution worker Thread 4,5,main]) started.

> Task :core:core-ui:packageDebugResources UP-TO-DATE
Caching disabled for task ':core:core-ui:packageDebugResources' because:
  Build cache is disabled
Skipping task ':core:core-ui:packageDebugResources' as it is up-to-date.
work action resolve packageDebugResources (project :core:core-ui) (Thread[#74,Execution worker Thread 4,5,main]) started.
Resolve mutations for :core:core-ui:parseDebugLocalResources (Thread[#74,Execution worker Thread 4,5,main]) started.
:core:core-ui:parseDebugLocalResources (Thread[#74,Execution worker Thread 4,5,main]) started.

> Task :core:core-ui:parseDebugLocalResources UP-TO-DATE
Caching disabled for task ':core:core-ui:parseDebugLocalResources' because:
  Build cache is disabled
Skipping task ':core:core-ui:parseDebugLocalResources' as it is up-to-date.
Resolve mutations for :core:core-ui:generateDebugRFile (Thread[#74,Execution worker Thread 4,5,main]) started.
:core:core-ui:generateDebugRFile (Thread[#74,Execution worker Thread 4,5,main]) started.

> Task :core:core-ui:generateDebugRFile UP-TO-DATE
Caching disabled for task ':core:core-ui:generateDebugRFile' because:
  Build cache is disabled
Skipping task ':core:core-ui:generateDebugRFile' as it is up-to-date.
work action resolve package-aware-r.txt (project :core:core-ui) (Thread[#74,Execution worker Thread 4,5,main]) started.
Resolve mutations for :core:core-ui:kspDebugKotlin (Thread[#74,Execution worker Thread 4,5,main]) started.
:core:core-ui:kspDebugKotlin (Thread[#74,Execution worker Thread 4,5,main]) started.
Resolve mutations for :core:core-ui:javaPreCompileDebug (Thread[#80,Execution worker Thread 10,5,main]) started.
:core:core-ui:javaPreCompileDebug (Thread[#75,Execution worker Thread 5,5,main]) started.

> Task :core:core-ui:javaPreCompileDebug UP-TO-DATE
Caching disabled for task ':core:core-ui:javaPreCompileDebug' because:
  Build cache is disabled
Skipping task ':core:core-ui:javaPreCompileDebug' as it is up-to-date.
Resolve mutations for :feature:feature-accessibility:generateDebugResources (Thread[#75,Execution worker Thread 5,5,main]) started.
:feature:feature-accessibility:generateDebugResources (Thread[#75,Execution worker Thread 5,5,main]) started.

> Task :feature:feature-accessibility:generateDebugResources UP-TO-DATE
Caching disabled for task ':feature:feature-accessibility:generateDebugResources' because:
  Build cache is disabled
Skipping task ':feature:feature-accessibility:generateDebugResources' as it is up-to-date.
Resolve mutations for :feature:feature-accessibility:packageDebugResources (Thread[#75,Execution worker Thread 5,5,main]) started.
:feature:feature-accessibility:packageDebugResources (Thread[#75,Execution worker Thread 5,5,main]) started.

> Task :feature:feature-accessibility:packageDebugResources UP-TO-DATE
Caching disabled for task ':feature:feature-accessibility:packageDebugResources' because:
  Build cache is disabled
Skipping task ':feature:feature-accessibility:packageDebugResources' as it is up-to-date.
work action resolve packageDebugResources (project :feature:feature-accessibility) (Thread[#75,Execution worker Thread 5,5,main]) started.
Resolve mutations for :feature:feature-accessibility:parseDebugLocalResources (Thread[#75,Execution worker Thread 5,5,main]) started.
:feature:feature-accessibility:parseDebugLocalResources (Thread[#75,Execution worker Thread 5,5,main]) started.

> Task :feature:feature-accessibility:parseDebugLocalResources UP-TO-DATE
Caching disabled for task ':feature:feature-accessibility:parseDebugLocalResources' because:
  Build cache is disabled
Skipping task ':feature:feature-accessibility:parseDebugLocalResources' as it is up-to-date.
Resolve mutations for :feature:feature-accessibility:generateDebugRFile (Thread[#75,Execution worker Thread 5,5,main]) started.
:feature:feature-accessibility:generateDebugRFile (Thread[#75,Execution worker Thread 5,5,main]) started.

> Task :feature:feature-accessibility:generateDebugRFile UP-TO-DATE
Caching disabled for task ':feature:feature-accessibility:generateDebugRFile' because:
  Build cache is disabled
Skipping task ':feature:feature-accessibility:generateDebugRFile' as it is up-to-date.
work action resolve package-aware-r.txt (project :feature:feature-accessibility) (Thread[#70,included builds,5,main]) started.
Resolve mutations for :feature:feature-ml:generateDebugResources (Thread[#70,included builds,5,main]) started.
:feature:feature-ml:generateDebugResources (Thread[#70,included builds,5,main]) started.

> Task :feature:feature-ml:generateDebugResources UP-TO-DATE
Caching disabled for task ':feature:feature-ml:generateDebugResources' because:
  Build cache is disabled
Skipping task ':feature:feature-ml:generateDebugResources' as it is up-to-date.
Resolve mutations for :feature:feature-ml:packageDebugResources (Thread[#75,Execution worker Thread 5,5,main]) started.
:feature:feature-ml:packageDebugResources (Thread[#75,Execution worker Thread 5,5,main]) started.

> Task :feature:feature-ml:packageDebugResources UP-TO-DATE
Caching disabled for task ':feature:feature-ml:packageDebugResources' because:
  Build cache is disabled
Skipping task ':feature:feature-ml:packageDebugResources' as it is up-to-date.
work action resolve packageDebugResources (project :feature:feature-ml) (Thread[#75,Execution worker Thread 5,5,main]) started.
Resolve mutations for :feature:feature-ml:parseDebugLocalResources (Thread[#75,Execution worker Thread 5,5,main]) started.
:feature:feature-ml:parseDebugLocalResources (Thread[#81,Execution worker Thread 11,5,main]) started.

> Task :feature:feature-ml:parseDebugLocalResources UP-TO-DATE
Caching disabled for task ':feature:feature-ml:parseDebugLocalResources' because:
  Build cache is disabled
Skipping task ':feature:feature-ml:parseDebugLocalResources' as it is up-to-date.
Resolve mutations for :feature:feature-ml:generateDebugRFile (Thread[#81,Execution worker Thread 11,5,main]) started.
:feature:feature-ml:generateDebugRFile (Thread[#81,Execution worker Thread 11,5,main]) started.

> Task :feature:feature-ml:generateDebugRFile UP-TO-DATE
Caching disabled for task ':feature:feature-ml:generateDebugRFile' because:
  Build cache is disabled
Skipping task ':feature:feature-ml:generateDebugRFile' as it is up-to-date.
work action resolve package-aware-r.txt (project :feature:feature-ml) (Thread[#81,Execution worker Thread 11,5,main]) started.
Resolve mutations for :feature:feature-ml:kspDebugKotlin (Thread[#81,Execution worker Thread 11,5,main]) started.
:feature:feature-ml:kspDebugKotlin (Thread[#81,Execution worker Thread 11,5,main]) started.
Resolve mutations for :feature:feature-ml:javaPreCompileDebug (Thread[#76,Execution worker Thread 6,5,main]) started.
:feature:feature-ml:javaPreCompileDebug (Thread[#76,Execution worker Thread 6,5,main]) started.

> Task :feature:feature-ml:javaPreCompileDebug UP-TO-DATE
Caching disabled for task ':feature:feature-ml:javaPreCompileDebug' because:
  Build cache is disabled
Skipping task ':feature:feature-ml:javaPreCompileDebug' as it is up-to-date.
Resolve mutations for :feature:feature-accessibility:javaPreCompileDebug (Thread[#76,Execution worker Thread 6,5,main]) started.
:feature:feature-accessibility:javaPreCompileDebug (Thread[#76,Execution worker Thread 6,5,main]) started.

> Task :feature:feature-accessibility:javaPreCompileDebug UP-TO-DATE
Caching disabled for task ':feature:feature-accessibility:javaPreCompileDebug' because:
  Build cache is disabled
Skipping task ':feature:feature-accessibility:javaPreCompileDebug' as it is up-to-date.
Resolve mutations for :feature:feature-focus:generateDebugResources (Thread[#76,Execution worker Thread 6,5,main]) started.
:feature:feature-focus:generateDebugResources (Thread[#76,Execution worker Thread 6,5,main]) started.

> Task :feature:feature-focus:generateDebugResources UP-TO-DATE
Caching disabled for task ':feature:feature-focus:generateDebugResources' because:
  Build cache is disabled
Skipping task ':feature:feature-focus:generateDebugResources' as it is up-to-date.
Resolve mutations for :feature:feature-focus:packageDebugResources (Thread[#76,Execution worker Thread 6,5,main]) started.
:feature:feature-focus:packageDebugResources (Thread[#76,Execution worker Thread 6,5,main]) started.

> Task :feature:feature-focus:packageDebugResources UP-TO-DATE
Caching disabled for task ':feature:feature-focus:packageDebugResources' because:
  Build cache is disabled
Skipping task ':feature:feature-focus:packageDebugResources' as it is up-to-date.
work action resolve packageDebugResources (project :feature:feature-focus) (Thread[#76,Execution worker Thread 6,5,main]) started.
Resolve mutations for :feature:feature-focus:parseDebugLocalResources (Thread[#76,Execution worker Thread 6,5,main]) started.
:feature:feature-focus:parseDebugLocalResources (Thread[#76,Execution worker Thread 6,5,main]) started.

> Task :feature:feature-focus:parseDebugLocalResources UP-TO-DATE
Caching disabled for task ':feature:feature-focus:parseDebugLocalResources' because:
  Build cache is disabled
Skipping task ':feature:feature-focus:parseDebugLocalResources' as it is up-to-date.
Resolve mutations for :feature:feature-focus:generateDebugRFile (Thread[#76,Execution worker Thread 6,5,main]) started.
:feature:feature-focus:generateDebugRFile (Thread[#76,Execution worker Thread 6,5,main]) started.

> Task :feature:feature-focus:generateDebugRFile UP-TO-DATE
Caching disabled for task ':feature:feature-focus:generateDebugRFile' because:
  Build cache is disabled
Skipping task ':feature:feature-focus:generateDebugRFile' as it is up-to-date.
work action resolve package-aware-r.txt (project :feature:feature-focus) (Thread[#78,Execution worker Thread 8,5,main]) started.
Resolve mutations for :feature:feature-focus:javaPreCompileDebug (Thread[#76,Execution worker Thread 6,5,main]) started.
:feature:feature-focus:javaPreCompileDebug (Thread[#76,Execution worker Thread 6,5,main]) started.

> Task :feature:feature-focus:javaPreCompileDebug UP-TO-DATE
Caching disabled for task ':feature:feature-focus:javaPreCompileDebug' because:
  Build cache is disabled
Skipping task ':feature:feature-focus:javaPreCompileDebug' as it is up-to-date.
Resolve mutations for :feature:feature-keyboard:generateDebugResources (Thread[#76,Execution worker Thread 6,5,main]) started.
:feature:feature-keyboard:generateDebugResources (Thread[#78,Execution worker Thread 8,5,main]) started.

> Task :feature:feature-keyboard:generateDebugResources UP-TO-DATE
Caching disabled for task ':feature:feature-keyboard:generateDebugResources' because:
  Build cache is disabled
Skipping task ':feature:feature-keyboard:generateDebugResources' as it is up-to-date.
Resolve mutations for :feature:feature-keyboard:packageDebugResources (Thread[#76,Execution worker Thread 6,5,main]) started.
:feature:feature-keyboard:packageDebugResources (Thread[#76,Execution worker Thread 6,5,main]) started.

> Task :feature:feature-keyboard:packageDebugResources UP-TO-DATE
Caching disabled for task ':feature:feature-keyboard:packageDebugResources' because:
  Build cache is disabled
Skipping task ':feature:feature-keyboard:packageDebugResources' as it is up-to-date.
work action resolve packageDebugResources (project :feature:feature-keyboard) (Thread[#76,Execution worker Thread 6,5,main]) started.
Resolve mutations for :feature:feature-keyboard:parseDebugLocalResources (Thread[#76,Execution worker Thread 6,5,main]) started.
:feature:feature-keyboard:parseDebugLocalResources (Thread[#76,Execution worker Thread 6,5,main]) started.

> Task :feature:feature-keyboard:parseDebugLocalResources UP-TO-DATE
Caching disabled for task ':feature:feature-keyboard:parseDebugLocalResources' because:
  Build cache is disabled
Skipping task ':feature:feature-keyboard:parseDebugLocalResources' as it is up-to-date.
Resolve mutations for :feature:feature-keyboard:generateDebugRFile (Thread[#76,Execution worker Thread 6,5,main]) started.
:feature:feature-keyboard:generateDebugRFile (Thread[#76,Execution worker Thread 6,5,main]) started.

> Task :feature:feature-keyboard:generateDebugRFile UP-TO-DATE
Caching disabled for task ':feature:feature-keyboard:generateDebugRFile' because:
  Build cache is disabled
Skipping task ':feature:feature-keyboard:generateDebugRFile' as it is up-to-date.
work action resolve package-aware-r.txt (project :feature:feature-keyboard) (Thread[#76,Execution worker Thread 6,5,main]) started.
Resolve mutations for :feature:feature-keyboard:javaPreCompileDebug (Thread[#76,Execution worker Thread 6,5,main]) started.
:feature:feature-keyboard:javaPreCompileDebug (Thread[#76,Execution worker Thread 6,5,main]) started.

> Task :feature:feature-keyboard:javaPreCompileDebug UP-TO-DATE
Caching disabled for task ':feature:feature-keyboard:javaPreCompileDebug' because:
  Build cache is disabled
Skipping task ':feature:feature-keyboard:javaPreCompileDebug' as it is up-to-date.
Resolve mutations for :feature:feature-network:generateDebugResources (Thread[#76,Execution worker Thread 6,5,main]) started.
:feature:feature-network:generateDebugResources (Thread[#76,Execution worker Thread 6,5,main]) started.

> Task :feature:feature-network:generateDebugResources UP-TO-DATE
Caching disabled for task ':feature:feature-network:generateDebugResources' because:
  Build cache is disabled
Skipping task ':feature:feature-network:generateDebugResources' as it is up-to-date.
Resolve mutations for :feature:feature-network:packageDebugResources (Thread[#76,Execution worker Thread 6,5,main]) started.
:feature:feature-network:packageDebugResources (Thread[#76,Execution worker Thread 6,5,main]) started.

> Task :feature:feature-network:packageDebugResources UP-TO-DATE
Caching disabled for task ':feature:feature-network:packageDebugResources' because:
  Build cache is disabled
Skipping task ':feature:feature-network:packageDebugResources' as it is up-to-date.
work action resolve packageDebugResources (project :feature:feature-network) (Thread[#76,Execution worker Thread 6,5,main]) started.
Resolve mutations for :feature:feature-network:parseDebugLocalResources (Thread[#76,Execution worker Thread 6,5,main]) started.
:feature:feature-network:parseDebugLocalResources (Thread[#76,Execution worker Thread 6,5,main]) started.

> Task :feature:feature-network:parseDebugLocalResources UP-TO-DATE
Caching disabled for task ':feature:feature-network:parseDebugLocalResources' because:
  Build cache is disabled
Skipping task ':feature:feature-network:parseDebugLocalResources' as it is up-to-date.
Resolve mutations for :feature:feature-network:generateDebugRFile (Thread[#76,Execution worker Thread 6,5,main]) started.
:feature:feature-network:generateDebugRFile (Thread[#76,Execution worker Thread 6,5,main]) started.

> Task :feature:feature-network:generateDebugRFile UP-TO-DATE
Caching disabled for task ':feature:feature-network:generateDebugRFile' because:
  Build cache is disabled
Skipping task ':feature:feature-network:generateDebugRFile' as it is up-to-date.
work action resolve package-aware-r.txt (project :feature:feature-network) (Thread[#76,Execution worker Thread 6,5,main]) started.
Resolve mutations for :feature:feature-network:javaPreCompileDebug (Thread[#76,Execution worker Thread 6,5,main]) started.
:feature:feature-network:javaPreCompileDebug (Thread[#76,Execution worker Thread 6,5,main]) started.

> Task :feature:feature-network:javaPreCompileDebug UP-TO-DATE
Caching disabled for task ':feature:feature-network:javaPreCompileDebug' because:
  Build cache is disabled
Skipping task ':feature:feature-network:javaPreCompileDebug' as it is up-to-date.
Resolve mutations for :feature:feature-optimizer:generateDebugResources (Thread[#76,Execution worker Thread 6,5,main]) started.
:feature:feature-optimizer:generateDebugResources (Thread[#76,Execution worker Thread 6,5,main]) started.

> Task :feature:feature-optimizer:generateDebugResources UP-TO-DATE
Caching disabled for task ':feature:feature-optimizer:generateDebugResources' because:
  Build cache is disabled
Skipping task ':feature:feature-optimizer:generateDebugResources' as it is up-to-date.
Resolve mutations for :feature:feature-optimizer:packageDebugResources (Thread[#76,Execution worker Thread 6,5,main]) started.
:feature:feature-optimizer:packageDebugResources (Thread[#76,Execution worker Thread 6,5,main]) started.

> Task :feature:feature-optimizer:packageDebugResources UP-TO-DATE
Caching disabled for task ':feature:feature-optimizer:packageDebugResources' because:
  Build cache is disabled
Skipping task ':feature:feature-optimizer:packageDebugResources' as it is up-to-date.
work action resolve packageDebugResources (project :feature:feature-optimizer) (Thread[#76,Execution worker Thread 6,5,main]) started.
Resolve mutations for :feature:feature-optimizer:parseDebugLocalResources (Thread[#76,Execution worker Thread 6,5,main]) started.
:feature:feature-optimizer:parseDebugLocalResources (Thread[#76,Execution worker Thread 6,5,main]) started.

> Task :feature:feature-optimizer:parseDebugLocalResources UP-TO-DATE
Caching disabled for task ':feature:feature-optimizer:parseDebugLocalResources' because:
  Build cache is disabled
Skipping task ':feature:feature-optimizer:parseDebugLocalResources' as it is up-to-date.
Resolve mutations for :feature:feature-optimizer:generateDebugRFile (Thread[#76,Execution worker Thread 6,5,main]) started.
:feature:feature-optimizer:generateDebugRFile (Thread[#76,Execution worker Thread 6,5,main]) started.

> Task :feature:feature-optimizer:generateDebugRFile UP-TO-DATE
Caching disabled for task ':feature:feature-optimizer:generateDebugRFile' because:
  Build cache is disabled
Skipping task ':feature:feature-optimizer:generateDebugRFile' as it is up-to-date.
work action resolve package-aware-r.txt (project :feature:feature-optimizer) (Thread[#76,Execution worker Thread 6,5,main]) started.
Resolve mutations for :feature:feature-optimizer:javaPreCompileDebug (Thread[#76,Execution worker Thread 6,5,main]) started.
:feature:feature-optimizer:javaPreCompileDebug (Thread[#76,Execution worker Thread 6,5,main]) started.

> Task :feature:feature-optimizer:javaPreCompileDebug UP-TO-DATE
Caching disabled for task ':feature:feature-optimizer:javaPreCompileDebug' because:
  Build cache is disabled
Skipping task ':feature:feature-optimizer:javaPreCompileDebug' as it is up-to-date.
Resolve mutations for :feature:feature-profile:generateDebugResources (Thread[#76,Execution worker Thread 6,5,main]) started.
:feature:feature-profile:generateDebugResources (Thread[#76,Execution worker Thread 6,5,main]) started.

> Task :feature:feature-profile:generateDebugResources UP-TO-DATE
Caching disabled for task ':feature:feature-profile:generateDebugResources' because:
  Build cache is disabled
Skipping task ':feature:feature-profile:generateDebugResources' as it is up-to-date.
Resolve mutations for :feature:feature-profile:packageDebugResources (Thread[#76,Execution worker Thread 6,5,main]) started.
:feature:feature-profile:packageDebugResources (Thread[#76,Execution worker Thread 6,5,main]) started.

> Task :feature:feature-profile:packageDebugResources UP-TO-DATE
Caching disabled for task ':feature:feature-profile:packageDebugResources' because:
  Build cache is disabled
Skipping task ':feature:feature-profile:packageDebugResources' as it is up-to-date.
work action resolve packageDebugResources (project :feature:feature-profile) (Thread[#76,Execution worker Thread 6,5,main]) started.
Resolve mutations for :feature:feature-profile:parseDebugLocalResources (Thread[#76,Execution worker Thread 6,5,main]) started.
:feature:feature-profile:parseDebugLocalResources (Thread[#78,Execution worker Thread 8,5,main]) started.

> Task :feature:feature-profile:parseDebugLocalResources UP-TO-DATE
Caching disabled for task ':feature:feature-profile:parseDebugLocalResources' because:
  Build cache is disabled
Skipping task ':feature:feature-profile:parseDebugLocalResources' as it is up-to-date.
Resolve mutations for :feature:feature-profile:generateDebugRFile (Thread[#78,Execution worker Thread 8,5,main]) started.
:feature:feature-profile:generateDebugRFile (Thread[#78,Execution worker Thread 8,5,main]) started.

> Task :feature:feature-profile:generateDebugRFile UP-TO-DATE
Caching disabled for task ':feature:feature-profile:generateDebugRFile' because:
  Build cache is disabled
Skipping task ':feature:feature-profile:generateDebugRFile' as it is up-to-date.
work action resolve package-aware-r.txt (project :feature:feature-profile) (Thread[#78,Execution worker Thread 8,5,main]) started.
Resolve mutations for :feature:feature-profile:javaPreCompileDebug (Thread[#78,Execution worker Thread 8,5,main]) started.
:feature:feature-profile:javaPreCompileDebug (Thread[#78,Execution worker Thread 8,5,main]) started.

> Task :feature:feature-profile:javaPreCompileDebug UP-TO-DATE
Caching disabled for task ':feature:feature-profile:javaPreCompileDebug' because:
  Build cache is disabled
Skipping task ':feature:feature-profile:javaPreCompileDebug' as it is up-to-date.
Resolve mutations for :feature:feature-scanner:generateDebugResources (Thread[#78,Execution worker Thread 8,5,main]) started.
:feature:feature-scanner:generateDebugResources (Thread[#78,Execution worker Thread 8,5,main]) started.

> Task :feature:feature-scanner:generateDebugResources UP-TO-DATE
Caching disabled for task ':feature:feature-scanner:generateDebugResources' because:
  Build cache is disabled
Skipping task ':feature:feature-scanner:generateDebugResources' as it is up-to-date.
Resolve mutations for :feature:feature-scanner:packageDebugResources (Thread[#78,Execution worker Thread 8,5,main]) started.
:feature:feature-scanner:packageDebugResources (Thread[#78,Execution worker Thread 8,5,main]) started.

> Task :feature:feature-scanner:packageDebugResources UP-TO-DATE
Caching disabled for task ':feature:feature-scanner:packageDebugResources' because:
  Build cache is disabled
Skipping task ':feature:feature-scanner:packageDebugResources' as it is up-to-date.
work action resolve packageDebugResources (project :feature:feature-scanner) (Thread[#79,Execution worker Thread 9,5,main]) started.
Resolve mutations for :feature:feature-scanner:parseDebugLocalResources (Thread[#79,Execution worker Thread 9,5,main]) started.
:feature:feature-scanner:parseDebugLocalResources (Thread[#79,Execution worker Thread 9,5,main]) started.

> Task :feature:feature-scanner:parseDebugLocalResources UP-TO-DATE
Caching disabled for task ':feature:feature-scanner:parseDebugLocalResources' because:
  Build cache is disabled
Skipping task ':feature:feature-scanner:parseDebugLocalResources' as it is up-to-date.
Resolve mutations for :feature:feature-scanner:generateDebugRFile (Thread[#79,Execution worker Thread 9,5,main]) started.
:feature:feature-scanner:generateDebugRFile (Thread[#79,Execution worker Thread 9,5,main]) started.

> Task :feature:feature-scanner:generateDebugRFile UP-TO-DATE
Caching disabled for task ':feature:feature-scanner:generateDebugRFile' because:
  Build cache is disabled
Skipping task ':feature:feature-scanner:generateDebugRFile' as it is up-to-date.
work action resolve package-aware-r.txt (project :feature:feature-scanner) (Thread[#79,Execution worker Thread 9,5,main]) started.
Resolve mutations for :feature:feature-scanner:javaPreCompileDebug (Thread[#79,Execution worker Thread 9,5,main]) started.
:feature:feature-scanner:javaPreCompileDebug (Thread[#79,Execution worker Thread 9,5,main]) started.

> Task :feature:feature-scanner:javaPreCompileDebug UP-TO-DATE
Caching disabled for task ':feature:feature-scanner:javaPreCompileDebug' because:
  Build cache is disabled
Skipping task ':feature:feature-scanner:javaPreCompileDebug' as it is up-to-date.
Resolve mutations for :feature:feature-storage:generateDebugResources (Thread[#79,Execution worker Thread 9,5,main]) started.
:feature:feature-storage:generateDebugResources (Thread[#79,Execution worker Thread 9,5,main]) started.

> Task :feature:feature-storage:generateDebugResources UP-TO-DATE
Caching disabled for task ':feature:feature-storage:generateDebugResources' because:
  Build cache is disabled
Skipping task ':feature:feature-storage:generateDebugResources' as it is up-to-date.
Resolve mutations for :feature:feature-storage:packageDebugResources (Thread[#79,Execution worker Thread 9,5,main]) started.
:feature:feature-storage:packageDebugResources (Thread[#79,Execution worker Thread 9,5,main]) started.

> Task :feature:feature-storage:packageDebugResources UP-TO-DATE
Caching disabled for task ':feature:feature-storage:packageDebugResources' because:
  Build cache is disabled
Skipping task ':feature:feature-storage:packageDebugResources' as it is up-to-date.
work action resolve packageDebugResources (project :feature:feature-storage) (Thread[#79,Execution worker Thread 9,5,main]) started.
Resolve mutations for :feature:feature-storage:parseDebugLocalResources (Thread[#79,Execution worker Thread 9,5,main]) started.
:feature:feature-storage:parseDebugLocalResources (Thread[#79,Execution worker Thread 9,5,main]) started.

> Task :feature:feature-storage:parseDebugLocalResources UP-TO-DATE
Caching disabled for task ':feature:feature-storage:parseDebugLocalResources' because:
  Build cache is disabled
Skipping task ':feature:feature-storage:parseDebugLocalResources' as it is up-to-date.
Resolve mutations for :feature:feature-storage:generateDebugRFile (Thread[#79,Execution worker Thread 9,5,main]) started.
:feature:feature-storage:generateDebugRFile (Thread[#79,Execution worker Thread 9,5,main]) started.

> Task :feature:feature-storage:generateDebugRFile UP-TO-DATE
Caching disabled for task ':feature:feature-storage:generateDebugRFile' because:
  Build cache is disabled
Skipping task ':feature:feature-storage:generateDebugRFile' as it is up-to-date.
work action resolve package-aware-r.txt (project :feature:feature-storage) (Thread[#79,Execution worker Thread 9,5,main]) started.
Resolve mutations for :feature:feature-storage:javaPreCompileDebug (Thread[#79,Execution worker Thread 9,5,main]) started.
:feature:feature-storage:javaPreCompileDebug (Thread[#79,Execution worker Thread 9,5,main]) started.

> Task :feature:feature-storage:javaPreCompileDebug UP-TO-DATE
Caching disabled for task ':feature:feature-storage:javaPreCompileDebug' because:
  Build cache is disabled
Skipping task ':feature:feature-storage:javaPreCompileDebug' as it is up-to-date.
Resolve mutations for :feature:feature-streak:generateDebugResources (Thread[#79,Execution worker Thread 9,5,main]) started.
:feature:feature-streak:generateDebugResources (Thread[#79,Execution worker Thread 9,5,main]) started.

> Task :feature:feature-streak:generateDebugResources UP-TO-DATE
Caching disabled for task ':feature:feature-streak:generateDebugResources' because:
  Build cache is disabled
Skipping task ':feature:feature-streak:generateDebugResources' as it is up-to-date.
Resolve mutations for :feature:feature-streak:packageDebugResources (Thread[#79,Execution worker Thread 9,5,main]) started.
:feature:feature-streak:packageDebugResources (Thread[#79,Execution worker Thread 9,5,main]) started.

> Task :feature:feature-streak:packageDebugResources UP-TO-DATE
Caching disabled for task ':feature:feature-streak:packageDebugResources' because:
  Build cache is disabled
Skipping task ':feature:feature-streak:packageDebugResources' as it is up-to-date.
work action resolve packageDebugResources (project :feature:feature-streak) (Thread[#79,Execution worker Thread 9,5,main]) started.
Resolve mutations for :feature:feature-streak:parseDebugLocalResources (Thread[#79,Execution worker Thread 9,5,main]) started.
:feature:feature-streak:parseDebugLocalResources (Thread[#79,Execution worker Thread 9,5,main]) started.

> Task :feature:feature-streak:parseDebugLocalResources UP-TO-DATE
Caching disabled for task ':feature:feature-streak:parseDebugLocalResources' because:
  Build cache is disabled
Skipping task ':feature:feature-streak:parseDebugLocalResources' as it is up-to-date.
Resolve mutations for :feature:feature-streak:generateDebugRFile (Thread[#79,Execution worker Thread 9,5,main]) started.
:feature:feature-streak:generateDebugRFile (Thread[#79,Execution worker Thread 9,5,main]) started.

> Task :feature:feature-streak:generateDebugRFile UP-TO-DATE
Caching disabled for task ':feature:feature-streak:generateDebugRFile' because:
  Build cache is disabled
Skipping task ':feature:feature-streak:generateDebugRFile' as it is up-to-date.
work action resolve package-aware-r.txt (project :feature:feature-streak) (Thread[#79,Execution worker Thread 9,5,main]) started.
Resolve mutations for :feature:feature-streak:javaPreCompileDebug (Thread[#79,Execution worker Thread 9,5,main]) started.
:feature:feature-streak:javaPreCompileDebug (Thread[#79,Execution worker Thread 9,5,main]) started.

> Task :feature:feature-streak:javaPreCompileDebug UP-TO-DATE
Caching disabled for task ':feature:feature-streak:javaPreCompileDebug' because:
  Build cache is disabled
Skipping task ':feature:feature-streak:javaPreCompileDebug' as it is up-to-date.
Resolve mutations for :feature:feature-sync:generateDebugResources (Thread[#79,Execution worker Thread 9,5,main]) started.
:feature:feature-sync:generateDebugResources (Thread[#79,Execution worker Thread 9,5,main]) started.

> Task :feature:feature-sync:generateDebugResources UP-TO-DATE
Caching disabled for task ':feature:feature-sync:generateDebugResources' because:
  Build cache is disabled
Skipping task ':feature:feature-sync:generateDebugResources' as it is up-to-date.
Resolve mutations for :feature:feature-sync:packageDebugResources (Thread[#79,Execution worker Thread 9,5,main]) started.
:feature:feature-sync:packageDebugResources (Thread[#79,Execution worker Thread 9,5,main]) started.

> Task :feature:feature-sync:packageDebugResources UP-TO-DATE
Caching disabled for task ':feature:feature-sync:packageDebugResources' because:
  Build cache is disabled
Skipping task ':feature:feature-sync:packageDebugResources' as it is up-to-date.
work action resolve packageDebugResources (project :feature:feature-sync) (Thread[#79,Execution worker Thread 9,5,main]) started.
Resolve mutations for :feature:feature-sync:parseDebugLocalResources (Thread[#79,Execution worker Thread 9,5,main]) started.
:feature:feature-sync:parseDebugLocalResources (Thread[#79,Execution worker Thread 9,5,main]) started.

> Task :feature:feature-sync:parseDebugLocalResources UP-TO-DATE
Caching disabled for task ':feature:feature-sync:parseDebugLocalResources' because:
  Build cache is disabled
Skipping task ':feature:feature-sync:parseDebugLocalResources' as it is up-to-date.
Resolve mutations for :feature:feature-sync:generateDebugRFile (Thread[#79,Execution worker Thread 9,5,main]) started.
:feature:feature-sync:generateDebugRFile (Thread[#79,Execution worker Thread 9,5,main]) started.

> Task :feature:feature-sync:generateDebugRFile UP-TO-DATE
Caching disabled for task ':feature:feature-sync:generateDebugRFile' because:
  Build cache is disabled
Skipping task ':feature:feature-sync:generateDebugRFile' as it is up-to-date.
work action resolve package-aware-r.txt (project :feature:feature-sync) (Thread[#79,Execution worker Thread 9,5,main]) started.
Resolve mutations for :feature:feature-sync:javaPreCompileDebug (Thread[#75,Execution worker Thread 5,5,main]) started.
:feature:feature-sync:javaPreCompileDebug (Thread[#75,Execution worker Thread 5,5,main]) started.

> Task :feature:feature-sync:javaPreCompileDebug UP-TO-DATE
Caching disabled for task ':feature:feature-sync:javaPreCompileDebug' because:
  Build cache is disabled
Skipping task ':feature:feature-sync:javaPreCompileDebug' as it is up-to-date.
Resolve mutations for :feature:feature-tracker:generateDebugResources (Thread[#75,Execution worker Thread 5,5,main]) started.
:feature:feature-tracker:generateDebugResources (Thread[#75,Execution worker Thread 5,5,main]) started.

> Task :feature:feature-tracker:generateDebugResources UP-TO-DATE
Caching disabled for task ':feature:feature-tracker:generateDebugResources' because:
  Build cache is disabled
Skipping task ':feature:feature-tracker:generateDebugResources' as it is up-to-date.
Resolve mutations for :feature:feature-tracker:packageDebugResources (Thread[#75,Execution worker Thread 5,5,main]) started.
:feature:feature-tracker:packageDebugResources (Thread[#75,Execution worker Thread 5,5,main]) started.

> Task :feature:feature-tracker:packageDebugResources UP-TO-DATE
Caching disabled for task ':feature:feature-tracker:packageDebugResources' because:
  Build cache is disabled
Skipping task ':feature:feature-tracker:packageDebugResources' as it is up-to-date.
work action resolve packageDebugResources (project :feature:feature-tracker) (Thread[#75,Execution worker Thread 5,5,main]) started.
Resolve mutations for :feature:feature-tracker:parseDebugLocalResources (Thread[#75,Execution worker Thread 5,5,main]) started.
:feature:feature-tracker:parseDebugLocalResources (Thread[#75,Execution worker Thread 5,5,main]) started.

> Task :feature:feature-tracker:parseDebugLocalResources UP-TO-DATE
Caching disabled for task ':feature:feature-tracker:parseDebugLocalResources' because:
  Build cache is disabled
Skipping task ':feature:feature-tracker:parseDebugLocalResources' as it is up-to-date.
Resolve mutations for :feature:feature-tracker:generateDebugRFile (Thread[#75,Execution worker Thread 5,5,main]) started.
:feature:feature-tracker:generateDebugRFile (Thread[#75,Execution worker Thread 5,5,main]) started.

> Task :feature:feature-tracker:generateDebugRFile UP-TO-DATE
Caching disabled for task ':feature:feature-tracker:generateDebugRFile' because:
  Build cache is disabled
Skipping task ':feature:feature-tracker:generateDebugRFile' as it is up-to-date.
work action resolve package-aware-r.txt (project :feature:feature-tracker) (Thread[#75,Execution worker Thread 5,5,main]) started.
Resolve mutations for :feature:feature-tracker:javaPreCompileDebug (Thread[#75,Execution worker Thread 5,5,main]) started.
:feature:feature-tracker:javaPreCompileDebug (Thread[#75,Execution worker Thread 5,5,main]) started.

> Task :feature:feature-tracker:javaPreCompileDebug UP-TO-DATE
Caching disabled for task ':feature:feature-tracker:javaPreCompileDebug' because:
  Build cache is disabled
Skipping task ':feature:feature-tracker:javaPreCompileDebug' as it is up-to-date.
Resolve mutations for :app:javaPreCompileDebug (Thread[#75,Execution worker Thread 5,5,main]) started.
:app:javaPreCompileDebug (Thread[#75,Execution worker Thread 5,5,main]) started.

> Task :app:javaPreCompileDebug UP-TO-DATE
Caching disabled for task ':app:javaPreCompileDebug' because:
  Build cache is disabled
Skipping task ':app:javaPreCompileDebug' as it is up-to-date.
Resolve mutations for :app:generateDebugAssets (Thread[#75,Execution worker Thread 5,5,main]) started.
:app:generateDebugAssets (Thread[#75,Execution worker Thread 5,5,main]) started.

> Task :app:generateDebugAssets UP-TO-DATE
Skipping task ':app:generateDebugAssets' as it has no actions.
Resolve mutations for :core:core-common:generateDebugAssets (Thread[#75,Execution worker Thread 5,5,main]) started.
:core:core-common:generateDebugAssets (Thread[#75,Execution worker Thread 5,5,main]) started.

> Task :core:core-common:generateDebugAssets UP-TO-DATE
Skipping task ':core:core-common:generateDebugAssets' as it has no actions.
Resolve mutations for :core:core-common:mergeDebugAssets (Thread[#75,Execution worker Thread 5,5,main]) started.
:core:core-common:mergeDebugAssets (Thread[#75,Execution worker Thread 5,5,main]) started.

> Task :core:core-common:mergeDebugAssets UP-TO-DATE
Caching disabled for task ':core:core-common:mergeDebugAssets' because:
  Build cache is disabled
  Simple merging task
Skipping task ':core:core-common:mergeDebugAssets' as it is up-to-date.
work action resolve mergeDebugAssets (project :core:core-common) (Thread[#75,Execution worker Thread 5,5,main]) started.
Resolve mutations for :core:core-data:generateDebugAssets (Thread[#75,Execution worker Thread 5,5,main]) started.
:core:core-data:generateDebugAssets (Thread[#75,Execution worker Thread 5,5,main]) started.

> Task :core:core-data:generateDebugAssets UP-TO-DATE
Skipping task ':core:core-data:generateDebugAssets' as it has no actions.
Resolve mutations for :core:core-data:mergeDebugAssets (Thread[#75,Execution worker Thread 5,5,main]) started.
:core:core-data:mergeDebugAssets (Thread[#75,Execution worker Thread 5,5,main]) started.

> Task :core:core-data:mergeDebugAssets UP-TO-DATE
Caching disabled for task ':core:core-data:mergeDebugAssets' because:
  Build cache is disabled
  Simple merging task
Skipping task ':core:core-data:mergeDebugAssets' as it is up-to-date.
work action resolve mergeDebugAssets (project :core:core-data) (Thread[#75,Execution worker Thread 5,5,main]) started.
Resolve mutations for :core:core-domain:generateDebugAssets (Thread[#75,Execution worker Thread 5,5,main]) started.
:core:core-domain:generateDebugAssets (Thread[#75,Execution worker Thread 5,5,main]) started.

> Task :core:core-domain:generateDebugAssets UP-TO-DATE
Skipping task ':core:core-domain:generateDebugAssets' as it has no actions.
Resolve mutations for :core:core-domain:mergeDebugAssets (Thread[#75,Execution worker Thread 5,5,main]) started.
:core:core-domain:mergeDebugAssets (Thread[#75,Execution worker Thread 5,5,main]) started.

> Task :core:core-domain:mergeDebugAssets UP-TO-DATE
Caching disabled for task ':core:core-domain:mergeDebugAssets' because:
  Build cache is disabled
  Simple merging task
Skipping task ':core:core-domain:mergeDebugAssets' as it is up-to-date.
work action resolve mergeDebugAssets (project :core:core-domain) (Thread[#75,Execution worker Thread 5,5,main]) started.
Resolve mutations for :core:core-ui:generateDebugAssets (Thread[#75,Execution worker Thread 5,5,main]) started.
:core:core-ui:generateDebugAssets (Thread[#75,Execution worker Thread 5,5,main]) started.

> Task :core:core-ui:generateDebugAssets UP-TO-DATE
Skipping task ':core:core-ui:generateDebugAssets' as it has no actions.
Resolve mutations for :core:core-ui:mergeDebugAssets (Thread[#75,Execution worker Thread 5,5,main]) started.
:core:core-ui:mergeDebugAssets (Thread[#75,Execution worker Thread 5,5,main]) started.

> Task :core:core-ui:mergeDebugAssets UP-TO-DATE
Caching disabled for task ':core:core-ui:mergeDebugAssets' because:
  Build cache is disabled
  Simple merging task
Skipping task ':core:core-ui:mergeDebugAssets' as it is up-to-date.
work action resolve mergeDebugAssets (project :core:core-ui) (Thread[#79,Execution worker Thread 9,5,main]) started.
Resolve mutations for :feature:feature-accessibility:generateDebugAssets (Thread[#79,Execution worker Thread 9,5,main]) started.
:feature:feature-accessibility:generateDebugAssets (Thread[#79,Execution worker Thread 9,5,main]) started.

> Task :feature:feature-accessibility:generateDebugAssets UP-TO-DATE
Skipping task ':feature:feature-accessibility:generateDebugAssets' as it has no actions.
Resolve mutations for :feature:feature-accessibility:mergeDebugAssets (Thread[#79,Execution worker Thread 9,5,main]) started.
:feature:feature-accessibility:mergeDebugAssets (Thread[#79,Execution worker Thread 9,5,main]) started.

> Task :feature:feature-accessibility:mergeDebugAssets UP-TO-DATE
Caching disabled for task ':feature:feature-accessibility:mergeDebugAssets' because:
  Build cache is disabled
  Simple merging task
Skipping task ':feature:feature-accessibility:mergeDebugAssets' as it is up-to-date.
work action resolve mergeDebugAssets (project :feature:feature-accessibility) (Thread[#79,Execution worker Thread 9,5,main]) started.
Resolve mutations for :feature:feature-focus:generateDebugAssets (Thread[#79,Execution worker Thread 9,5,main]) started.
:feature:feature-focus:generateDebugAssets (Thread[#79,Execution worker Thread 9,5,main]) started.

> Task :feature:feature-focus:generateDebugAssets UP-TO-DATE
Skipping task ':feature:feature-focus:generateDebugAssets' as it has no actions.
Resolve mutations for :feature:feature-focus:mergeDebugAssets (Thread[#79,Execution worker Thread 9,5,main]) started.
:feature:feature-focus:mergeDebugAssets (Thread[#79,Execution worker Thread 9,5,main]) started.

> Task :feature:feature-focus:mergeDebugAssets UP-TO-DATE
Caching disabled for task ':feature:feature-focus:mergeDebugAssets' because:
  Build cache is disabled
  Simple merging task
Skipping task ':feature:feature-focus:mergeDebugAssets' as it is up-to-date.
work action resolve mergeDebugAssets (project :feature:feature-focus) (Thread[#79,Execution worker Thread 9,5,main]) started.
Resolve mutations for :feature:feature-keyboard:generateDebugAssets (Thread[#79,Execution worker Thread 9,5,main]) started.
:feature:feature-keyboard:generateDebugAssets (Thread[#79,Execution worker Thread 9,5,main]) started.

> Task :feature:feature-keyboard:generateDebugAssets UP-TO-DATE
Skipping task ':feature:feature-keyboard:generateDebugAssets' as it has no actions.
Resolve mutations for :feature:feature-keyboard:mergeDebugAssets (Thread[#79,Execution worker Thread 9,5,main]) started.
:feature:feature-keyboard:mergeDebugAssets (Thread[#79,Execution worker Thread 9,5,main]) started.

> Task :feature:feature-keyboard:mergeDebugAssets UP-TO-DATE
Caching disabled for task ':feature:feature-keyboard:mergeDebugAssets' because:
  Build cache is disabled
  Simple merging task
Skipping task ':feature:feature-keyboard:mergeDebugAssets' as it is up-to-date.
work action resolve mergeDebugAssets (project :feature:feature-keyboard) (Thread[#79,Execution worker Thread 9,5,main]) started.
Resolve mutations for :feature:feature-ml:generateDebugAssets (Thread[#79,Execution worker Thread 9,5,main]) started.
:feature:feature-ml:generateDebugAssets (Thread[#79,Execution worker Thread 9,5,main]) started.

> Task :feature:feature-ml:generateDebugAssets UP-TO-DATE
Skipping task ':feature:feature-ml:generateDebugAssets' as it has no actions.
Resolve mutations for :feature:feature-ml:mergeDebugAssets (Thread[#79,Execution worker Thread 9,5,main]) started.
:feature:feature-ml:mergeDebugAssets (Thread[#79,Execution worker Thread 9,5,main]) started.

> Task :feature:feature-ml:mergeDebugAssets UP-TO-DATE
Caching disabled for task ':feature:feature-ml:mergeDebugAssets' because:
  Build cache is disabled
  Simple merging task
Skipping task ':feature:feature-ml:mergeDebugAssets' as it is up-to-date.
work action resolve mergeDebugAssets (project :feature:feature-ml) (Thread[#79,Execution worker Thread 9,5,main]) started.
Resolve mutations for :feature:feature-network:generateDebugAssets (Thread[#79,Execution worker Thread 9,5,main]) started.
:feature:feature-network:generateDebugAssets (Thread[#79,Execution worker Thread 9,5,main]) started.

> Task :feature:feature-network:generateDebugAssets UP-TO-DATE
Skipping task ':feature:feature-network:generateDebugAssets' as it has no actions.
Resolve mutations for :feature:feature-network:mergeDebugAssets (Thread[#79,Execution worker Thread 9,5,main]) started.
:feature:feature-network:mergeDebugAssets (Thread[#79,Execution worker Thread 9,5,main]) started.

> Task :feature:feature-network:mergeDebugAssets UP-TO-DATE
Caching disabled for task ':feature:feature-network:mergeDebugAssets' because:
  Build cache is disabled
  Simple merging task
Skipping task ':feature:feature-network:mergeDebugAssets' as it is up-to-date.
work action resolve mergeDebugAssets (project :feature:feature-network) (Thread[#79,Execution worker Thread 9,5,main]) started.
Resolve mutations for :feature:feature-optimizer:generateDebugAssets (Thread[#79,Execution worker Thread 9,5,main]) started.
:feature:feature-optimizer:generateDebugAssets (Thread[#79,Execution worker Thread 9,5,main]) started.

> Task :feature:feature-optimizer:generateDebugAssets UP-TO-DATE
Skipping task ':feature:feature-optimizer:generateDebugAssets' as it has no actions.
Resolve mutations for :feature:feature-optimizer:mergeDebugAssets (Thread[#79,Execution worker Thread 9,5,main]) started.
:feature:feature-optimizer:mergeDebugAssets (Thread[#79,Execution worker Thread 9,5,main]) started.

> Task :feature:feature-optimizer:mergeDebugAssets UP-TO-DATE
Caching disabled for task ':feature:feature-optimizer:mergeDebugAssets' because:
  Build cache is disabled
  Simple merging task
Skipping task ':feature:feature-optimizer:mergeDebugAssets' as it is up-to-date.
work action resolve mergeDebugAssets (project :feature:feature-optimizer) (Thread[#79,Execution worker Thread 9,5,main]) started.
Resolve mutations for :feature:feature-profile:generateDebugAssets (Thread[#79,Execution worker Thread 9,5,main]) started.
:feature:feature-profile:generateDebugAssets (Thread[#79,Execution worker Thread 9,5,main]) started.

> Task :feature:feature-profile:generateDebugAssets UP-TO-DATE
Skipping task ':feature:feature-profile:generateDebugAssets' as it has no actions.
Resolve mutations for :feature:feature-profile:mergeDebugAssets (Thread[#79,Execution worker Thread 9,5,main]) started.
:feature:feature-profile:mergeDebugAssets (Thread[#79,Execution worker Thread 9,5,main]) started.

> Task :feature:feature-profile:mergeDebugAssets UP-TO-DATE
Caching disabled for task ':feature:feature-profile:mergeDebugAssets' because:
  Build cache is disabled
  Simple merging task
Skipping task ':feature:feature-profile:mergeDebugAssets' as it is up-to-date.
work action resolve mergeDebugAssets (project :feature:feature-profile) (Thread[#79,Execution worker Thread 9,5,main]) started.
Resolve mutations for :feature:feature-scanner:generateDebugAssets (Thread[#79,Execution worker Thread 9,5,main]) started.
:feature:feature-scanner:generateDebugAssets (Thread[#79,Execution worker Thread 9,5,main]) started.

> Task :feature:feature-scanner:generateDebugAssets UP-TO-DATE
Skipping task ':feature:feature-scanner:generateDebugAssets' as it has no actions.
Resolve mutations for :feature:feature-scanner:mergeDebugAssets (Thread[#79,Execution worker Thread 9,5,main]) started.
:feature:feature-scanner:mergeDebugAssets (Thread[#79,Execution worker Thread 9,5,main]) started.

> Task :feature:feature-scanner:mergeDebugAssets UP-TO-DATE
Caching disabled for task ':feature:feature-scanner:mergeDebugAssets' because:
  Build cache is disabled
  Simple merging task
Skipping task ':feature:feature-scanner:mergeDebugAssets' as it is up-to-date.
work action resolve mergeDebugAssets (project :feature:feature-scanner) (Thread[#79,Execution worker Thread 9,5,main]) started.
Resolve mutations for :feature:feature-storage:generateDebugAssets (Thread[#79,Execution worker Thread 9,5,main]) started.
:feature:feature-storage:generateDebugAssets (Thread[#79,Execution worker Thread 9,5,main]) started.

> Task :feature:feature-storage:generateDebugAssets UP-TO-DATE
Skipping task ':feature:feature-storage:generateDebugAssets' as it has no actions.
Resolve mutations for :feature:feature-storage:mergeDebugAssets (Thread[#79,Execution worker Thread 9,5,main]) started.
:feature:feature-storage:mergeDebugAssets (Thread[#79,Execution worker Thread 9,5,main]) started.

> Task :feature:feature-storage:mergeDebugAssets UP-TO-DATE
Caching disabled for task ':feature:feature-storage:mergeDebugAssets' because:
  Build cache is disabled
  Simple merging task
Skipping task ':feature:feature-storage:mergeDebugAssets' as it is up-to-date.
work action resolve mergeDebugAssets (project :feature:feature-storage) (Thread[#79,Execution worker Thread 9,5,main]) started.
Resolve mutations for :feature:feature-streak:generateDebugAssets (Thread[#79,Execution worker Thread 9,5,main]) started.
:feature:feature-streak:generateDebugAssets (Thread[#79,Execution worker Thread 9,5,main]) started.

> Task :feature:feature-streak:generateDebugAssets UP-TO-DATE
Skipping task ':feature:feature-streak:generateDebugAssets' as it has no actions.
Resolve mutations for :feature:feature-streak:mergeDebugAssets (Thread[#79,Execution worker Thread 9,5,main]) started.
:feature:feature-streak:mergeDebugAssets (Thread[#79,Execution worker Thread 9,5,main]) started.

> Task :feature:feature-streak:mergeDebugAssets UP-TO-DATE
Caching disabled for task ':feature:feature-streak:mergeDebugAssets' because:
  Build cache is disabled
  Simple merging task
Skipping task ':feature:feature-streak:mergeDebugAssets' as it is up-to-date.
work action resolve mergeDebugAssets (project :feature:feature-streak) (Thread[#79,Execution worker Thread 9,5,main]) started.
Resolve mutations for :feature:feature-sync:generateDebugAssets (Thread[#79,Execution worker Thread 9,5,main]) started.
:feature:feature-sync:generateDebugAssets (Thread[#79,Execution worker Thread 9,5,main]) started.

> Task :feature:feature-sync:generateDebugAssets UP-TO-DATE
Skipping task ':feature:feature-sync:generateDebugAssets' as it has no actions.
Resolve mutations for :feature:feature-sync:mergeDebugAssets (Thread[#79,Execution worker Thread 9,5,main]) started.
:feature:feature-sync:mergeDebugAssets (Thread[#79,Execution worker Thread 9,5,main]) started.

> Task :feature:feature-sync:mergeDebugAssets UP-TO-DATE
Caching disabled for task ':feature:feature-sync:mergeDebugAssets' because:
  Build cache is disabled
  Simple merging task
Skipping task ':feature:feature-sync:mergeDebugAssets' as it is up-to-date.
work action resolve mergeDebugAssets (project :feature:feature-sync) (Thread[#79,Execution worker Thread 9,5,main]) started.
Resolve mutations for :feature:feature-tracker:generateDebugAssets (Thread[#79,Execution worker Thread 9,5,main]) started.
:feature:feature-tracker:generateDebugAssets (Thread[#79,Execution worker Thread 9,5,main]) started.

> Task :feature:feature-tracker:generateDebugAssets UP-TO-DATE
Skipping task ':feature:feature-tracker:generateDebugAssets' as it has no actions.
Resolve mutations for :feature:feature-tracker:mergeDebugAssets (Thread[#79,Execution worker Thread 9,5,main]) started.
:feature:feature-tracker:mergeDebugAssets (Thread[#79,Execution worker Thread 9,5,main]) started.

> Task :feature:feature-tracker:mergeDebugAssets UP-TO-DATE
Caching disabled for task ':feature:feature-tracker:mergeDebugAssets' because:
  Build cache is disabled
  Simple merging task
Skipping task ':feature:feature-tracker:mergeDebugAssets' as it is up-to-date.
work action resolve mergeDebugAssets (project :feature:feature-tracker) (Thread[#79,Execution worker Thread 9,5,main]) started.
Resolve mutations for :app:mergeDebugAssets (Thread[#79,Execution worker Thread 9,5,main]) started.
:app:mergeDebugAssets (Thread[#79,Execution worker Thread 9,5,main]) started.

> Task :app:mergeDebugAssets UP-TO-DATE
Caching disabled for task ':app:mergeDebugAssets' because:
  Build cache is disabled
  Simple merging task
Skipping task ':app:mergeDebugAssets' as it is up-to-date.
Resolve mutations for :app:compressDebugAssets (Thread[#79,Execution worker Thread 9,5,main]) started.
:app:compressDebugAssets (Thread[#79,Execution worker Thread 9,5,main]) started.

> Task :app:compressDebugAssets UP-TO-DATE
Caching disabled for task ':app:compressDebugAssets' because:
  Build cache is disabled
Skipping task ':app:compressDebugAssets' as it is up-to-date.
Resolve mutations for :app:generateDebugGlobalSynthetics (Thread[#75,Execution worker Thread 5,5,main]) started.
:app:generateDebugGlobalSynthetics (Thread[#75,Execution worker Thread 5,5,main]) started.

> Task :app:generateDebugGlobalSynthetics UP-TO-DATE
Caching disabled for task ':app:generateDebugGlobalSynthetics' because:
  Build cache is disabled
Skipping task ':app:generateDebugGlobalSynthetics' as it is up-to-date.
Resolve mutations for :core:core-common:processDebugJavaRes (Thread[#75,Execution worker Thread 5,5,main]) started.
:core:core-common:processDebugJavaRes (Thread[#75,Execution worker Thread 5,5,main]) started.

> Task :core:core-common:processDebugJavaRes UP-TO-DATE
file or directory 'C:\Users\iamas\Desktop\Code-Base\Al-HissN\core\core-common\src\main\resources', not found
file or directory 'C:\Users\iamas\Desktop\Code-Base\Al-HissN\core\core-common\src\debug\resources', not found
Caching disabled for task ':core:core-common:processDebugJavaRes' because:
  Build cache is disabled
  Caching has been disabled for the task
Skipping task ':core:core-common:processDebugJavaRes' as it is up-to-date.
work action resolve out (project :core:core-common) (Thread[#75,Execution worker Thread 5,5,main]) started.
Resolve mutations for :core:core-domain:processDebugJavaRes (Thread[#75,Execution worker Thread 5,5,main]) started.
:core:core-domain:processDebugJavaRes (Thread[#75,Execution worker Thread 5,5,main]) started.

> Task :core:core-domain:processDebugJavaRes UP-TO-DATE
file or directory 'C:\Users\iamas\Desktop\Code-Base\Al-HissN\core\core-domain\src\main\resources', not found
file or directory 'C:\Users\iamas\Desktop\Code-Base\Al-HissN\core\core-domain\src\debug\resources', not found
Caching disabled for task ':core:core-domain:processDebugJavaRes' because:
  Build cache is disabled
  Caching has been disabled for the task
Skipping task ':core:core-domain:processDebugJavaRes' as it is up-to-date.
work action resolve out (project :core:core-domain) (Thread[#75,Execution worker Thread 5,5,main]) started.
Resolve mutations for :app:checkDebugDuplicateClasses (Thread[#75,Execution worker Thread 5,5,main]) started.
:app:checkDebugDuplicateClasses (Thread[#75,Execution worker Thread 5,5,main]) started.

> Task :core:core-data:kspDebugKotlin
Caching disabled for task ':core:core-data:kspDebugKotlin' because:
  Build cache is disabled
Task ':core:core-data:kspDebugKotlin' is not up-to-date because:
  Value of input property 'kspConfig.logLevel' has changed for task ':core:core-data:kspDebugKotlin'
The input changes require a full rebuild for incremental task ':core:core-data:kspDebugKotlin'.
file or directory 'C:\Users\iamas\Desktop\Code-Base\Al-HissN\core\core-data\src\main\kotlin', not found
file or directory 'C:\Users\iamas\Desktop\Code-Base\Al-HissN\core\core-data\src\debug\java', not found
file or directory 'C:\Users\iamas\Desktop\Code-Base\Al-HissN\core\core-data\src\debug\kotlin', not found
file or directory 'C:\Users\iamas\Desktop\Code-Base\Al-HissN\core\core-data\src\main\kotlin', not found
file or directory 'C:\Users\iamas\Desktop\Code-Base\Al-HissN\core\core-data\src\debug\java', not found
file or directory 'C:\Users\iamas\Desktop\Code-Base\Al-HissN\core\core-data\src\debug\kotlin', not found
i: [ksp] loaded provider(s): [androidx.room.RoomKspProcessor$Provider, dagger.hilt.processor.internal.uninstallmodules.KspUninstallModulesProcessor$Provider, dagger.hilt.android.processor.internal.viewmodel.KspViewModelProcessor$Provider, dagger.hilt.processor.internal.earlyentrypoint.KspEarlyEntryPointProcessor$Provider, dagger.hilt.android.processor.internal.androidentrypoint.KspAndroidEntryPointProcessor$Provider, dagger.hilt.processor.internal.definecomponent.KspDefineComponentProcessor$Provider, dagger.hilt.processor.internal.originatingelement.KspOriginatingElementProcessor$Provider, dagger.hilt.android.processor.internal.bindvalue.KspBindValueProcessor$Provider, dagger.hilt.processor.internal.root.KspComponentTreeDepsProcessor$Provider, dagger.hilt.processor.internal.root.KspRootProcessor$Provider, dagger.hilt.processor.internal.aliasof.KspAliasOfProcessor$Provider, dagger.hilt.processor.internal.aggregateddeps.KspAggregatedDepsProcessor$Provider, dagger.hilt.processor.internal.generatesrootinput.KspGeneratesRootInputProcessor$Provider, dagger.hilt.android.processor.internal.customtestapplication.KspCustomTestApplicationProcessor$Provider, dagger.internal.codegen.KspComponentProcessor$Provider]

> Task :app:checkDebugDuplicateClasses UP-TO-DATE
Caching disabled for task ':app:checkDebugDuplicateClasses' because:
  Build cache is disabled
  Caching has been disabled for the task
Skipping task ':app:checkDebugDuplicateClasses' as it is up-to-date.
Resolve mutations for :app:desugarDebugFileDependencies (Thread[#75,Execution worker Thread 5,5,main]) started.
:app:desugarDebugFileDependencies (Thread[#75,Execution worker Thread 5,5,main]) started.

> Task :app:desugarDebugFileDependencies UP-TO-DATE
Caching disabled for task ':app:desugarDebugFileDependencies' because:
  Build cache is disabled
Skipping task ':app:desugarDebugFileDependencies' as it is up-to-date.
Resolve mutations for :app:mergeExtDexDebug (Thread[#75,Execution worker Thread 5,5,main]) started.
:app:mergeExtDexDebug (Thread[#75,Execution worker Thread 5,5,main]) started.

> Task :app:mergeExtDexDebug UP-TO-DATE
Caching disabled for task ':app:mergeExtDexDebug' because:
  Build cache is disabled
Skipping task ':app:mergeExtDexDebug' as it is up-to-date.
Resolve mutations for :core:core-domain:bundleLibRuntimeToDirDebug (Thread[#75,Execution worker Thread 5,5,main]) started.
:core:core-domain:bundleLibRuntimeToDirDebug (Thread[#75,Execution worker Thread 5,5,main]) started.

> Task :core:core-domain:bundleLibRuntimeToDirDebug UP-TO-DATE
Caching disabled for task ':core:core-domain:bundleLibRuntimeToDirDebug' because:
  Build cache is disabled
  Simple merging task
Skipping task ':core:core-domain:bundleLibRuntimeToDirDebug' as it is up-to-date.
work action resolve bundleLibRuntimeToDirDebug (project :core:core-domain) (Thread[#75,Execution worker Thread 5,5,main]) started.
ClassesDirToClassesTransform (Thread[#75,Execution worker Thread 5,5,main]) started.
Resolve mutations for :core:core-common:bundleLibRuntimeToDirDebug (Thread[#80,Execution worker Thread 10,5,main]) started.
:core:core-common:bundleLibRuntimeToDirDebug (Thread[#80,Execution worker Thread 10,5,main]) started.
DexingNoClasspathTransform (Thread[#75,Execution worker Thread 5,5,main]) started.

> Task :core:core-common:bundleLibRuntimeToDirDebug UP-TO-DATE
Caching disabled for task ':core:core-common:bundleLibRuntimeToDirDebug' because:
  Build cache is disabled
  Simple merging task
Skipping task ':core:core-common:bundleLibRuntimeToDirDebug' as it is up-to-date.
work action resolve bundleLibRuntimeToDirDebug (project :core:core-common) (Thread[#80,Execution worker Thread 10,5,main]) started.
ClassesDirToClassesTransform (Thread[#80,Execution worker Thread 10,5,main]) started.
Resolve mutations for :core:core-common:writeDebugAarMetadata (Thread[#76,Execution worker Thread 6,5,main]) started.
:core:core-common:writeDebugAarMetadata (Thread[#76,Execution worker Thread 6,5,main]) started.
DexingNoClasspathTransform (Thread[#80,Execution worker Thread 10,5,main]) started.

> Task :core:core-common:writeDebugAarMetadata UP-TO-DATE
Caching disabled for task ':core:core-common:writeDebugAarMetadata' because:
  Build cache is disabled
  Caching has been disabled for the task
Skipping task ':core:core-common:writeDebugAarMetadata' as it is up-to-date.
work action resolve aar-metadata.properties (project :core:core-common) (Thread[#76,Execution worker Thread 6,5,main]) started.
Resolve mutations for :core:core-data:writeDebugAarMetadata (Thread[#76,Execution worker Thread 6,5,main]) started.
:core:core-data:writeDebugAarMetadata (Thread[#76,Execution worker Thread 6,5,main]) started.

> Task :core:core-data:writeDebugAarMetadata UP-TO-DATE
Caching disabled for task ':core:core-data:writeDebugAarMetadata' because:
  Build cache is disabled
  Caching has been disabled for the task
Skipping task ':core:core-data:writeDebugAarMetadata' as it is up-to-date.

> Transform bundleLibRuntimeToDirDebug (project :core:core-domain) with DexingNoClasspathTransform
Caching disabled for DexingNoClasspathTransform: C:\Users\iamas\Desktop\Code-Base\Al-HissN\core\core-domain\build\intermediates\runtime_library_classes_dir\debug\bundleLibRuntimeToDirDebug because:
  Build cache is disabled
Skipping DexingNoClasspathTransform: C:\Users\iamas\Desktop\Code-Base\Al-HissN\core\core-domain\build\intermediates\runtime_library_classes_dir\debug\bundleLibRuntimeToDirDebug as it is up-to-date.
work action resolve aar-metadata.properties (project :core:core-data) (Thread[#76,Execution worker Thread 6,5,main]) started.
DexingOutputSplitTransform (Thread[#75,Execution worker Thread 5,5,main]) started.
Resolve mutations for :core:core-domain:writeDebugAarMetadata (Thread[#76,Execution worker Thread 6,5,main]) started.
:core:core-domain:writeDebugAarMetadata (Thread[#76,Execution worker Thread 6,5,main]) started.

> Transform bundleLibRuntimeToDirDebug (project :core:core-common) with DexingNoClasspathTransform
Caching disabled for DexingNoClasspathTransform: C:\Users\iamas\Desktop\Code-Base\Al-HissN\core\core-common\build\intermediates\runtime_library_classes_dir\debug\bundleLibRuntimeToDirDebug because:
  Build cache is disabled
Skipping DexingNoClasspathTransform: C:\Users\iamas\Desktop\Code-Base\Al-HissN\core\core-common\build\intermediates\runtime_library_classes_dir\debug\bundleLibRuntimeToDirDebug as it is up-to-date.
DexingOutputSplitTransform (Thread[#80,Execution worker Thread 10,5,main]) started.

> Task :core:core-domain:writeDebugAarMetadata UP-TO-DATE
Caching disabled for task ':core:core-domain:writeDebugAarMetadata' because:
  Build cache is disabled
  Caching has been disabled for the task
Skipping task ':core:core-domain:writeDebugAarMetadata' as it is up-to-date.
work action resolve aar-metadata.properties (project :core:core-domain) (Thread[#76,Execution worker Thread 6,5,main]) started.
Resolve mutations for :core:core-ui:writeDebugAarMetadata (Thread[#76,Execution worker Thread 6,5,main]) started.
:core:core-ui:writeDebugAarMetadata (Thread[#76,Execution worker Thread 6,5,main]) started.

> Task :core:core-ui:writeDebugAarMetadata UP-TO-DATE
Caching disabled for task ':core:core-ui:writeDebugAarMetadata' because:
  Build cache is disabled
  Caching has been disabled for the task
Skipping task ':core:core-ui:writeDebugAarMetadata' as it is up-to-date.
work action resolve aar-metadata.properties (project :core:core-ui) (Thread[#76,Execution worker Thread 6,5,main]) started.
Resolve mutations for :feature:feature-accessibility:writeDebugAarMetadata (Thread[#76,Execution worker Thread 6,5,main]) started.
:feature:feature-accessibility:writeDebugAarMetadata (Thread[#76,Execution worker Thread 6,5,main]) started.

> Task :feature:feature-accessibility:writeDebugAarMetadata UP-TO-DATE
Caching disabled for task ':feature:feature-accessibility:writeDebugAarMetadata' because:
  Build cache is disabled
  Caching has been disabled for the task
Skipping task ':feature:feature-accessibility:writeDebugAarMetadata' as it is up-to-date.
work action resolve aar-metadata.properties (project :feature:feature-accessibility) (Thread[#76,Execution worker Thread 6,5,main]) started.
Resolve mutations for :feature:feature-focus:writeDebugAarMetadata (Thread[#76,Execution worker Thread 6,5,main]) started.
:feature:feature-focus:writeDebugAarMetadata (Thread[#76,Execution worker Thread 6,5,main]) started.

> Task :feature:feature-focus:writeDebugAarMetadata UP-TO-DATE
Caching disabled for task ':feature:feature-focus:writeDebugAarMetadata' because:
  Build cache is disabled
  Caching has been disabled for the task
Skipping task ':feature:feature-focus:writeDebugAarMetadata' as it is up-to-date.
work action resolve aar-metadata.properties (project :feature:feature-focus) (Thread[#76,Execution worker Thread 6,5,main]) started.
Resolve mutations for :feature:feature-keyboard:writeDebugAarMetadata (Thread[#76,Execution worker Thread 6,5,main]) started.
:feature:feature-keyboard:writeDebugAarMetadata (Thread[#76,Execution worker Thread 6,5,main]) started.

> Task :feature:feature-keyboard:writeDebugAarMetadata UP-TO-DATE
Caching disabled for task ':feature:feature-keyboard:writeDebugAarMetadata' because:
  Build cache is disabled
  Caching has been disabled for the task
Skipping task ':feature:feature-keyboard:writeDebugAarMetadata' as it is up-to-date.
work action resolve aar-metadata.properties (project :feature:feature-keyboard) (Thread[#76,Execution worker Thread 6,5,main]) started.
Resolve mutations for :feature:feature-ml:writeDebugAarMetadata (Thread[#76,Execution worker Thread 6,5,main]) started.
:feature:feature-ml:writeDebugAarMetadata (Thread[#76,Execution worker Thread 6,5,main]) started.

> Task :feature:feature-ml:writeDebugAarMetadata UP-TO-DATE
Caching disabled for task ':feature:feature-ml:writeDebugAarMetadata' because:
  Build cache is disabled
  Caching has been disabled for the task
Skipping task ':feature:feature-ml:writeDebugAarMetadata' as it is up-to-date.
work action resolve aar-metadata.properties (project :feature:feature-ml) (Thread[#76,Execution worker Thread 6,5,main]) started.
Resolve mutations for :feature:feature-network:writeDebugAarMetadata (Thread[#76,Execution worker Thread 6,5,main]) started.
:feature:feature-network:writeDebugAarMetadata (Thread[#76,Execution worker Thread 6,5,main]) started.

> Task :feature:feature-network:writeDebugAarMetadata UP-TO-DATE
Caching disabled for task ':feature:feature-network:writeDebugAarMetadata' because:
  Build cache is disabled
  Caching has been disabled for the task
Skipping task ':feature:feature-network:writeDebugAarMetadata' as it is up-to-date.
work action resolve aar-metadata.properties (project :feature:feature-network) (Thread[#76,Execution worker Thread 6,5,main]) started.
Resolve mutations for :feature:feature-optimizer:writeDebugAarMetadata (Thread[#76,Execution worker Thread 6,5,main]) started.
:feature:feature-optimizer:writeDebugAarMetadata (Thread[#76,Execution worker Thread 6,5,main]) started.

> Task :feature:feature-optimizer:writeDebugAarMetadata UP-TO-DATE
Caching disabled for task ':feature:feature-optimizer:writeDebugAarMetadata' because:
  Build cache is disabled
  Caching has been disabled for the task
Skipping task ':feature:feature-optimizer:writeDebugAarMetadata' as it is up-to-date.
work action resolve aar-metadata.properties (project :feature:feature-optimizer) (Thread[#76,Execution worker Thread 6,5,main]) started.
Resolve mutations for :feature:feature-profile:writeDebugAarMetadata (Thread[#76,Execution worker Thread 6,5,main]) started.
:feature:feature-profile:writeDebugAarMetadata (Thread[#76,Execution worker Thread 6,5,main]) started.

> Task :feature:feature-profile:writeDebugAarMetadata UP-TO-DATE
Caching disabled for task ':feature:feature-profile:writeDebugAarMetadata' because:
  Build cache is disabled
  Caching has been disabled for the task
Skipping task ':feature:feature-profile:writeDebugAarMetadata' as it is up-to-date.
work action resolve aar-metadata.properties (project :feature:feature-profile) (Thread[#76,Execution worker Thread 6,5,main]) started.
Resolve mutations for :feature:feature-scanner:writeDebugAarMetadata (Thread[#76,Execution worker Thread 6,5,main]) started.
:feature:feature-scanner:writeDebugAarMetadata (Thread[#76,Execution worker Thread 6,5,main]) started.

> Task :feature:feature-scanner:writeDebugAarMetadata UP-TO-DATE
Caching disabled for task ':feature:feature-scanner:writeDebugAarMetadata' because:
  Build cache is disabled
  Caching has been disabled for the task
Skipping task ':feature:feature-scanner:writeDebugAarMetadata' as it is up-to-date.
work action resolve aar-metadata.properties (project :feature:feature-scanner) (Thread[#76,Execution worker Thread 6,5,main]) started.
Resolve mutations for :feature:feature-storage:writeDebugAarMetadata (Thread[#76,Execution worker Thread 6,5,main]) started.
:feature:feature-storage:writeDebugAarMetadata (Thread[#76,Execution worker Thread 6,5,main]) started.

> Task :feature:feature-storage:writeDebugAarMetadata UP-TO-DATE
Caching disabled for task ':feature:feature-storage:writeDebugAarMetadata' because:
  Build cache is disabled
  Caching has been disabled for the task
Skipping task ':feature:feature-storage:writeDebugAarMetadata' as it is up-to-date.
work action resolve aar-metadata.properties (project :feature:feature-storage) (Thread[#76,Execution worker Thread 6,5,main]) started.
Resolve mutations for :feature:feature-streak:writeDebugAarMetadata (Thread[#76,Execution worker Thread 6,5,main]) started.
:feature:feature-streak:writeDebugAarMetadata (Thread[#76,Execution worker Thread 6,5,main]) started.

> Task :feature:feature-streak:writeDebugAarMetadata UP-TO-DATE
Caching disabled for task ':feature:feature-streak:writeDebugAarMetadata' because:
  Build cache is disabled
  Caching has been disabled for the task
Skipping task ':feature:feature-streak:writeDebugAarMetadata' as it is up-to-date.
work action resolve aar-metadata.properties (project :feature:feature-streak) (Thread[#76,Execution worker Thread 6,5,main]) started.
Resolve mutations for :feature:feature-sync:writeDebugAarMetadata (Thread[#76,Execution worker Thread 6,5,main]) started.
:feature:feature-sync:writeDebugAarMetadata (Thread[#76,Execution worker Thread 6,5,main]) started.

> Task :feature:feature-sync:writeDebugAarMetadata UP-TO-DATE
Caching disabled for task ':feature:feature-sync:writeDebugAarMetadata' because:
  Build cache is disabled
  Caching has been disabled for the task
Skipping task ':feature:feature-sync:writeDebugAarMetadata' as it is up-to-date.
work action resolve aar-metadata.properties (project :feature:feature-sync) (Thread[#76,Execution worker Thread 6,5,main]) started.
Resolve mutations for :feature:feature-tracker:writeDebugAarMetadata (Thread[#76,Execution worker Thread 6,5,main]) started.
:feature:feature-tracker:writeDebugAarMetadata (Thread[#76,Execution worker Thread 6,5,main]) started.

> Task :feature:feature-tracker:writeDebugAarMetadata UP-TO-DATE
Caching disabled for task ':feature:feature-tracker:writeDebugAarMetadata' because:
  Build cache is disabled
  Caching has been disabled for the task
Skipping task ':feature:feature-tracker:writeDebugAarMetadata' as it is up-to-date.
work action resolve aar-metadata.properties (project :feature:feature-tracker) (Thread[#76,Execution worker Thread 6,5,main]) started.
Resolve mutations for :app:checkDebugAarMetadata (Thread[#76,Execution worker Thread 6,5,main]) started.
:app:checkDebugAarMetadata (Thread[#76,Execution worker Thread 6,5,main]) started.

> Task :core:core-ui:kspDebugKotlin
Caching disabled for task ':core:core-ui:kspDebugKotlin' because:
  Build cache is disabled
Task ':core:core-ui:kspDebugKotlin' is not up-to-date because:
  Value of input property 'kspConfig.logLevel' has changed for task ':core:core-ui:kspDebugKotlin'
The input changes require a full rebuild for incremental task ':core:core-ui:kspDebugKotlin'.
file or directory 'C:\Users\iamas\Desktop\Code-Base\Al-HissN\core\core-ui\src\main\kotlin', not found
file or directory 'C:\Users\iamas\Desktop\Code-Base\Al-HissN\core\core-ui\src\debug\java', not found
file or directory 'C:\Users\iamas\Desktop\Code-Base\Al-HissN\core\core-ui\src\debug\kotlin', not found
file or directory 'C:\Users\iamas\Desktop\Code-Base\Al-HissN\core\core-ui\src\main\kotlin', not found
file or directory 'C:\Users\iamas\Desktop\Code-Base\Al-HissN\core\core-ui\src\debug\java', not found
file or directory 'C:\Users\iamas\Desktop\Code-Base\Al-HissN\core\core-ui\src\debug\kotlin', not found
i: [ksp] loaded provider(s): [dagger.hilt.processor.internal.uninstallmodules.KspUninstallModulesProcessor$Provider, dagger.hilt.android.processor.internal.viewmodel.KspViewModelProcessor$Provider, dagger.hilt.processor.internal.earlyentrypoint.KspEarlyEntryPointProcessor$Provider, dagger.hilt.android.processor.internal.androidentrypoint.KspAndroidEntryPointProcessor$Provider, dagger.hilt.processor.internal.definecomponent.KspDefineComponentProcessor$Provider, dagger.hilt.processor.internal.originatingelement.KspOriginatingElementProcessor$Provider, dagger.hilt.android.processor.internal.bindvalue.KspBindValueProcessor$Provider, dagger.hilt.processor.internal.root.KspComponentTreeDepsProcessor$Provider, dagger.hilt.processor.internal.root.KspRootProcessor$Provider, dagger.hilt.processor.internal.aliasof.KspAliasOfProcessor$Provider, dagger.hilt.processor.internal.aggregateddeps.KspAggregatedDepsProcessor$Provider, dagger.hilt.processor.internal.generatesrootinput.KspGeneratesRootInputProcessor$Provider, dagger.hilt.android.processor.internal.customtestapplication.KspCustomTestApplicationProcessor$Provider, dagger.internal.codegen.KspComponentProcessor$Provider]

> Task :app:checkDebugAarMetadata UP-TO-DATE
Caching disabled for task ':app:checkDebugAarMetadata' because:
  Build cache is disabled
  Caching has been disabled for the task
Skipping task ':app:checkDebugAarMetadata' as it is up-to-date.
Resolve mutations for :app:mapDebugSourceSetPaths (Thread[#80,Execution worker Thread 10,5,main]) started.
:app:mapDebugSourceSetPaths (Thread[#80,Execution worker Thread 10,5,main]) started.

> Task :app:mapDebugSourceSetPaths UP-TO-DATE
Caching disabled for task ':app:mapDebugSourceSetPaths' because:
  Build cache is disabled
  Caching has been disabled for the task
Skipping task ':app:mapDebugSourceSetPaths' as it is up-to-date.
Resolve mutations for :app:compileDebugNavigationResources (Thread[#80,Execution worker Thread 10,5,main]) started.
:app:compileDebugNavigationResources (Thread[#80,Execution worker Thread 10,5,main]) started.

> Task :app:compileDebugNavigationResources UP-TO-DATE
Caching disabled for task ':app:compileDebugNavigationResources' because:
  Build cache is disabled
Skipping task ':app:compileDebugNavigationResources' as it is up-to-date.
Resolve mutations for :app:mergeDebugResources (Thread[#80,Execution worker Thread 10,5,main]) started.
:app:mergeDebugResources (Thread[#80,Execution worker Thread 10,5,main]) started.

> Task :app:mergeDebugResources UP-TO-DATE
Caching disabled for task ':app:mergeDebugResources' because:
  Build cache is disabled
Skipping task ':app:mergeDebugResources' as it is up-to-date.
Resolve mutations for :app:createDebugCompatibleScreenManifests (Thread[#80,Execution worker Thread 10,5,main]) started.
:app:createDebugCompatibleScreenManifests (Thread[#80,Execution worker Thread 10,5,main]) started.

> Task :app:createDebugCompatibleScreenManifests UP-TO-DATE
Caching disabled for task ':app:createDebugCompatibleScreenManifests' because:
  Build cache is disabled
  Caching has been disabled for the task
Skipping task ':app:createDebugCompatibleScreenManifests' as it is up-to-date.
Resolve mutations for :app:extractDeepLinksDebug (Thread[#80,Execution worker Thread 10,5,main]) started.
:app:extractDeepLinksDebug (Thread[#80,Execution worker Thread 10,5,main]) started.

> Task :app:extractDeepLinksDebug UP-TO-DATE
Caching disabled for task ':app:extractDeepLinksDebug' because:
  Build cache is disabled
Skipping task ':app:extractDeepLinksDebug' as it is up-to-date.
Resolve mutations for :core:core-common:extractDeepLinksDebug (Thread[#80,Execution worker Thread 10,5,main]) started.
:core:core-common:extractDeepLinksDebug (Thread[#80,Execution worker Thread 10,5,main]) started.

> Task :core:core-common:extractDeepLinksDebug UP-TO-DATE
Caching disabled for task ':core:core-common:extractDeepLinksDebug' because:
  Build cache is disabled
Skipping task ':core:core-common:extractDeepLinksDebug' as it is up-to-date.
work action resolve navigation.json (project :core:core-common) (Thread[#80,Execution worker Thread 10,5,main]) started.
Resolve mutations for :core:core-common:processDebugManifest (Thread[#80,Execution worker Thread 10,5,main]) started.
:core:core-common:processDebugManifest (Thread[#80,Execution worker Thread 10,5,main]) started.

> Task :core:core-common:processDebugManifest UP-TO-DATE
Caching disabled for task ':core:core-common:processDebugManifest' because:
  Build cache is disabled
Skipping task ':core:core-common:processDebugManifest' as it is up-to-date.
work action resolve AndroidManifest.xml (project :core:core-common) (Thread[#80,Execution worker Thread 10,5,main]) started.
Resolve mutations for :core:core-data:extractDeepLinksDebug (Thread[#80,Execution worker Thread 10,5,main]) started.
:core:core-data:extractDeepLinksDebug (Thread[#80,Execution worker Thread 10,5,main]) started.

> Task :core:core-data:extractDeepLinksDebug UP-TO-DATE
Caching disabled for task ':core:core-data:extractDeepLinksDebug' because:
  Build cache is disabled
Skipping task ':core:core-data:extractDeepLinksDebug' as it is up-to-date.
work action resolve navigation.json (project :core:core-data) (Thread[#80,Execution worker Thread 10,5,main]) started.
Resolve mutations for :core:core-data:processDebugManifest (Thread[#77,Execution worker Thread 7,5,main]) started.
:core:core-data:processDebugManifest (Thread[#77,Execution worker Thread 7,5,main]) started.

> Task :core:core-data:processDebugManifest UP-TO-DATE
Caching disabled for task ':core:core-data:processDebugManifest' because:
  Build cache is disabled
Skipping task ':core:core-data:processDebugManifest' as it is up-to-date.
work action resolve AndroidManifest.xml (project :core:core-data) (Thread[#77,Execution worker Thread 7,5,main]) started.
Resolve mutations for :core:core-domain:extractDeepLinksDebug (Thread[#77,Execution worker Thread 7,5,main]) started.
:core:core-domain:extractDeepLinksDebug (Thread[#77,Execution worker Thread 7,5,main]) started.

> Task :core:core-domain:extractDeepLinksDebug UP-TO-DATE
Caching disabled for task ':core:core-domain:extractDeepLinksDebug' because:
  Build cache is disabled
Skipping task ':core:core-domain:extractDeepLinksDebug' as it is up-to-date.
work action resolve navigation.json (project :core:core-domain) (Thread[#77,Execution worker Thread 7,5,main]) started.
Resolve mutations for :core:core-domain:processDebugManifest (Thread[#77,Execution worker Thread 7,5,main]) started.
:core:core-domain:processDebugManifest (Thread[#77,Execution worker Thread 7,5,main]) started.

> Task :core:core-domain:processDebugManifest UP-TO-DATE
Caching disabled for task ':core:core-domain:processDebugManifest' because:
  Build cache is disabled
Skipping task ':core:core-domain:processDebugManifest' as it is up-to-date.
work action resolve AndroidManifest.xml (project :core:core-domain) (Thread[#77,Execution worker Thread 7,5,main]) started.
Resolve mutations for :core:core-ui:extractDeepLinksDebug (Thread[#77,Execution worker Thread 7,5,main]) started.
:core:core-ui:extractDeepLinksDebug (Thread[#77,Execution worker Thread 7,5,main]) started.

> Task :core:core-ui:extractDeepLinksDebug UP-TO-DATE
Caching disabled for task ':core:core-ui:extractDeepLinksDebug' because:
  Build cache is disabled
Skipping task ':core:core-ui:extractDeepLinksDebug' as it is up-to-date.
work action resolve navigation.json (project :core:core-ui) (Thread[#77,Execution worker Thread 7,5,main]) started.
Resolve mutations for :core:core-ui:processDebugManifest (Thread[#77,Execution worker Thread 7,5,main]) started.
:core:core-ui:processDebugManifest (Thread[#77,Execution worker Thread 7,5,main]) started.

> Task :core:core-ui:processDebugManifest UP-TO-DATE
Caching disabled for task ':core:core-ui:processDebugManifest' because:
  Build cache is disabled
Skipping task ':core:core-ui:processDebugManifest' as it is up-to-date.
work action resolve AndroidManifest.xml (project :core:core-ui) (Thread[#77,Execution worker Thread 7,5,main]) started.
Resolve mutations for :feature:feature-accessibility:extractDeepLinksDebug (Thread[#77,Execution worker Thread 7,5,main]) started.
:feature:feature-accessibility:extractDeepLinksDebug (Thread[#77,Execution worker Thread 7,5,main]) started.

> Task :feature:feature-accessibility:extractDeepLinksDebug UP-TO-DATE
Caching disabled for task ':feature:feature-accessibility:extractDeepLinksDebug' because:
  Build cache is disabled
Skipping task ':feature:feature-accessibility:extractDeepLinksDebug' as it is up-to-date.
work action resolve navigation.json (project :feature:feature-accessibility) (Thread[#77,Execution worker Thread 7,5,main]) started.
Resolve mutations for :feature:feature-accessibility:processDebugManifest (Thread[#77,Execution worker Thread 7,5,main]) started.
:feature:feature-accessibility:processDebugManifest (Thread[#77,Execution worker Thread 7,5,main]) started.

> Task :feature:feature-accessibility:processDebugManifest UP-TO-DATE
Caching disabled for task ':feature:feature-accessibility:processDebugManifest' because:
  Build cache is disabled
Skipping task ':feature:feature-accessibility:processDebugManifest' as it is up-to-date.
work action resolve AndroidManifest.xml (project :feature:feature-accessibility) (Thread[#77,Execution worker Thread 7,5,main]) started.
Resolve mutations for :feature:feature-focus:extractDeepLinksDebug (Thread[#77,Execution worker Thread 7,5,main]) started.
:feature:feature-focus:extractDeepLinksDebug (Thread[#77,Execution worker Thread 7,5,main]) started.

> Task :feature:feature-focus:extractDeepLinksDebug UP-TO-DATE
Caching disabled for task ':feature:feature-focus:extractDeepLinksDebug' because:
  Build cache is disabled
Skipping task ':feature:feature-focus:extractDeepLinksDebug' as it is up-to-date.
work action resolve navigation.json (project :feature:feature-focus) (Thread[#77,Execution worker Thread 7,5,main]) started.
Resolve mutations for :feature:feature-focus:processDebugManifest (Thread[#76,Execution worker Thread 6,5,main]) started.
:feature:feature-focus:processDebugManifest (Thread[#76,Execution worker Thread 6,5,main]) started.

> Task :feature:feature-focus:processDebugManifest UP-TO-DATE
Caching disabled for task ':feature:feature-focus:processDebugManifest' because:
  Build cache is disabled
Skipping task ':feature:feature-focus:processDebugManifest' as it is up-to-date.
work action resolve AndroidManifest.xml (project :feature:feature-focus) (Thread[#76,Execution worker Thread 6,5,main]) started.
Resolve mutations for :feature:feature-keyboard:extractDeepLinksDebug (Thread[#70,included builds,5,main]) started.
:feature:feature-keyboard:extractDeepLinksDebug (Thread[#70,included builds,5,main]) started.

> Task :feature:feature-keyboard:extractDeepLinksDebug UP-TO-DATE
Caching disabled for task ':feature:feature-keyboard:extractDeepLinksDebug' because:
  Build cache is disabled
Skipping task ':feature:feature-keyboard:extractDeepLinksDebug' as it is up-to-date.
work action resolve navigation.json (project :feature:feature-keyboard) (Thread[#70,included builds,5,main]) started.
Resolve mutations for :feature:feature-keyboard:processDebugManifest (Thread[#70,included builds,5,main]) started.
:feature:feature-keyboard:processDebugManifest (Thread[#79,Execution worker Thread 9,5,main]) started.

> Task :feature:feature-keyboard:processDebugManifest UP-TO-DATE
Caching disabled for task ':feature:feature-keyboard:processDebugManifest' because:
  Build cache is disabled
Skipping task ':feature:feature-keyboard:processDebugManifest' as it is up-to-date.
work action resolve AndroidManifest.xml (project :feature:feature-keyboard) (Thread[#79,Execution worker Thread 9,5,main]) started.
Resolve mutations for :feature:feature-ml:extractDeepLinksDebug (Thread[#79,Execution worker Thread 9,5,main]) started.
:feature:feature-ml:extractDeepLinksDebug (Thread[#79,Execution worker Thread 9,5,main]) started.

> Task :feature:feature-ml:extractDeepLinksDebug UP-TO-DATE
Caching disabled for task ':feature:feature-ml:extractDeepLinksDebug' because:
  Build cache is disabled
Skipping task ':feature:feature-ml:extractDeepLinksDebug' as it is up-to-date.
work action resolve navigation.json (project :feature:feature-ml) (Thread[#79,Execution worker Thread 9,5,main]) started.
Resolve mutations for :feature:feature-ml:processDebugManifest (Thread[#79,Execution worker Thread 9,5,main]) started.
:feature:feature-ml:processDebugManifest (Thread[#79,Execution worker Thread 9,5,main]) started.

> Task :feature:feature-ml:processDebugManifest UP-TO-DATE
Caching disabled for task ':feature:feature-ml:processDebugManifest' because:
  Build cache is disabled
Skipping task ':feature:feature-ml:processDebugManifest' as it is up-to-date.
work action resolve AndroidManifest.xml (project :feature:feature-ml) (Thread[#79,Execution worker Thread 9,5,main]) started.
Resolve mutations for :feature:feature-network:extractDeepLinksDebug (Thread[#79,Execution worker Thread 9,5,main]) started.
:feature:feature-network:extractDeepLinksDebug (Thread[#79,Execution worker Thread 9,5,main]) started.

> Task :feature:feature-network:extractDeepLinksDebug UP-TO-DATE
Caching disabled for task ':feature:feature-network:extractDeepLinksDebug' because:
  Build cache is disabled
Skipping task ':feature:feature-network:extractDeepLinksDebug' as it is up-to-date.
work action resolve navigation.json (project :feature:feature-network) (Thread[#79,Execution worker Thread 9,5,main]) started.
Resolve mutations for :feature:feature-network:processDebugManifest (Thread[#79,Execution worker Thread 9,5,main]) started.
:feature:feature-network:processDebugManifest (Thread[#79,Execution worker Thread 9,5,main]) started.

> Task :feature:feature-network:processDebugManifest UP-TO-DATE
Caching disabled for task ':feature:feature-network:processDebugManifest' because:
  Build cache is disabled
Skipping task ':feature:feature-network:processDebugManifest' as it is up-to-date.
work action resolve AndroidManifest.xml (project :feature:feature-network) (Thread[#79,Execution worker Thread 9,5,main]) started.
Resolve mutations for :feature:feature-optimizer:extractDeepLinksDebug (Thread[#76,Execution worker Thread 6,5,main]) started.
:feature:feature-optimizer:extractDeepLinksDebug (Thread[#76,Execution worker Thread 6,5,main]) started.

> Task :feature:feature-optimizer:extractDeepLinksDebug UP-TO-DATE
Caching disabled for task ':feature:feature-optimizer:extractDeepLinksDebug' because:
  Build cache is disabled
Skipping task ':feature:feature-optimizer:extractDeepLinksDebug' as it is up-to-date.
work action resolve navigation.json (project :feature:feature-optimizer) (Thread[#76,Execution worker Thread 6,5,main]) started.
Resolve mutations for :feature:feature-optimizer:processDebugManifest (Thread[#76,Execution worker Thread 6,5,main]) started.
:feature:feature-optimizer:processDebugManifest (Thread[#76,Execution worker Thread 6,5,main]) started.

> Task :feature:feature-optimizer:processDebugManifest UP-TO-DATE
Caching disabled for task ':feature:feature-optimizer:processDebugManifest' because:
  Build cache is disabled
Skipping task ':feature:feature-optimizer:processDebugManifest' as it is up-to-date.
work action resolve AndroidManifest.xml (project :feature:feature-optimizer) (Thread[#76,Execution worker Thread 6,5,main]) started.
Resolve mutations for :feature:feature-profile:extractDeepLinksDebug (Thread[#76,Execution worker Thread 6,5,main]) started.
:feature:feature-profile:extractDeepLinksDebug (Thread[#76,Execution worker Thread 6,5,main]) started.

> Task :feature:feature-profile:extractDeepLinksDebug UP-TO-DATE
Caching disabled for task ':feature:feature-profile:extractDeepLinksDebug' because:
  Build cache is disabled
Skipping task ':feature:feature-profile:extractDeepLinksDebug' as it is up-to-date.
work action resolve navigation.json (project :feature:feature-profile) (Thread[#76,Execution worker Thread 6,5,main]) started.
Resolve mutations for :feature:feature-profile:processDebugManifest (Thread[#71,Execution worker,5,main]) started.
:feature:feature-profile:processDebugManifest (Thread[#71,Execution worker,5,main]) started.

> Task :feature:feature-profile:processDebugManifest UP-TO-DATE
Caching disabled for task ':feature:feature-profile:processDebugManifest' because:
  Build cache is disabled
Skipping task ':feature:feature-profile:processDebugManifest' as it is up-to-date.
work action resolve AndroidManifest.xml (project :feature:feature-profile) (Thread[#71,Execution worker,5,main]) started.
Resolve mutations for :feature:feature-scanner:extractDeepLinksDebug (Thread[#70,included builds,5,main]) started.
:feature:feature-scanner:extractDeepLinksDebug (Thread[#70,included builds,5,main]) started.

> Task :feature:feature-scanner:extractDeepLinksDebug UP-TO-DATE
Caching disabled for task ':feature:feature-scanner:extractDeepLinksDebug' because:
  Build cache is disabled
Skipping task ':feature:feature-scanner:extractDeepLinksDebug' as it is up-to-date.
work action resolve navigation.json (project :feature:feature-scanner) (Thread[#70,included builds,5,main]) started.
Resolve mutations for :feature:feature-scanner:processDebugManifest (Thread[#70,included builds,5,main]) started.
:feature:feature-scanner:processDebugManifest (Thread[#70,included builds,5,main]) started.

> Task :feature:feature-scanner:processDebugManifest UP-TO-DATE
Caching disabled for task ':feature:feature-scanner:processDebugManifest' because:
  Build cache is disabled
Skipping task ':feature:feature-scanner:processDebugManifest' as it is up-to-date.
work action resolve AndroidManifest.xml (project :feature:feature-scanner) (Thread[#70,included builds,5,main]) started.
Resolve mutations for :feature:feature-storage:extractDeepLinksDebug (Thread[#70,included builds,5,main]) started.
:feature:feature-storage:extractDeepLinksDebug (Thread[#70,included builds,5,main]) started.

> Task :feature:feature-storage:extractDeepLinksDebug UP-TO-DATE
Caching disabled for task ':feature:feature-storage:extractDeepLinksDebug' because:
  Build cache is disabled
Skipping task ':feature:feature-storage:extractDeepLinksDebug' as it is up-to-date.
work action resolve navigation.json (project :feature:feature-storage) (Thread[#70,included builds,5,main]) started.
Resolve mutations for :feature:feature-storage:processDebugManifest (Thread[#80,Execution worker Thread 10,5,main]) started.
:feature:feature-storage:processDebugManifest (Thread[#80,Execution worker Thread 10,5,main]) started.

> Task :feature:feature-storage:processDebugManifest UP-TO-DATE
Caching disabled for task ':feature:feature-storage:processDebugManifest' because:
  Build cache is disabled
Skipping task ':feature:feature-storage:processDebugManifest' as it is up-to-date.
work action resolve AndroidManifest.xml (project :feature:feature-storage) (Thread[#80,Execution worker Thread 10,5,main]) started.
Resolve mutations for :feature:feature-streak:extractDeepLinksDebug (Thread[#71,Execution worker,5,main]) started.
:feature:feature-streak:extractDeepLinksDebug (Thread[#71,Execution worker,5,main]) started.

> Task :feature:feature-streak:extractDeepLinksDebug UP-TO-DATE
Caching disabled for task ':feature:feature-streak:extractDeepLinksDebug' because:
  Build cache is disabled
Skipping task ':feature:feature-streak:extractDeepLinksDebug' as it is up-to-date.
work action resolve navigation.json (project :feature:feature-streak) (Thread[#71,Execution worker,5,main]) started.
Resolve mutations for :feature:feature-streak:processDebugManifest (Thread[#71,Execution worker,5,main]) started.
:feature:feature-streak:processDebugManifest (Thread[#71,Execution worker,5,main]) started.

> Task :feature:feature-streak:processDebugManifest UP-TO-DATE
Caching disabled for task ':feature:feature-streak:processDebugManifest' because:
  Build cache is disabled
Skipping task ':feature:feature-streak:processDebugManifest' as it is up-to-date.
work action resolve AndroidManifest.xml (project :feature:feature-streak) (Thread[#71,Execution worker,5,main]) started.
Resolve mutations for :feature:feature-sync:extractDeepLinksDebug (Thread[#71,Execution worker,5,main]) started.
:feature:feature-sync:extractDeepLinksDebug (Thread[#71,Execution worker,5,main]) started.

> Task :feature:feature-sync:extractDeepLinksDebug UP-TO-DATE
Caching disabled for task ':feature:feature-sync:extractDeepLinksDebug' because:
  Build cache is disabled
Skipping task ':feature:feature-sync:extractDeepLinksDebug' as it is up-to-date.
work action resolve navigation.json (project :feature:feature-sync) (Thread[#76,Execution worker Thread 6,5,main]) started.
Resolve mutations for :feature:feature-sync:processDebugManifest (Thread[#76,Execution worker Thread 6,5,main]) started.
:feature:feature-sync:processDebugManifest (Thread[#76,Execution worker Thread 6,5,main]) started.

> Task :feature:feature-sync:processDebugManifest UP-TO-DATE
Caching disabled for task ':feature:feature-sync:processDebugManifest' because:
  Build cache is disabled
Skipping task ':feature:feature-sync:processDebugManifest' as it is up-to-date.
work action resolve AndroidManifest.xml (project :feature:feature-sync) (Thread[#76,Execution worker Thread 6,5,main]) started.
Resolve mutations for :feature:feature-tracker:extractDeepLinksDebug (Thread[#76,Execution worker Thread 6,5,main]) started.
:feature:feature-tracker:extractDeepLinksDebug (Thread[#76,Execution worker Thread 6,5,main]) started.

> Task :feature:feature-tracker:extractDeepLinksDebug UP-TO-DATE
Caching disabled for task ':feature:feature-tracker:extractDeepLinksDebug' because:
  Build cache is disabled
Skipping task ':feature:feature-tracker:extractDeepLinksDebug' as it is up-to-date.
work action resolve navigation.json (project :feature:feature-tracker) (Thread[#76,Execution worker Thread 6,5,main]) started.
Resolve mutations for :feature:feature-tracker:processDebugManifest (Thread[#76,Execution worker Thread 6,5,main]) started.
:feature:feature-tracker:processDebugManifest (Thread[#76,Execution worker Thread 6,5,main]) started.

> Task :feature:feature-tracker:processDebugManifest UP-TO-DATE
Caching disabled for task ':feature:feature-tracker:processDebugManifest' because:
  Build cache is disabled
Skipping task ':feature:feature-tracker:processDebugManifest' as it is up-to-date.
work action resolve AndroidManifest.xml (project :feature:feature-tracker) (Thread[#76,Execution worker Thread 6,5,main]) started.
Resolve mutations for :app:processDebugMainManifest (Thread[#76,Execution worker Thread 6,5,main]) started.
:app:processDebugMainManifest (Thread[#76,Execution worker Thread 6,5,main]) started.

> Task :app:processDebugMainManifest UP-TO-DATE
Caching disabled for task ':app:processDebugMainManifest' because:
  Build cache is disabled
Skipping task ':app:processDebugMainManifest' as it is up-to-date.
Resolve mutations for :app:processDebugManifest (Thread[#76,Execution worker Thread 6,5,main]) started.
:app:processDebugManifest (Thread[#76,Execution worker Thread 6,5,main]) started.

> Task :app:processDebugManifest UP-TO-DATE
Caching disabled for task ':app:processDebugManifest' because:
  Build cache is disabled
Skipping task ':app:processDebugManifest' as it is up-to-date.
Resolve mutations for :app:processDebugManifestForPackage (Thread[#76,Execution worker Thread 6,5,main]) started.
:app:processDebugManifestForPackage (Thread[#76,Execution worker Thread 6,5,main]) started.

> Task :app:processDebugManifestForPackage UP-TO-DATE
Custom actions are attached to task ':app:processDebugManifestForPackage'.
Caching disabled for task ':app:processDebugManifestForPackage' because:
  Build cache is disabled
Skipping task ':app:processDebugManifestForPackage' as it is up-to-date.
Resolve mutations for :core:core-common:mapDebugSourceSetPaths (Thread[#76,Execution worker Thread 6,5,main]) started.
:core:core-common:mapDebugSourceSetPaths (Thread[#76,Execution worker Thread 6,5,main]) started.

> Task :core:core-common:mapDebugSourceSetPaths UP-TO-DATE
Caching disabled for task ':core:core-common:mapDebugSourceSetPaths' because:
  Build cache is disabled
  Caching has been disabled for the task
Skipping task ':core:core-common:mapDebugSourceSetPaths' as it is up-to-date.
work action resolve file-map.txt (project :core:core-common) (Thread[#76,Execution worker Thread 6,5,main]) started.
Resolve mutations for :core:core-common:compileDebugLibraryResources (Thread[#76,Execution worker Thread 6,5,main]) started.
:core:core-common:compileDebugLibraryResources (Thread[#76,Execution worker Thread 6,5,main]) started.

> Task :core:core-common:compileDebugLibraryResources UP-TO-DATE
Caching disabled for task ':core:core-common:compileDebugLibraryResources' because:
  Build cache is disabled
Skipping task ':core:core-common:compileDebugLibraryResources' as it is up-to-date.
work action resolve out (project :core:core-common) (Thread[#76,Execution worker Thread 6,5,main]) started.
Resolve mutations for :core:core-data:mapDebugSourceSetPaths (Thread[#76,Execution worker Thread 6,5,main]) started.
:core:core-data:mapDebugSourceSetPaths (Thread[#76,Execution worker Thread 6,5,main]) started.

> Task :core:core-data:mapDebugSourceSetPaths UP-TO-DATE
Caching disabled for task ':core:core-data:mapDebugSourceSetPaths' because:
  Build cache is disabled
  Caching has been disabled for the task
Skipping task ':core:core-data:mapDebugSourceSetPaths' as it is up-to-date.
work action resolve file-map.txt (project :core:core-data) (Thread[#76,Execution worker Thread 6,5,main]) started.
Resolve mutations for :core:core-data:compileDebugLibraryResources (Thread[#76,Execution worker Thread 6,5,main]) started.
:core:core-data:compileDebugLibraryResources (Thread[#76,Execution worker Thread 6,5,main]) started.

> Task :core:core-data:compileDebugLibraryResources UP-TO-DATE
Caching disabled for task ':core:core-data:compileDebugLibraryResources' because:
  Build cache is disabled
Skipping task ':core:core-data:compileDebugLibraryResources' as it is up-to-date.
work action resolve out (project :core:core-data) (Thread[#76,Execution worker Thread 6,5,main]) started.
Resolve mutations for :core:core-domain:mapDebugSourceSetPaths (Thread[#76,Execution worker Thread 6,5,main]) started.
:core:core-domain:mapDebugSourceSetPaths (Thread[#76,Execution worker Thread 6,5,main]) started.

> Task :core:core-domain:mapDebugSourceSetPaths UP-TO-DATE
Caching disabled for task ':core:core-domain:mapDebugSourceSetPaths' because:
  Build cache is disabled
  Caching has been disabled for the task
Skipping task ':core:core-domain:mapDebugSourceSetPaths' as it is up-to-date.
work action resolve file-map.txt (project :core:core-domain) (Thread[#76,Execution worker Thread 6,5,main]) started.
Resolve mutations for :core:core-domain:compileDebugLibraryResources (Thread[#76,Execution worker Thread 6,5,main]) started.
:core:core-domain:compileDebugLibraryResources (Thread[#76,Execution worker Thread 6,5,main]) started.

> Task :core:core-domain:compileDebugLibraryResources UP-TO-DATE
Caching disabled for task ':core:core-domain:compileDebugLibraryResources' because:
  Build cache is disabled
Skipping task ':core:core-domain:compileDebugLibraryResources' as it is up-to-date.
work action resolve out (project :core:core-domain) (Thread[#76,Execution worker Thread 6,5,main]) started.
Resolve mutations for :core:core-ui:mapDebugSourceSetPaths (Thread[#77,Execution worker Thread 7,5,main]) started.
:core:core-ui:mapDebugSourceSetPaths (Thread[#77,Execution worker Thread 7,5,main]) started.

> Task :core:core-ui:mapDebugSourceSetPaths UP-TO-DATE
Caching disabled for task ':core:core-ui:mapDebugSourceSetPaths' because:
  Build cache is disabled
  Caching has been disabled for the task
Skipping task ':core:core-ui:mapDebugSourceSetPaths' as it is up-to-date.
work action resolve file-map.txt (project :core:core-ui) (Thread[#77,Execution worker Thread 7,5,main]) started.
Resolve mutations for :core:core-ui:compileDebugLibraryResources (Thread[#71,Execution worker,5,main]) started.
:core:core-ui:compileDebugLibraryResources (Thread[#71,Execution worker,5,main]) started.

> Task :core:core-ui:compileDebugLibraryResources UP-TO-DATE
Caching disabled for task ':core:core-ui:compileDebugLibraryResources' because:
  Build cache is disabled
Skipping task ':core:core-ui:compileDebugLibraryResources' as it is up-to-date.
work action resolve out (project :core:core-ui) (Thread[#71,Execution worker,5,main]) started.
Resolve mutations for :feature:feature-accessibility:mapDebugSourceSetPaths (Thread[#71,Execution worker,5,main]) started.
:feature:feature-accessibility:mapDebugSourceSetPaths (Thread[#71,Execution worker,5,main]) started.

> Task :feature:feature-accessibility:mapDebugSourceSetPaths UP-TO-DATE
Caching disabled for task ':feature:feature-accessibility:mapDebugSourceSetPaths' because:
  Build cache is disabled
  Caching has been disabled for the task
Skipping task ':feature:feature-accessibility:mapDebugSourceSetPaths' as it is up-to-date.
work action resolve file-map.txt (project :feature:feature-accessibility) (Thread[#71,Execution worker,5,main]) started.
Resolve mutations for :feature:feature-accessibility:compileDebugLibraryResources (Thread[#71,Execution worker,5,main]) started.
:feature:feature-accessibility:compileDebugLibraryResources (Thread[#71,Execution worker,5,main]) started.

> Task :feature:feature-accessibility:compileDebugLibraryResources UP-TO-DATE
Caching disabled for task ':feature:feature-accessibility:compileDebugLibraryResources' because:
  Build cache is disabled
Skipping task ':feature:feature-accessibility:compileDebugLibraryResources' as it is up-to-date.
work action resolve out (project :feature:feature-accessibility) (Thread[#71,Execution worker,5,main]) started.
Resolve mutations for :feature:feature-focus:mapDebugSourceSetPaths (Thread[#71,Execution worker,5,main]) started.
:feature:feature-focus:mapDebugSourceSetPaths (Thread[#71,Execution worker,5,main]) started.

> Task :feature:feature-focus:mapDebugSourceSetPaths UP-TO-DATE
Caching disabled for task ':feature:feature-focus:mapDebugSourceSetPaths' because:
  Build cache is disabled
  Caching has been disabled for the task
Skipping task ':feature:feature-focus:mapDebugSourceSetPaths' as it is up-to-date.
work action resolve file-map.txt (project :feature:feature-focus) (Thread[#71,Execution worker,5,main]) started.
Resolve mutations for :feature:feature-focus:compileDebugLibraryResources (Thread[#71,Execution worker,5,main]) started.
:feature:feature-focus:compileDebugLibraryResources (Thread[#71,Execution worker,5,main]) started.

> Task :feature:feature-focus:compileDebugLibraryResources UP-TO-DATE
Caching disabled for task ':feature:feature-focus:compileDebugLibraryResources' because:
  Build cache is disabled
Skipping task ':feature:feature-focus:compileDebugLibraryResources' as it is up-to-date.
work action resolve out (project :feature:feature-focus) (Thread[#71,Execution worker,5,main]) started.
Resolve mutations for :feature:feature-keyboard:mapDebugSourceSetPaths (Thread[#71,Execution worker,5,main]) started.
:feature:feature-keyboard:mapDebugSourceSetPaths (Thread[#71,Execution worker,5,main]) started.

> Task :feature:feature-keyboard:mapDebugSourceSetPaths UP-TO-DATE
Caching disabled for task ':feature:feature-keyboard:mapDebugSourceSetPaths' because:
  Build cache is disabled
  Caching has been disabled for the task
Skipping task ':feature:feature-keyboard:mapDebugSourceSetPaths' as it is up-to-date.
work action resolve file-map.txt (project :feature:feature-keyboard) (Thread[#71,Execution worker,5,main]) started.
Resolve mutations for :feature:feature-keyboard:compileDebugLibraryResources (Thread[#71,Execution worker,5,main]) started.
:feature:feature-keyboard:compileDebugLibraryResources (Thread[#71,Execution worker,5,main]) started.

> Task :feature:feature-keyboard:compileDebugLibraryResources UP-TO-DATE
Caching disabled for task ':feature:feature-keyboard:compileDebugLibraryResources' because:
  Build cache is disabled
Skipping task ':feature:feature-keyboard:compileDebugLibraryResources' as it is up-to-date.
work action resolve out (project :feature:feature-keyboard) (Thread[#71,Execution worker,5,main]) started.
Resolve mutations for :feature:feature-ml:mapDebugSourceSetPaths (Thread[#71,Execution worker,5,main]) started.
:feature:feature-ml:mapDebugSourceSetPaths (Thread[#71,Execution worker,5,main]) started.

> Task :feature:feature-ml:mapDebugSourceSetPaths UP-TO-DATE
Caching disabled for task ':feature:feature-ml:mapDebugSourceSetPaths' because:
  Build cache is disabled
  Caching has been disabled for the task
Skipping task ':feature:feature-ml:mapDebugSourceSetPaths' as it is up-to-date.
work action resolve file-map.txt (project :feature:feature-ml) (Thread[#71,Execution worker,5,main]) started.
Resolve mutations for :feature:feature-ml:compileDebugLibraryResources (Thread[#71,Execution worker,5,main]) started.
:feature:feature-ml:compileDebugLibraryResources (Thread[#71,Execution worker,5,main]) started.

> Task :feature:feature-ml:compileDebugLibraryResources UP-TO-DATE
Caching disabled for task ':feature:feature-ml:compileDebugLibraryResources' because:
  Build cache is disabled
Skipping task ':feature:feature-ml:compileDebugLibraryResources' as it is up-to-date.
work action resolve out (project :feature:feature-ml) (Thread[#71,Execution worker,5,main]) started.
Resolve mutations for :feature:feature-network:mapDebugSourceSetPaths (Thread[#71,Execution worker,5,main]) started.
:feature:feature-network:mapDebugSourceSetPaths (Thread[#71,Execution worker,5,main]) started.

> Task :feature:feature-network:mapDebugSourceSetPaths UP-TO-DATE
Caching disabled for task ':feature:feature-network:mapDebugSourceSetPaths' because:
  Build cache is disabled
  Caching has been disabled for the task
Skipping task ':feature:feature-network:mapDebugSourceSetPaths' as it is up-to-date.
work action resolve file-map.txt (project :feature:feature-network) (Thread[#71,Execution worker,5,main]) started.
Resolve mutations for :feature:feature-network:compileDebugLibraryResources (Thread[#71,Execution worker,5,main]) started.
:feature:feature-network:compileDebugLibraryResources (Thread[#71,Execution worker,5,main]) started.

> Task :feature:feature-network:compileDebugLibraryResources UP-TO-DATE
Caching disabled for task ':feature:feature-network:compileDebugLibraryResources' because:
  Build cache is disabled
Skipping task ':feature:feature-network:compileDebugLibraryResources' as it is up-to-date.
work action resolve out (project :feature:feature-network) (Thread[#71,Execution worker,5,main]) started.
Resolve mutations for :feature:feature-optimizer:mapDebugSourceSetPaths (Thread[#71,Execution worker,5,main]) started.
:feature:feature-optimizer:mapDebugSourceSetPaths (Thread[#71,Execution worker,5,main]) started.

> Task :feature:feature-optimizer:mapDebugSourceSetPaths UP-TO-DATE
Caching disabled for task ':feature:feature-optimizer:mapDebugSourceSetPaths' because:
  Build cache is disabled
  Caching has been disabled for the task
Skipping task ':feature:feature-optimizer:mapDebugSourceSetPaths' as it is up-to-date.
work action resolve file-map.txt (project :feature:feature-optimizer) (Thread[#71,Execution worker,5,main]) started.
Resolve mutations for :feature:feature-optimizer:compileDebugLibraryResources (Thread[#71,Execution worker,5,main]) started.
:feature:feature-optimizer:compileDebugLibraryResources (Thread[#71,Execution worker,5,main]) started.

> Task :feature:feature-optimizer:compileDebugLibraryResources UP-TO-DATE
Caching disabled for task ':feature:feature-optimizer:compileDebugLibraryResources' because:
  Build cache is disabled
Skipping task ':feature:feature-optimizer:compileDebugLibraryResources' as it is up-to-date.
work action resolve out (project :feature:feature-optimizer) (Thread[#71,Execution worker,5,main]) started.
Resolve mutations for :feature:feature-profile:mapDebugSourceSetPaths (Thread[#71,Execution worker,5,main]) started.
:feature:feature-profile:mapDebugSourceSetPaths (Thread[#71,Execution worker,5,main]) started.

> Task :feature:feature-profile:mapDebugSourceSetPaths UP-TO-DATE
Caching disabled for task ':feature:feature-profile:mapDebugSourceSetPaths' because:
  Build cache is disabled
  Caching has been disabled for the task
Skipping task ':feature:feature-profile:mapDebugSourceSetPaths' as it is up-to-date.
work action resolve file-map.txt (project :feature:feature-profile) (Thread[#71,Execution worker,5,main]) started.
Resolve mutations for :feature:feature-profile:compileDebugLibraryResources (Thread[#71,Execution worker,5,main]) started.
:feature:feature-profile:compileDebugLibraryResources (Thread[#71,Execution worker,5,main]) started.

> Task :feature:feature-profile:compileDebugLibraryResources UP-TO-DATE
Caching disabled for task ':feature:feature-profile:compileDebugLibraryResources' because:
  Build cache is disabled
Skipping task ':feature:feature-profile:compileDebugLibraryResources' as it is up-to-date.
work action resolve out (project :feature:feature-profile) (Thread[#71,Execution worker,5,main]) started.
Resolve mutations for :feature:feature-scanner:mapDebugSourceSetPaths (Thread[#71,Execution worker,5,main]) started.
:feature:feature-scanner:mapDebugSourceSetPaths (Thread[#71,Execution worker,5,main]) started.

> Task :feature:feature-scanner:mapDebugSourceSetPaths UP-TO-DATE
Caching disabled for task ':feature:feature-scanner:mapDebugSourceSetPaths' because:
  Build cache is disabled
  Caching has been disabled for the task
Skipping task ':feature:feature-scanner:mapDebugSourceSetPaths' as it is up-to-date.
work action resolve file-map.txt (project :feature:feature-scanner) (Thread[#71,Execution worker,5,main]) started.
Resolve mutations for :feature:feature-scanner:compileDebugLibraryResources (Thread[#71,Execution worker,5,main]) started.
:feature:feature-scanner:compileDebugLibraryResources (Thread[#71,Execution worker,5,main]) started.

> Task :feature:feature-scanner:compileDebugLibraryResources UP-TO-DATE
Caching disabled for task ':feature:feature-scanner:compileDebugLibraryResources' because:
  Build cache is disabled
Skipping task ':feature:feature-scanner:compileDebugLibraryResources' as it is up-to-date.
work action resolve out (project :feature:feature-scanner) (Thread[#71,Execution worker,5,main]) started.
Resolve mutations for :feature:feature-storage:mapDebugSourceSetPaths (Thread[#71,Execution worker,5,main]) started.
:feature:feature-storage:mapDebugSourceSetPaths (Thread[#71,Execution worker,5,main]) started.

> Task :feature:feature-storage:mapDebugSourceSetPaths UP-TO-DATE
Caching disabled for task ':feature:feature-storage:mapDebugSourceSetPaths' because:
  Build cache is disabled
  Caching has been disabled for the task
Skipping task ':feature:feature-storage:mapDebugSourceSetPaths' as it is up-to-date.
work action resolve file-map.txt (project :feature:feature-storage) (Thread[#71,Execution worker,5,main]) started.
Resolve mutations for :feature:feature-storage:compileDebugLibraryResources (Thread[#71,Execution worker,5,main]) started.
:feature:feature-storage:compileDebugLibraryResources (Thread[#71,Execution worker,5,main]) started.

> Task :feature:feature-storage:compileDebugLibraryResources UP-TO-DATE
Caching disabled for task ':feature:feature-storage:compileDebugLibraryResources' because:
  Build cache is disabled
Skipping task ':feature:feature-storage:compileDebugLibraryResources' as it is up-to-date.
work action resolve out (project :feature:feature-storage) (Thread[#71,Execution worker,5,main]) started.
Resolve mutations for :feature:feature-streak:mapDebugSourceSetPaths (Thread[#71,Execution worker,5,main]) started.
:feature:feature-streak:mapDebugSourceSetPaths (Thread[#71,Execution worker,5,main]) started.

> Task :feature:feature-streak:mapDebugSourceSetPaths UP-TO-DATE
Caching disabled for task ':feature:feature-streak:mapDebugSourceSetPaths' because:
  Build cache is disabled
  Caching has been disabled for the task
Skipping task ':feature:feature-streak:mapDebugSourceSetPaths' as it is up-to-date.
work action resolve file-map.txt (project :feature:feature-streak) (Thread[#71,Execution worker,5,main]) started.
Resolve mutations for :feature:feature-streak:compileDebugLibraryResources (Thread[#71,Execution worker,5,main]) started.
:feature:feature-streak:compileDebugLibraryResources (Thread[#71,Execution worker,5,main]) started.

> Task :feature:feature-streak:compileDebugLibraryResources UP-TO-DATE
Caching disabled for task ':feature:feature-streak:compileDebugLibraryResources' because:
  Build cache is disabled
Skipping task ':feature:feature-streak:compileDebugLibraryResources' as it is up-to-date.
work action resolve out (project :feature:feature-streak) (Thread[#71,Execution worker,5,main]) started.
Resolve mutations for :feature:feature-sync:mapDebugSourceSetPaths (Thread[#71,Execution worker,5,main]) started.
:feature:feature-sync:mapDebugSourceSetPaths (Thread[#71,Execution worker,5,main]) started.

> Task :feature:feature-sync:mapDebugSourceSetPaths UP-TO-DATE
Caching disabled for task ':feature:feature-sync:mapDebugSourceSetPaths' because:
  Build cache is disabled
  Caching has been disabled for the task
Skipping task ':feature:feature-sync:mapDebugSourceSetPaths' as it is up-to-date.
work action resolve file-map.txt (project :feature:feature-sync) (Thread[#71,Execution worker,5,main]) started.
Resolve mutations for :feature:feature-sync:compileDebugLibraryResources (Thread[#71,Execution worker,5,main]) started.
:feature:feature-sync:compileDebugLibraryResources (Thread[#71,Execution worker,5,main]) started.

> Task :feature:feature-sync:compileDebugLibraryResources UP-TO-DATE
Caching disabled for task ':feature:feature-sync:compileDebugLibraryResources' because:
  Build cache is disabled
Skipping task ':feature:feature-sync:compileDebugLibraryResources' as it is up-to-date.
work action resolve out (project :feature:feature-sync) (Thread[#71,Execution worker,5,main]) started.
Resolve mutations for :feature:feature-tracker:mapDebugSourceSetPaths (Thread[#71,Execution worker,5,main]) started.
:feature:feature-tracker:mapDebugSourceSetPaths (Thread[#71,Execution worker,5,main]) started.

> Task :feature:feature-tracker:mapDebugSourceSetPaths UP-TO-DATE
Caching disabled for task ':feature:feature-tracker:mapDebugSourceSetPaths' because:
  Build cache is disabled
  Caching has been disabled for the task
Skipping task ':feature:feature-tracker:mapDebugSourceSetPaths' as it is up-to-date.
work action resolve file-map.txt (project :feature:feature-tracker) (Thread[#71,Execution worker,5,main]) started.
Resolve mutations for :feature:feature-tracker:compileDebugLibraryResources (Thread[#71,Execution worker,5,main]) started.
:feature:feature-tracker:compileDebugLibraryResources (Thread[#71,Execution worker,5,main]) started.

> Task :feature:feature-tracker:compileDebugLibraryResources UP-TO-DATE
Caching disabled for task ':feature:feature-tracker:compileDebugLibraryResources' because:
  Build cache is disabled
Skipping task ':feature:feature-tracker:compileDebugLibraryResources' as it is up-to-date.
work action resolve out (project :feature:feature-tracker) (Thread[#71,Execution worker,5,main]) started.
Resolve mutations for :app:processDebugResources (Thread[#71,Execution worker,5,main]) started.
:app:processDebugResources (Thread[#71,Execution worker,5,main]) started.

> Task :feature:feature-ml:kspDebugKotlin
Caching disabled for task ':feature:feature-ml:kspDebugKotlin' because:
  Build cache is disabled
Task ':feature:feature-ml:kspDebugKotlin' is not up-to-date because:
  Value of input property 'kspConfig.logLevel' has changed for task ':feature:feature-ml:kspDebugKotlin'
The input changes require a full rebuild for incremental task ':feature:feature-ml:kspDebugKotlin'.
file or directory 'C:\Users\iamas\Desktop\Code-Base\Al-HissN\feature\feature-ml\src\main\kotlin', not found
file or directory 'C:\Users\iamas\Desktop\Code-Base\Al-HissN\feature\feature-ml\src\debug\java', not found
file or directory 'C:\Users\iamas\Desktop\Code-Base\Al-HissN\feature\feature-ml\src\debug\kotlin', not found
file or directory 'C:\Users\iamas\Desktop\Code-Base\Al-HissN\feature\feature-ml\src\main\kotlin', not found
file or directory 'C:\Users\iamas\Desktop\Code-Base\Al-HissN\feature\feature-ml\src\debug\java', not found
file or directory 'C:\Users\iamas\Desktop\Code-Base\Al-HissN\feature\feature-ml\src\debug\kotlin', not found
i: [ksp] loaded provider(s): [dagger.hilt.processor.internal.uninstallmodules.KspUninstallModulesProcessor$Provider, dagger.hilt.android.processor.internal.viewmodel.KspViewModelProcessor$Provider, dagger.hilt.processor.internal.earlyentrypoint.KspEarlyEntryPointProcessor$Provider, dagger.hilt.android.processor.internal.androidentrypoint.KspAndroidEntryPointProcessor$Provider, dagger.hilt.processor.internal.definecomponent.KspDefineComponentProcessor$Provider, dagger.hilt.processor.internal.originatingelement.KspOriginatingElementProcessor$Provider, dagger.hilt.android.processor.internal.bindvalue.KspBindValueProcessor$Provider, dagger.hilt.processor.internal.root.KspComponentTreeDepsProcessor$Provider, dagger.hilt.processor.internal.root.KspRootProcessor$Provider, dagger.hilt.processor.internal.aliasof.KspAliasOfProcessor$Provider, dagger.hilt.processor.internal.aggregateddeps.KspAggregatedDepsProcessor$Provider, dagger.hilt.processor.internal.generatesrootinput.KspGeneratesRootInputProcessor$Provider, dagger.hilt.android.processor.internal.customtestapplication.KspCustomTestApplicationProcessor$Provider, dagger.internal.codegen.KspComponentProcessor$Provider]

> Task :app:processDebugResources UP-TO-DATE
Caching disabled for task ':app:processDebugResources' because:
  Build cache is disabled
Skipping task ':app:processDebugResources' as it is up-to-date.
Resolve mutations for :app:mergeDebugJniLibFolders (Thread[#71,Execution worker,5,main]) started.
:app:mergeDebugJniLibFolders (Thread[#71,Execution worker,5,main]) started.

> Task :app:mergeDebugJniLibFolders UP-TO-DATE
Caching disabled for task ':app:mergeDebugJniLibFolders' because:
  Build cache is disabled
  Simple merging task
Skipping task ':app:mergeDebugJniLibFolders' as it is up-to-date.
Resolve mutations for :core:core-common:mergeDebugJniLibFolders (Thread[#71,Execution worker,5,main]) started.
:core:core-common:mergeDebugJniLibFolders (Thread[#71,Execution worker,5,main]) started.

> Task :core:core-common:mergeDebugJniLibFolders UP-TO-DATE
Caching disabled for task ':core:core-common:mergeDebugJniLibFolders' because:
  Build cache is disabled
  Simple merging task
Skipping task ':core:core-common:mergeDebugJniLibFolders' as it is up-to-date.
Resolve mutations for :core:core-common:mergeDebugNativeLibs (Thread[#71,Execution worker,5,main]) started.
:core:core-common:mergeDebugNativeLibs (Thread[#71,Execution worker,5,main]) started.

> Task :core:core-common:mergeDebugNativeLibs NO-SOURCE
Skipping task ':core:core-common:mergeDebugNativeLibs' as it has no source files and no previous output files.
Resolve mutations for :core:core-common:copyDebugJniLibsProjectOnly (Thread[#71,Execution worker,5,main]) started.
:core:core-common:copyDebugJniLibsProjectOnly (Thread[#71,Execution worker,5,main]) started.

> Task :core:core-common:copyDebugJniLibsProjectOnly UP-TO-DATE
Caching disabled for task ':core:core-common:copyDebugJniLibsProjectOnly' because:
  Build cache is disabled
  Caching has been disabled for the task
Skipping task ':core:core-common:copyDebugJniLibsProjectOnly' as it is up-to-date.
work action resolve jni (project :core:core-common) (Thread[#71,Execution worker,5,main]) started.
Resolve mutations for :core:core-data:mergeDebugJniLibFolders (Thread[#71,Execution worker,5,main]) started.
:core:core-data:mergeDebugJniLibFolders (Thread[#71,Execution worker,5,main]) started.

> Task :core:core-data:mergeDebugJniLibFolders UP-TO-DATE
Caching disabled for task ':core:core-data:mergeDebugJniLibFolders' because:
  Build cache is disabled
  Simple merging task
Skipping task ':core:core-data:mergeDebugJniLibFolders' as it is up-to-date.
Resolve mutations for :core:core-data:mergeDebugNativeLibs (Thread[#71,Execution worker,5,main]) started.
:core:core-data:mergeDebugNativeLibs (Thread[#71,Execution worker,5,main]) started.

> Task :core:core-data:mergeDebugNativeLibs NO-SOURCE
Skipping task ':core:core-data:mergeDebugNativeLibs' as it has no source files and no previous output files.
Resolve mutations for :core:core-data:copyDebugJniLibsProjectOnly (Thread[#71,Execution worker,5,main]) started.
:core:core-data:copyDebugJniLibsProjectOnly (Thread[#71,Execution worker,5,main]) started.

> Task :core:core-data:copyDebugJniLibsProjectOnly UP-TO-DATE
Caching disabled for task ':core:core-data:copyDebugJniLibsProjectOnly' because:
  Build cache is disabled
  Caching has been disabled for the task
Skipping task ':core:core-data:copyDebugJniLibsProjectOnly' as it is up-to-date.
work action resolve jni (project :core:core-data) (Thread[#71,Execution worker,5,main]) started.
Resolve mutations for :core:core-domain:mergeDebugJniLibFolders (Thread[#71,Execution worker,5,main]) started.
:core:core-domain:mergeDebugJniLibFolders (Thread[#71,Execution worker,5,main]) started.

> Task :core:core-domain:mergeDebugJniLibFolders UP-TO-DATE
Caching disabled for task ':core:core-domain:mergeDebugJniLibFolders' because:
  Build cache is disabled
  Simple merging task
Skipping task ':core:core-domain:mergeDebugJniLibFolders' as it is up-to-date.
Resolve mutations for :core:core-domain:mergeDebugNativeLibs (Thread[#71,Execution worker,5,main]) started.
:core:core-domain:mergeDebugNativeLibs (Thread[#71,Execution worker,5,main]) started.

> Task :core:core-domain:mergeDebugNativeLibs NO-SOURCE
Skipping task ':core:core-domain:mergeDebugNativeLibs' as it has no source files and no previous output files.
Resolve mutations for :core:core-domain:copyDebugJniLibsProjectOnly (Thread[#71,Execution worker,5,main]) started.
:core:core-domain:copyDebugJniLibsProjectOnly (Thread[#71,Execution worker,5,main]) started.

> Task :core:core-domain:copyDebugJniLibsProjectOnly UP-TO-DATE
Caching disabled for task ':core:core-domain:copyDebugJniLibsProjectOnly' because:
  Build cache is disabled
  Caching has been disabled for the task
Skipping task ':core:core-domain:copyDebugJniLibsProjectOnly' as it is up-to-date.
work action resolve jni (project :core:core-domain) (Thread[#71,Execution worker,5,main]) started.
Resolve mutations for :core:core-ui:mergeDebugJniLibFolders (Thread[#71,Execution worker,5,main]) started.
:core:core-ui:mergeDebugJniLibFolders (Thread[#71,Execution worker,5,main]) started.

> Task :core:core-ui:mergeDebugJniLibFolders UP-TO-DATE
Caching disabled for task ':core:core-ui:mergeDebugJniLibFolders' because:
  Build cache is disabled
  Simple merging task
Skipping task ':core:core-ui:mergeDebugJniLibFolders' as it is up-to-date.
Resolve mutations for :core:core-ui:mergeDebugNativeLibs (Thread[#71,Execution worker,5,main]) started.
:core:core-ui:mergeDebugNativeLibs (Thread[#71,Execution worker,5,main]) started.

> Task :core:core-ui:mergeDebugNativeLibs NO-SOURCE
Skipping task ':core:core-ui:mergeDebugNativeLibs' as it has no source files and no previous output files.
Resolve mutations for :core:core-ui:copyDebugJniLibsProjectOnly (Thread[#71,Execution worker,5,main]) started.
:core:core-ui:copyDebugJniLibsProjectOnly (Thread[#71,Execution worker,5,main]) started.

> Task :core:core-ui:copyDebugJniLibsProjectOnly UP-TO-DATE
Caching disabled for task ':core:core-ui:copyDebugJniLibsProjectOnly' because:
  Build cache is disabled
  Caching has been disabled for the task
Skipping task ':core:core-ui:copyDebugJniLibsProjectOnly' as it is up-to-date.
work action resolve jni (project :core:core-ui) (Thread[#71,Execution worker,5,main]) started.
Resolve mutations for :feature:feature-accessibility:mergeDebugJniLibFolders (Thread[#71,Execution worker,5,main]) started.
:feature:feature-accessibility:mergeDebugJniLibFolders (Thread[#71,Execution worker,5,main]) started.

> Task :feature:feature-accessibility:mergeDebugJniLibFolders UP-TO-DATE
Caching disabled for task ':feature:feature-accessibility:mergeDebugJniLibFolders' because:
  Build cache is disabled
  Simple merging task
Skipping task ':feature:feature-accessibility:mergeDebugJniLibFolders' as it is up-to-date.
Resolve mutations for :feature:feature-accessibility:mergeDebugNativeLibs (Thread[#71,Execution worker,5,main]) started.
:feature:feature-accessibility:mergeDebugNativeLibs (Thread[#71,Execution worker,5,main]) started.

> Task :feature:feature-accessibility:mergeDebugNativeLibs NO-SOURCE
Skipping task ':feature:feature-accessibility:mergeDebugNativeLibs' as it has no source files and no previous output files.
Resolve mutations for :feature:feature-accessibility:copyDebugJniLibsProjectOnly (Thread[#71,Execution worker,5,main]) started.
:feature:feature-accessibility:copyDebugJniLibsProjectOnly (Thread[#71,Execution worker,5,main]) started.

> Task :feature:feature-accessibility:copyDebugJniLibsProjectOnly UP-TO-DATE
Caching disabled for task ':feature:feature-accessibility:copyDebugJniLibsProjectOnly' because:
  Build cache is disabled
  Caching has been disabled for the task
Skipping task ':feature:feature-accessibility:copyDebugJniLibsProjectOnly' as it is up-to-date.
work action resolve jni (project :feature:feature-accessibility) (Thread[#71,Execution worker,5,main]) started.
Resolve mutations for :feature:feature-focus:mergeDebugJniLibFolders (Thread[#71,Execution worker,5,main]) started.
:feature:feature-focus:mergeDebugJniLibFolders (Thread[#71,Execution worker,5,main]) started.

> Task :feature:feature-focus:mergeDebugJniLibFolders UP-TO-DATE
Caching disabled for task ':feature:feature-focus:mergeDebugJniLibFolders' because:
  Build cache is disabled
  Simple merging task
Skipping task ':feature:feature-focus:mergeDebugJniLibFolders' as it is up-to-date.
Resolve mutations for :feature:feature-focus:mergeDebugNativeLibs (Thread[#71,Execution worker,5,main]) started.
:feature:feature-focus:mergeDebugNativeLibs (Thread[#71,Execution worker,5,main]) started.

> Task :feature:feature-focus:mergeDebugNativeLibs NO-SOURCE
Skipping task ':feature:feature-focus:mergeDebugNativeLibs' as it has no source files and no previous output files.
Resolve mutations for :feature:feature-focus:copyDebugJniLibsProjectOnly (Thread[#71,Execution worker,5,main]) started.
:feature:feature-focus:copyDebugJniLibsProjectOnly (Thread[#71,Execution worker,5,main]) started.

> Task :feature:feature-focus:copyDebugJniLibsProjectOnly UP-TO-DATE
Caching disabled for task ':feature:feature-focus:copyDebugJniLibsProjectOnly' because:
  Build cache is disabled
  Caching has been disabled for the task
Skipping task ':feature:feature-focus:copyDebugJniLibsProjectOnly' as it is up-to-date.
work action resolve jni (project :feature:feature-focus) (Thread[#75,Execution worker Thread 5,5,main]) started.
Resolve mutations for :feature:feature-keyboard:mergeDebugJniLibFolders (Thread[#75,Execution worker Thread 5,5,main]) started.
:feature:feature-keyboard:mergeDebugJniLibFolders (Thread[#75,Execution worker Thread 5,5,main]) started.

> Task :feature:feature-keyboard:mergeDebugJniLibFolders UP-TO-DATE
Caching disabled for task ':feature:feature-keyboard:mergeDebugJniLibFolders' because:
  Build cache is disabled
  Simple merging task
Skipping task ':feature:feature-keyboard:mergeDebugJniLibFolders' as it is up-to-date.
Resolve mutations for :feature:feature-keyboard:mergeDebugNativeLibs (Thread[#75,Execution worker Thread 5,5,main]) started.
:feature:feature-keyboard:mergeDebugNativeLibs (Thread[#75,Execution worker Thread 5,5,main]) started.

> Task :feature:feature-keyboard:mergeDebugNativeLibs NO-SOURCE
Skipping task ':feature:feature-keyboard:mergeDebugNativeLibs' as it has no source files and no previous output files.
Resolve mutations for :feature:feature-keyboard:copyDebugJniLibsProjectOnly (Thread[#75,Execution worker Thread 5,5,main]) started.
:feature:feature-keyboard:copyDebugJniLibsProjectOnly (Thread[#75,Execution worker Thread 5,5,main]) started.

> Task :feature:feature-keyboard:copyDebugJniLibsProjectOnly UP-TO-DATE
Caching disabled for task ':feature:feature-keyboard:copyDebugJniLibsProjectOnly' because:
  Build cache is disabled
  Caching has been disabled for the task
Skipping task ':feature:feature-keyboard:copyDebugJniLibsProjectOnly' as it is up-to-date.
work action resolve jni (project :feature:feature-keyboard) (Thread[#75,Execution worker Thread 5,5,main]) started.
Resolve mutations for :feature:feature-ml:mergeDebugJniLibFolders (Thread[#75,Execution worker Thread 5,5,main]) started.
:feature:feature-ml:mergeDebugJniLibFolders (Thread[#75,Execution worker Thread 5,5,main]) started.

> Task :feature:feature-ml:mergeDebugJniLibFolders UP-TO-DATE
Caching disabled for task ':feature:feature-ml:mergeDebugJniLibFolders' because:
  Build cache is disabled
  Simple merging task
Skipping task ':feature:feature-ml:mergeDebugJniLibFolders' as it is up-to-date.
Resolve mutations for :feature:feature-ml:mergeDebugNativeLibs (Thread[#75,Execution worker Thread 5,5,main]) started.
:feature:feature-ml:mergeDebugNativeLibs (Thread[#75,Execution worker Thread 5,5,main]) started.

> Task :feature:feature-ml:mergeDebugNativeLibs NO-SOURCE
Skipping task ':feature:feature-ml:mergeDebugNativeLibs' as it has no source files and no previous output files.
Resolve mutations for :feature:feature-ml:copyDebugJniLibsProjectOnly (Thread[#75,Execution worker Thread 5,5,main]) started.
:feature:feature-ml:copyDebugJniLibsProjectOnly (Thread[#75,Execution worker Thread 5,5,main]) started.

> Task :feature:feature-ml:copyDebugJniLibsProjectOnly UP-TO-DATE
Caching disabled for task ':feature:feature-ml:copyDebugJniLibsProjectOnly' because:
  Build cache is disabled
  Caching has been disabled for the task
Skipping task ':feature:feature-ml:copyDebugJniLibsProjectOnly' as it is up-to-date.
work action resolve jni (project :feature:feature-ml) (Thread[#75,Execution worker Thread 5,5,main]) started.
Resolve mutations for :feature:feature-network:mergeDebugJniLibFolders (Thread[#75,Execution worker Thread 5,5,main]) started.
:feature:feature-network:mergeDebugJniLibFolders (Thread[#75,Execution worker Thread 5,5,main]) started.

> Task :feature:feature-network:mergeDebugJniLibFolders UP-TO-DATE
Caching disabled for task ':feature:feature-network:mergeDebugJniLibFolders' because:
  Build cache is disabled
  Simple merging task
Skipping task ':feature:feature-network:mergeDebugJniLibFolders' as it is up-to-date.
Resolve mutations for :feature:feature-network:mergeDebugNativeLibs (Thread[#75,Execution worker Thread 5,5,main]) started.
:feature:feature-network:mergeDebugNativeLibs (Thread[#75,Execution worker Thread 5,5,main]) started.

> Task :feature:feature-network:mergeDebugNativeLibs NO-SOURCE
Skipping task ':feature:feature-network:mergeDebugNativeLibs' as it has no source files and no previous output files.
Resolve mutations for :feature:feature-network:copyDebugJniLibsProjectOnly (Thread[#75,Execution worker Thread 5,5,main]) started.
:feature:feature-network:copyDebugJniLibsProjectOnly (Thread[#75,Execution worker Thread 5,5,main]) started.

> Task :feature:feature-network:copyDebugJniLibsProjectOnly UP-TO-DATE
Caching disabled for task ':feature:feature-network:copyDebugJniLibsProjectOnly' because:
  Build cache is disabled
  Caching has been disabled for the task
Skipping task ':feature:feature-network:copyDebugJniLibsProjectOnly' as it is up-to-date.
work action resolve jni (project :feature:feature-network) (Thread[#75,Execution worker Thread 5,5,main]) started.
Resolve mutations for :feature:feature-optimizer:mergeDebugJniLibFolders (Thread[#75,Execution worker Thread 5,5,main]) started.
:feature:feature-optimizer:mergeDebugJniLibFolders (Thread[#75,Execution worker Thread 5,5,main]) started.

> Task :feature:feature-optimizer:mergeDebugJniLibFolders UP-TO-DATE
Caching disabled for task ':feature:feature-optimizer:mergeDebugJniLibFolders' because:
  Build cache is disabled
  Simple merging task
Skipping task ':feature:feature-optimizer:mergeDebugJniLibFolders' as it is up-to-date.
Resolve mutations for :feature:feature-optimizer:mergeDebugNativeLibs (Thread[#75,Execution worker Thread 5,5,main]) started.
:feature:feature-optimizer:mergeDebugNativeLibs (Thread[#75,Execution worker Thread 5,5,main]) started.

> Task :feature:feature-optimizer:mergeDebugNativeLibs NO-SOURCE
Skipping task ':feature:feature-optimizer:mergeDebugNativeLibs' as it has no source files and no previous output files.
Resolve mutations for :feature:feature-optimizer:copyDebugJniLibsProjectOnly (Thread[#75,Execution worker Thread 5,5,main]) started.
:feature:feature-optimizer:copyDebugJniLibsProjectOnly (Thread[#75,Execution worker Thread 5,5,main]) started.

> Task :feature:feature-optimizer:copyDebugJniLibsProjectOnly UP-TO-DATE
Caching disabled for task ':feature:feature-optimizer:copyDebugJniLibsProjectOnly' because:
  Build cache is disabled
  Caching has been disabled for the task
Skipping task ':feature:feature-optimizer:copyDebugJniLibsProjectOnly' as it is up-to-date.
work action resolve jni (project :feature:feature-optimizer) (Thread[#75,Execution worker Thread 5,5,main]) started.
Resolve mutations for :feature:feature-profile:mergeDebugJniLibFolders (Thread[#75,Execution worker Thread 5,5,main]) started.
:feature:feature-profile:mergeDebugJniLibFolders (Thread[#75,Execution worker Thread 5,5,main]) started.

> Task :feature:feature-profile:mergeDebugJniLibFolders UP-TO-DATE
Caching disabled for task ':feature:feature-profile:mergeDebugJniLibFolders' because:
  Build cache is disabled
  Simple merging task
Skipping task ':feature:feature-profile:mergeDebugJniLibFolders' as it is up-to-date.
Resolve mutations for :feature:feature-profile:mergeDebugNativeLibs (Thread[#75,Execution worker Thread 5,5,main]) started.
:feature:feature-profile:mergeDebugNativeLibs (Thread[#75,Execution worker Thread 5,5,main]) started.

> Task :feature:feature-profile:mergeDebugNativeLibs NO-SOURCE
Skipping task ':feature:feature-profile:mergeDebugNativeLibs' as it has no source files and no previous output files.
Resolve mutations for :feature:feature-profile:copyDebugJniLibsProjectOnly (Thread[#75,Execution worker Thread 5,5,main]) started.
:feature:feature-profile:copyDebugJniLibsProjectOnly (Thread[#75,Execution worker Thread 5,5,main]) started.

> Task :feature:feature-profile:copyDebugJniLibsProjectOnly UP-TO-DATE
Caching disabled for task ':feature:feature-profile:copyDebugJniLibsProjectOnly' because:
  Build cache is disabled
  Caching has been disabled for the task
Skipping task ':feature:feature-profile:copyDebugJniLibsProjectOnly' as it is up-to-date.
work action resolve jni (project :feature:feature-profile) (Thread[#75,Execution worker Thread 5,5,main]) started.
Resolve mutations for :feature:feature-scanner:mergeDebugJniLibFolders (Thread[#75,Execution worker Thread 5,5,main]) started.
:feature:feature-scanner:mergeDebugJniLibFolders (Thread[#75,Execution worker Thread 5,5,main]) started.

> Task :feature:feature-scanner:mergeDebugJniLibFolders UP-TO-DATE
Caching disabled for task ':feature:feature-scanner:mergeDebugJniLibFolders' because:
  Build cache is disabled
  Simple merging task
Skipping task ':feature:feature-scanner:mergeDebugJniLibFolders' as it is up-to-date.
Resolve mutations for :feature:feature-scanner:mergeDebugNativeLibs (Thread[#75,Execution worker Thread 5,5,main]) started.
:feature:feature-scanner:mergeDebugNativeLibs (Thread[#75,Execution worker Thread 5,5,main]) started.

> Task :feature:feature-scanner:mergeDebugNativeLibs NO-SOURCE
Skipping task ':feature:feature-scanner:mergeDebugNativeLibs' as it has no source files and no previous output files.
Resolve mutations for :feature:feature-scanner:copyDebugJniLibsProjectOnly (Thread[#75,Execution worker Thread 5,5,main]) started.
:feature:feature-scanner:copyDebugJniLibsProjectOnly (Thread[#75,Execution worker Thread 5,5,main]) started.

> Task :feature:feature-scanner:copyDebugJniLibsProjectOnly UP-TO-DATE
Caching disabled for task ':feature:feature-scanner:copyDebugJniLibsProjectOnly' because:
  Build cache is disabled
  Caching has been disabled for the task
Skipping task ':feature:feature-scanner:copyDebugJniLibsProjectOnly' as it is up-to-date.
work action resolve jni (project :feature:feature-scanner) (Thread[#75,Execution worker Thread 5,5,main]) started.
Resolve mutations for :feature:feature-storage:mergeDebugJniLibFolders (Thread[#75,Execution worker Thread 5,5,main]) started.
:feature:feature-storage:mergeDebugJniLibFolders (Thread[#75,Execution worker Thread 5,5,main]) started.

> Task :feature:feature-storage:mergeDebugJniLibFolders UP-TO-DATE
Caching disabled for task ':feature:feature-storage:mergeDebugJniLibFolders' because:
  Build cache is disabled
  Simple merging task
Skipping task ':feature:feature-storage:mergeDebugJniLibFolders' as it is up-to-date.
Resolve mutations for :feature:feature-storage:mergeDebugNativeLibs (Thread[#75,Execution worker Thread 5,5,main]) started.
:feature:feature-storage:mergeDebugNativeLibs (Thread[#75,Execution worker Thread 5,5,main]) started.

> Task :feature:feature-storage:mergeDebugNativeLibs NO-SOURCE
Skipping task ':feature:feature-storage:mergeDebugNativeLibs' as it has no source files and no previous output files.
Resolve mutations for :feature:feature-storage:copyDebugJniLibsProjectOnly (Thread[#75,Execution worker Thread 5,5,main]) started.
:feature:feature-storage:copyDebugJniLibsProjectOnly (Thread[#75,Execution worker Thread 5,5,main]) started.

> Task :feature:feature-storage:copyDebugJniLibsProjectOnly UP-TO-DATE
Caching disabled for task ':feature:feature-storage:copyDebugJniLibsProjectOnly' because:
  Build cache is disabled
  Caching has been disabled for the task
Skipping task ':feature:feature-storage:copyDebugJniLibsProjectOnly' as it is up-to-date.
work action resolve jni (project :feature:feature-storage) (Thread[#75,Execution worker Thread 5,5,main]) started.
Resolve mutations for :feature:feature-streak:mergeDebugJniLibFolders (Thread[#75,Execution worker Thread 5,5,main]) started.
:feature:feature-streak:mergeDebugJniLibFolders (Thread[#75,Execution worker Thread 5,5,main]) started.

> Task :feature:feature-streak:mergeDebugJniLibFolders UP-TO-DATE
Caching disabled for task ':feature:feature-streak:mergeDebugJniLibFolders' because:
  Build cache is disabled
  Simple merging task
Skipping task ':feature:feature-streak:mergeDebugJniLibFolders' as it is up-to-date.
Resolve mutations for :feature:feature-streak:mergeDebugNativeLibs (Thread[#75,Execution worker Thread 5,5,main]) started.
:feature:feature-streak:mergeDebugNativeLibs (Thread[#75,Execution worker Thread 5,5,main]) started.

> Task :feature:feature-streak:mergeDebugNativeLibs NO-SOURCE
Skipping task ':feature:feature-streak:mergeDebugNativeLibs' as it has no source files and no previous output files.
Resolve mutations for :feature:feature-streak:copyDebugJniLibsProjectOnly (Thread[#75,Execution worker Thread 5,5,main]) started.
:feature:feature-streak:copyDebugJniLibsProjectOnly (Thread[#75,Execution worker Thread 5,5,main]) started.

> Task :feature:feature-streak:copyDebugJniLibsProjectOnly UP-TO-DATE
Caching disabled for task ':feature:feature-streak:copyDebugJniLibsProjectOnly' because:
  Build cache is disabled
  Caching has been disabled for the task
Skipping task ':feature:feature-streak:copyDebugJniLibsProjectOnly' as it is up-to-date.
work action resolve jni (project :feature:feature-streak) (Thread[#75,Execution worker Thread 5,5,main]) started.
Resolve mutations for :feature:feature-sync:mergeDebugJniLibFolders (Thread[#75,Execution worker Thread 5,5,main]) started.
:feature:feature-sync:mergeDebugJniLibFolders (Thread[#75,Execution worker Thread 5,5,main]) started.

> Task :feature:feature-sync:mergeDebugJniLibFolders UP-TO-DATE
Caching disabled for task ':feature:feature-sync:mergeDebugJniLibFolders' because:
  Build cache is disabled
  Simple merging task
Skipping task ':feature:feature-sync:mergeDebugJniLibFolders' as it is up-to-date.
Resolve mutations for :feature:feature-sync:mergeDebugNativeLibs (Thread[#75,Execution worker Thread 5,5,main]) started.
:feature:feature-sync:mergeDebugNativeLibs (Thread[#75,Execution worker Thread 5,5,main]) started.

> Task :feature:feature-sync:mergeDebugNativeLibs NO-SOURCE
Skipping task ':feature:feature-sync:mergeDebugNativeLibs' as it has no source files and no previous output files.
Resolve mutations for :feature:feature-sync:copyDebugJniLibsProjectOnly (Thread[#75,Execution worker Thread 5,5,main]) started.
:feature:feature-sync:copyDebugJniLibsProjectOnly (Thread[#75,Execution worker Thread 5,5,main]) started.

> Task :feature:feature-sync:copyDebugJniLibsProjectOnly UP-TO-DATE
Caching disabled for task ':feature:feature-sync:copyDebugJniLibsProjectOnly' because:
  Build cache is disabled
  Caching has been disabled for the task
Skipping task ':feature:feature-sync:copyDebugJniLibsProjectOnly' as it is up-to-date.
work action resolve jni (project :feature:feature-sync) (Thread[#75,Execution worker Thread 5,5,main]) started.
Resolve mutations for :feature:feature-tracker:mergeDebugJniLibFolders (Thread[#75,Execution worker Thread 5,5,main]) started.
:feature:feature-tracker:mergeDebugJniLibFolders (Thread[#75,Execution worker Thread 5,5,main]) started.

> Task :feature:feature-tracker:mergeDebugJniLibFolders UP-TO-DATE
Caching disabled for task ':feature:feature-tracker:mergeDebugJniLibFolders' because:
  Build cache is disabled
  Simple merging task
Skipping task ':feature:feature-tracker:mergeDebugJniLibFolders' as it is up-to-date.
Resolve mutations for :feature:feature-tracker:mergeDebugNativeLibs (Thread[#75,Execution worker Thread 5,5,main]) started.
:feature:feature-tracker:mergeDebugNativeLibs (Thread[#75,Execution worker Thread 5,5,main]) started.

> Task :feature:feature-tracker:mergeDebugNativeLibs NO-SOURCE
Skipping task ':feature:feature-tracker:mergeDebugNativeLibs' as it has no source files and no previous output files.
Resolve mutations for :feature:feature-tracker:copyDebugJniLibsProjectOnly (Thread[#75,Execution worker Thread 5,5,main]) started.
:feature:feature-tracker:copyDebugJniLibsProjectOnly (Thread[#75,Execution worker Thread 5,5,main]) started.

> Task :feature:feature-tracker:copyDebugJniLibsProjectOnly UP-TO-DATE
Caching disabled for task ':feature:feature-tracker:copyDebugJniLibsProjectOnly' because:
  Build cache is disabled
  Caching has been disabled for the task
Skipping task ':feature:feature-tracker:copyDebugJniLibsProjectOnly' as it is up-to-date.
work action resolve jni (project :feature:feature-tracker) (Thread[#75,Execution worker Thread 5,5,main]) started.
Resolve mutations for :app:mergeDebugNativeLibs (Thread[#75,Execution worker Thread 5,5,main]) started.
:app:mergeDebugNativeLibs (Thread[#75,Execution worker Thread 5,5,main]) started.

> Task :app:mergeDebugNativeLibs UP-TO-DATE
Caching disabled for task ':app:mergeDebugNativeLibs' because:
  Build cache is disabled
  Caching has been disabled for the task
Skipping task ':app:mergeDebugNativeLibs' as it is up-to-date.
Resolve mutations for :app:stripDebugDebugSymbols (Thread[#75,Execution worker Thread 5,5,main]) started.
:app:stripDebugDebugSymbols (Thread[#75,Execution worker Thread 5,5,main]) started.

> Task :app:stripDebugDebugSymbols UP-TO-DATE
Caching disabled for task ':app:stripDebugDebugSymbols' because:
  Build cache is disabled
  Caching has been disabled for the task
Skipping task ':app:stripDebugDebugSymbols' as it is up-to-date.
Resolve mutations for :app:validateSigningDebug (Thread[#75,Execution worker Thread 5,5,main]) started.
:app:validateSigningDebug (Thread[#75,Execution worker Thread 5,5,main]) started.

> Task :app:validateSigningDebug UP-TO-DATE
Caching disabled for task ':app:validateSigningDebug' because:
  Build cache is disabled
  Caching has been disabled for the task
Skipping task ':app:validateSigningDebug' as it is up-to-date.
Resolve mutations for :app:writeDebugAppMetadata (Thread[#75,Execution worker Thread 5,5,main]) started.
:app:writeDebugAppMetadata (Thread[#75,Execution worker Thread 5,5,main]) started.

> Task :app:writeDebugAppMetadata UP-TO-DATE
Caching disabled for task ':app:writeDebugAppMetadata' because:
  Build cache is disabled
  Caching has been disabled for the task
Skipping task ':app:writeDebugAppMetadata' as it is up-to-date.
Resolve mutations for :app:writeDebugSigningConfigVersions (Thread[#75,Execution worker Thread 5,5,main]) started.
:app:writeDebugSigningConfigVersions (Thread[#75,Execution worker Thread 5,5,main]) started.

> Task :app:writeDebugSigningConfigVersions UP-TO-DATE
Caching disabled for task ':app:writeDebugSigningConfigVersions' because:
  Build cache is disabled
  Caching has been disabled for the task
Skipping task ':app:writeDebugSigningConfigVersions' as it is up-to-date.
Resolve mutations for :core:core-common:checkDebugAarMetadata (Thread[#75,Execution worker Thread 5,5,main]) started.
:core:core-common:checkDebugAarMetadata (Thread[#75,Execution worker Thread 5,5,main]) started.

> Task :core:core-common:checkDebugAarMetadata UP-TO-DATE
Caching disabled for task ':core:core-common:checkDebugAarMetadata' because:
  Build cache is disabled
  Caching has been disabled for the task
Skipping task ':core:core-common:checkDebugAarMetadata' as it is up-to-date.
Resolve mutations for :core:core-common:stripDebugDebugSymbols (Thread[#75,Execution worker Thread 5,5,main]) started.
:core:core-common:stripDebugDebugSymbols (Thread[#75,Execution worker Thread 5,5,main]) started.

> Task :core:core-common:stripDebugDebugSymbols NO-SOURCE
Skipping task ':core:core-common:stripDebugDebugSymbols' as it has no source files and no previous output files.
Resolve mutations for :core:core-common:copyDebugJniLibsProjectAndLocalJars (Thread[#75,Execution worker Thread 5,5,main]) started.
:core:core-common:copyDebugJniLibsProjectAndLocalJars (Thread[#75,Execution worker Thread 5,5,main]) started.

> Task :core:core-common:copyDebugJniLibsProjectAndLocalJars UP-TO-DATE
Caching disabled for task ':core:core-common:copyDebugJniLibsProjectAndLocalJars' because:
  Build cache is disabled
  Caching has been disabled for the task
Skipping task ':core:core-common:copyDebugJniLibsProjectAndLocalJars' as it is up-to-date.
Resolve mutations for :core:core-common:extractDebugAnnotations (Thread[#75,Execution worker Thread 5,5,main]) started.
:core:core-common:extractDebugAnnotations (Thread[#75,Execution worker Thread 5,5,main]) started.

> Task :core:core-common:extractDebugAnnotations UP-TO-DATE
Caching disabled for task ':core:core-common:extractDebugAnnotations' because:
  Build cache is disabled
Skipping task ':core:core-common:extractDebugAnnotations' as it is up-to-date.
Resolve mutations for :core:core-common:extractDeepLinksForAarDebug (Thread[#75,Execution worker Thread 5,5,main]) started.
:core:core-common:extractDeepLinksForAarDebug (Thread[#75,Execution worker Thread 5,5,main]) started.

> Task :core:core-common:extractDeepLinksForAarDebug UP-TO-DATE
Caching disabled for task ':core:core-common:extractDeepLinksForAarDebug' because:
  Build cache is disabled
Skipping task ':core:core-common:extractDeepLinksForAarDebug' as it is up-to-date.
Resolve mutations for :core:core-common:mergeDebugGeneratedProguardFiles (Thread[#75,Execution worker Thread 5,5,main]) started.
:core:core-common:mergeDebugGeneratedProguardFiles (Thread[#75,Execution worker Thread 5,5,main]) started.

> Task :core:core-common:mergeDebugGeneratedProguardFiles UP-TO-DATE
Caching disabled for task ':core:core-common:mergeDebugGeneratedProguardFiles' because:
  Build cache is disabled
  Simple merging task
Skipping task ':core:core-common:mergeDebugGeneratedProguardFiles' as it is up-to-date.
Resolve mutations for :core:core-common:mergeDebugConsumerProguardFiles (Thread[#75,Execution worker Thread 5,5,main]) started.
:core:core-common:mergeDebugConsumerProguardFiles (Thread[#75,Execution worker Thread 5,5,main]) started.

> Task :core:core-common:mergeDebugConsumerProguardFiles UP-TO-DATE
file or directory 'C:\Users\iamas\Desktop\Code-Base\Al-HissN\core\core-common\src\main\keepRules', not found
file or directory 'C:\Users\iamas\Desktop\Code-Base\Al-HissN\core\core-common\src\debug\keepRules', not found
Caching disabled for task ':core:core-common:mergeDebugConsumerProguardFiles' because:
  Build cache is disabled
  Simple merging task
Skipping task ':core:core-common:mergeDebugConsumerProguardFiles' as it is up-to-date.
Resolve mutations for :core:core-common:prepareDebugArtProfile (Thread[#75,Execution worker Thread 5,5,main]) started.
:core:core-common:prepareDebugArtProfile (Thread[#75,Execution worker Thread 5,5,main]) started.

> Task :core:core-common:prepareDebugArtProfile UP-TO-DATE
Caching disabled for task ':core:core-common:prepareDebugArtProfile' because:
  Build cache is disabled
  Caching has been disabled for the task
Skipping task ':core:core-common:prepareDebugArtProfile' as it is up-to-date.
Resolve mutations for :core:core-common:prepareLintJarForPublish (Thread[#75,Execution worker Thread 5,5,main]) started.
:core:core-common:prepareLintJarForPublish (Thread[#75,Execution worker Thread 5,5,main]) started.

> Task :core:core-common:prepareLintJarForPublish UP-TO-DATE
Caching disabled for task ':core:core-common:prepareLintJarForPublish' because:
  Build cache is disabled
  Caching has been disabled for the task
Skipping task ':core:core-common:prepareLintJarForPublish' as it is up-to-date.
Resolve mutations for :core:core-common:mergeDebugJavaResource (Thread[#75,Execution worker Thread 5,5,main]) started.
:core:core-common:mergeDebugJavaResource (Thread[#75,Execution worker Thread 5,5,main]) started.

> Task :core:core-common:mergeDebugJavaResource UP-TO-DATE
Caching disabled for task ':core:core-common:mergeDebugJavaResource' because:
  Build cache is disabled
  Caching has been disabled for the task
Skipping task ':core:core-common:mergeDebugJavaResource' as it is up-to-date.
Resolve mutations for :core:core-common:syncDebugLibJars (Thread[#75,Execution worker Thread 5,5,main]) started.
:core:core-common:syncDebugLibJars (Thread[#75,Execution worker Thread 5,5,main]) started.

> Task :core:core-common:syncDebugLibJars UP-TO-DATE
Caching disabled for task ':core:core-common:syncDebugLibJars' because:
  Build cache is disabled
Skipping task ':core:core-common:syncDebugLibJars' as it is up-to-date.
Resolve mutations for :core:core-common:bundleDebugAar (Thread[#75,Execution worker Thread 5,5,main]) started.
:core:core-common:bundleDebugAar (Thread[#75,Execution worker Thread 5,5,main]) started.

> Task :core:core-common:bundleDebugAar UP-TO-DATE
Caching disabled for task ':core:core-common:bundleDebugAar' because:
  Build cache is disabled
  Caching has been disabled for the task
Skipping task ':core:core-common:bundleDebugAar' as it is up-to-date.
Resolve mutations for :core:core-common:assembleDebug (Thread[#75,Execution worker Thread 5,5,main]) started.
:core:core-common:assembleDebug (Thread[#75,Execution worker Thread 5,5,main]) started.

> Task :core:core-common:assembleDebug UP-TO-DATE
Skipping task ':core:core-common:assembleDebug' as it has no actions.
Resolve mutations for :core:core-data:checkDebugAarMetadata (Thread[#75,Execution worker Thread 5,5,main]) started.
:core:core-data:checkDebugAarMetadata (Thread[#75,Execution worker Thread 5,5,main]) started.

> Task :core:core-data:checkDebugAarMetadata UP-TO-DATE
Caching disabled for task ':core:core-data:checkDebugAarMetadata' because:
  Build cache is disabled
  Caching has been disabled for the task
Skipping task ':core:core-data:checkDebugAarMetadata' as it is up-to-date.
Resolve mutations for :core:core-data:stripDebugDebugSymbols (Thread[#75,Execution worker Thread 5,5,main]) started.
:core:core-data:stripDebugDebugSymbols (Thread[#75,Execution worker Thread 5,5,main]) started.

> Task :core:core-data:stripDebugDebugSymbols NO-SOURCE
Skipping task ':core:core-data:stripDebugDebugSymbols' as it has no source files and no previous output files.
Resolve mutations for :core:core-data:copyDebugJniLibsProjectAndLocalJars (Thread[#75,Execution worker Thread 5,5,main]) started.
:core:core-data:copyDebugJniLibsProjectAndLocalJars (Thread[#75,Execution worker Thread 5,5,main]) started.

> Task :core:core-data:copyDebugJniLibsProjectAndLocalJars UP-TO-DATE
Caching disabled for task ':core:core-data:copyDebugJniLibsProjectAndLocalJars' because:
  Build cache is disabled
  Caching has been disabled for the task
Skipping task ':core:core-data:copyDebugJniLibsProjectAndLocalJars' as it is up-to-date.
Resolve mutations for :core:core-data:extractDebugAnnotations (Thread[#75,Execution worker Thread 5,5,main]) started.
:core:core-data:extractDebugAnnotations (Thread[#75,Execution worker Thread 5,5,main]) started.

> Task :core:core-data:extractDebugAnnotations UP-TO-DATE
Caching disabled for task ':core:core-data:extractDebugAnnotations' because:
  Build cache is disabled
Skipping task ':core:core-data:extractDebugAnnotations' as it is up-to-date.
Resolve mutations for :core:core-data:extractDeepLinksForAarDebug (Thread[#75,Execution worker Thread 5,5,main]) started.
:core:core-data:extractDeepLinksForAarDebug (Thread[#75,Execution worker Thread 5,5,main]) started.

> Task :core:core-data:extractDeepLinksForAarDebug UP-TO-DATE
Caching disabled for task ':core:core-data:extractDeepLinksForAarDebug' because:
  Build cache is disabled
Skipping task ':core:core-data:extractDeepLinksForAarDebug' as it is up-to-date.
Resolve mutations for :core:core-data:prepareDebugArtProfile (Thread[#75,Execution worker Thread 5,5,main]) started.
:core:core-data:prepareDebugArtProfile (Thread[#75,Execution worker Thread 5,5,main]) started.

> Task :core:core-data:prepareDebugArtProfile UP-TO-DATE
Caching disabled for task ':core:core-data:prepareDebugArtProfile' because:
  Build cache is disabled
  Caching has been disabled for the task
Skipping task ':core:core-data:prepareDebugArtProfile' as it is up-to-date.
Resolve mutations for :core:core-data:prepareLintJarForPublish (Thread[#75,Execution worker Thread 5,5,main]) started.
:core:core-data:prepareLintJarForPublish (Thread[#75,Execution worker Thread 5,5,main]) started.

> Task :core:core-data:prepareLintJarForPublish UP-TO-DATE
Caching disabled for task ':core:core-data:prepareLintJarForPublish' because:
  Build cache is disabled
  Caching has been disabled for the task
Skipping task ':core:core-data:prepareLintJarForPublish' as it is up-to-date.
Resolve mutations for :core:core-domain:checkDebugAarMetadata (Thread[#75,Execution worker Thread 5,5,main]) started.
:core:core-domain:checkDebugAarMetadata (Thread[#75,Execution worker Thread 5,5,main]) started.

> Task :core:core-domain:checkDebugAarMetadata UP-TO-DATE
Caching disabled for task ':core:core-domain:checkDebugAarMetadata' because:
  Build cache is disabled
  Caching has been disabled for the task
Skipping task ':core:core-domain:checkDebugAarMetadata' as it is up-to-date.
Resolve mutations for :core:core-domain:stripDebugDebugSymbols (Thread[#75,Execution worker Thread 5,5,main]) started.
:core:core-domain:stripDebugDebugSymbols (Thread[#75,Execution worker Thread 5,5,main]) started.

> Task :core:core-domain:stripDebugDebugSymbols NO-SOURCE
Skipping task ':core:core-domain:stripDebugDebugSymbols' as it has no source files and no previous output files.
Resolve mutations for :core:core-domain:copyDebugJniLibsProjectAndLocalJars (Thread[#75,Execution worker Thread 5,5,main]) started.
:core:core-domain:copyDebugJniLibsProjectAndLocalJars (Thread[#75,Execution worker Thread 5,5,main]) started.

> Task :core:core-domain:copyDebugJniLibsProjectAndLocalJars UP-TO-DATE
Caching disabled for task ':core:core-domain:copyDebugJniLibsProjectAndLocalJars' because:
  Build cache is disabled
  Caching has been disabled for the task
Skipping task ':core:core-domain:copyDebugJniLibsProjectAndLocalJars' as it is up-to-date.
Resolve mutations for :core:core-domain:extractDebugAnnotations (Thread[#75,Execution worker Thread 5,5,main]) started.
:core:core-domain:extractDebugAnnotations (Thread[#75,Execution worker Thread 5,5,main]) started.

> Task :core:core-domain:extractDebugAnnotations UP-TO-DATE
Caching disabled for task ':core:core-domain:extractDebugAnnotations' because:
  Build cache is disabled
Skipping task ':core:core-domain:extractDebugAnnotations' as it is up-to-date.
Resolve mutations for :core:core-domain:extractDeepLinksForAarDebug (Thread[#75,Execution worker Thread 5,5,main]) started.
:core:core-domain:extractDeepLinksForAarDebug (Thread[#75,Execution worker Thread 5,5,main]) started.

> Task :core:core-domain:extractDeepLinksForAarDebug UP-TO-DATE
Caching disabled for task ':core:core-domain:extractDeepLinksForAarDebug' because:
  Build cache is disabled
Skipping task ':core:core-domain:extractDeepLinksForAarDebug' as it is up-to-date.
Resolve mutations for :core:core-domain:mergeDebugGeneratedProguardFiles (Thread[#75,Execution worker Thread 5,5,main]) started.
:core:core-domain:mergeDebugGeneratedProguardFiles (Thread[#75,Execution worker Thread 5,5,main]) started.

> Task :core:core-domain:mergeDebugGeneratedProguardFiles UP-TO-DATE
Caching disabled for task ':core:core-domain:mergeDebugGeneratedProguardFiles' because:
  Build cache is disabled
  Simple merging task
Skipping task ':core:core-domain:mergeDebugGeneratedProguardFiles' as it is up-to-date.
Resolve mutations for :core:core-domain:mergeDebugConsumerProguardFiles (Thread[#75,Execution worker Thread 5,5,main]) started.
:core:core-domain:mergeDebugConsumerProguardFiles (Thread[#75,Execution worker Thread 5,5,main]) started.

> Task :core:core-domain:mergeDebugConsumerProguardFiles UP-TO-DATE
file or directory 'C:\Users\iamas\Desktop\Code-Base\Al-HissN\core\core-domain\src\main\keepRules', not found
file or directory 'C:\Users\iamas\Desktop\Code-Base\Al-HissN\core\core-domain\src\debug\keepRules', not found
Caching disabled for task ':core:core-domain:mergeDebugConsumerProguardFiles' because:
  Build cache is disabled
  Simple merging task
Skipping task ':core:core-domain:mergeDebugConsumerProguardFiles' as it is up-to-date.
Resolve mutations for :core:core-domain:prepareDebugArtProfile (Thread[#75,Execution worker Thread 5,5,main]) started.
:core:core-domain:prepareDebugArtProfile (Thread[#75,Execution worker Thread 5,5,main]) started.

> Task :core:core-domain:prepareDebugArtProfile UP-TO-DATE
Caching disabled for task ':core:core-domain:prepareDebugArtProfile' because:
  Build cache is disabled
  Caching has been disabled for the task
Skipping task ':core:core-domain:prepareDebugArtProfile' as it is up-to-date.
Resolve mutations for :core:core-domain:prepareLintJarForPublish (Thread[#75,Execution worker Thread 5,5,main]) started.
:core:core-domain:prepareLintJarForPublish (Thread[#75,Execution worker Thread 5,5,main]) started.

> Task :core:core-domain:prepareLintJarForPublish UP-TO-DATE
Caching disabled for task ':core:core-domain:prepareLintJarForPublish' because:
  Build cache is disabled
  Caching has been disabled for the task
Skipping task ':core:core-domain:prepareLintJarForPublish' as it is up-to-date.
Resolve mutations for :core:core-domain:mergeDebugJavaResource (Thread[#75,Execution worker Thread 5,5,main]) started.
:core:core-domain:mergeDebugJavaResource (Thread[#75,Execution worker Thread 5,5,main]) started.

> Task :core:core-domain:mergeDebugJavaResource UP-TO-DATE
Caching disabled for task ':core:core-domain:mergeDebugJavaResource' because:
  Build cache is disabled
  Caching has been disabled for the task
Skipping task ':core:core-domain:mergeDebugJavaResource' as it is up-to-date.
Resolve mutations for :core:core-domain:syncDebugLibJars (Thread[#75,Execution worker Thread 5,5,main]) started.
:core:core-domain:syncDebugLibJars (Thread[#75,Execution worker Thread 5,5,main]) started.

> Task :core:core-domain:syncDebugLibJars UP-TO-DATE
Caching disabled for task ':core:core-domain:syncDebugLibJars' because:
  Build cache is disabled
Skipping task ':core:core-domain:syncDebugLibJars' as it is up-to-date.
Resolve mutations for :core:core-domain:bundleDebugAar (Thread[#75,Execution worker Thread 5,5,main]) started.
:core:core-domain:bundleDebugAar (Thread[#75,Execution worker Thread 5,5,main]) started.

> Task :core:core-domain:bundleDebugAar UP-TO-DATE
Caching disabled for task ':core:core-domain:bundleDebugAar' because:
  Build cache is disabled
  Caching has been disabled for the task
Skipping task ':core:core-domain:bundleDebugAar' as it is up-to-date.
Resolve mutations for :core:core-domain:assembleDebug (Thread[#75,Execution worker Thread 5,5,main]) started.
:core:core-domain:assembleDebug (Thread[#75,Execution worker Thread 5,5,main]) started.

> Task :core:core-domain:assembleDebug UP-TO-DATE
Skipping task ':core:core-domain:assembleDebug' as it has no actions.
Resolve mutations for :core:core-ui:checkDebugAarMetadata (Thread[#75,Execution worker Thread 5,5,main]) started.
:core:core-ui:checkDebugAarMetadata (Thread[#75,Execution worker Thread 5,5,main]) started.

> Task :core:core-ui:checkDebugAarMetadata UP-TO-DATE
Caching disabled for task ':core:core-ui:checkDebugAarMetadata' because:
  Build cache is disabled
  Caching has been disabled for the task
Skipping task ':core:core-ui:checkDebugAarMetadata' as it is up-to-date.
Resolve mutations for :core:core-ui:stripDebugDebugSymbols (Thread[#75,Execution worker Thread 5,5,main]) started.
:core:core-ui:stripDebugDebugSymbols (Thread[#75,Execution worker Thread 5,5,main]) started.

> Task :core:core-ui:stripDebugDebugSymbols NO-SOURCE
Skipping task ':core:core-ui:stripDebugDebugSymbols' as it has no source files and no previous output files.
Resolve mutations for :core:core-ui:copyDebugJniLibsProjectAndLocalJars (Thread[#75,Execution worker Thread 5,5,main]) started.
:core:core-ui:copyDebugJniLibsProjectAndLocalJars (Thread[#75,Execution worker Thread 5,5,main]) started.

> Task :core:core-ui:copyDebugJniLibsProjectAndLocalJars UP-TO-DATE
Caching disabled for task ':core:core-ui:copyDebugJniLibsProjectAndLocalJars' because:
  Build cache is disabled
  Caching has been disabled for the task
Skipping task ':core:core-ui:copyDebugJniLibsProjectAndLocalJars' as it is up-to-date.
Resolve mutations for :core:core-ui:extractDebugAnnotations (Thread[#75,Execution worker Thread 5,5,main]) started.
:core:core-ui:extractDebugAnnotations (Thread[#75,Execution worker Thread 5,5,main]) started.

> Task :core:core-ui:extractDebugAnnotations UP-TO-DATE
Caching disabled for task ':core:core-ui:extractDebugAnnotations' because:
  Build cache is disabled
Skipping task ':core:core-ui:extractDebugAnnotations' as it is up-to-date.
Resolve mutations for :core:core-ui:extractDeepLinksForAarDebug (Thread[#75,Execution worker Thread 5,5,main]) started.
:core:core-ui:extractDeepLinksForAarDebug (Thread[#75,Execution worker Thread 5,5,main]) started.

> Task :core:core-ui:extractDeepLinksForAarDebug UP-TO-DATE
Caching disabled for task ':core:core-ui:extractDeepLinksForAarDebug' because:
  Build cache is disabled
Skipping task ':core:core-ui:extractDeepLinksForAarDebug' as it is up-to-date.
Resolve mutations for :core:core-ui:prepareDebugArtProfile (Thread[#75,Execution worker Thread 5,5,main]) started.
:core:core-ui:prepareDebugArtProfile (Thread[#75,Execution worker Thread 5,5,main]) started.

> Task :core:core-ui:prepareDebugArtProfile UP-TO-DATE
Caching disabled for task ':core:core-ui:prepareDebugArtProfile' because:
  Build cache is disabled
  Caching has been disabled for the task
Skipping task ':core:core-ui:prepareDebugArtProfile' as it is up-to-date.
Resolve mutations for :core:core-ui:prepareLintJarForPublish (Thread[#75,Execution worker Thread 5,5,main]) started.
:core:core-ui:prepareLintJarForPublish (Thread[#75,Execution worker Thread 5,5,main]) started.

> Task :core:core-ui:prepareLintJarForPublish UP-TO-DATE
Caching disabled for task ':core:core-ui:prepareLintJarForPublish' because:
  Build cache is disabled
  Caching has been disabled for the task
Skipping task ':core:core-ui:prepareLintJarForPublish' as it is up-to-date.
Resolve mutations for :feature:feature-accessibility:checkDebugAarMetadata (Thread[#75,Execution worker Thread 5,5,main]) started.
:feature:feature-accessibility:checkDebugAarMetadata (Thread[#75,Execution worker Thread 5,5,main]) started.

> Task :feature:feature-accessibility:checkDebugAarMetadata UP-TO-DATE
Caching disabled for task ':feature:feature-accessibility:checkDebugAarMetadata' because:
  Build cache is disabled
  Caching has been disabled for the task
Skipping task ':feature:feature-accessibility:checkDebugAarMetadata' as it is up-to-date.
Resolve mutations for :feature:feature-accessibility:stripDebugDebugSymbols (Thread[#75,Execution worker Thread 5,5,main]) started.
:feature:feature-accessibility:stripDebugDebugSymbols (Thread[#75,Execution worker Thread 5,5,main]) started.

> Task :feature:feature-accessibility:stripDebugDebugSymbols NO-SOURCE
Skipping task ':feature:feature-accessibility:stripDebugDebugSymbols' as it has no source files and no previous output files.
Resolve mutations for :feature:feature-accessibility:copyDebugJniLibsProjectAndLocalJars (Thread[#75,Execution worker Thread 5,5,main]) started.
:feature:feature-accessibility:copyDebugJniLibsProjectAndLocalJars (Thread[#75,Execution worker Thread 5,5,main]) started.

> Task :feature:feature-accessibility:copyDebugJniLibsProjectAndLocalJars UP-TO-DATE
Caching disabled for task ':feature:feature-accessibility:copyDebugJniLibsProjectAndLocalJars' because:
  Build cache is disabled
  Caching has been disabled for the task
Skipping task ':feature:feature-accessibility:copyDebugJniLibsProjectAndLocalJars' as it is up-to-date.
Resolve mutations for :feature:feature-accessibility:extractDeepLinksForAarDebug (Thread[#75,Execution worker Thread 5,5,main]) started.
:feature:feature-accessibility:extractDeepLinksForAarDebug (Thread[#75,Execution worker Thread 5,5,main]) started.

> Task :feature:feature-accessibility:extractDeepLinksForAarDebug UP-TO-DATE
Caching disabled for task ':feature:feature-accessibility:extractDeepLinksForAarDebug' because:
  Build cache is disabled
Skipping task ':feature:feature-accessibility:extractDeepLinksForAarDebug' as it is up-to-date.
Resolve mutations for :feature:feature-accessibility:prepareDebugArtProfile (Thread[#75,Execution worker Thread 5,5,main]) started.
:feature:feature-accessibility:prepareDebugArtProfile (Thread[#75,Execution worker Thread 5,5,main]) started.

> Task :feature:feature-accessibility:prepareDebugArtProfile UP-TO-DATE
Caching disabled for task ':feature:feature-accessibility:prepareDebugArtProfile' because:
  Build cache is disabled
  Caching has been disabled for the task
Skipping task ':feature:feature-accessibility:prepareDebugArtProfile' as it is up-to-date.
Resolve mutations for :feature:feature-accessibility:prepareLintJarForPublish (Thread[#75,Execution worker Thread 5,5,main]) started.
:feature:feature-accessibility:prepareLintJarForPublish (Thread[#75,Execution worker Thread 5,5,main]) started.

> Task :feature:feature-accessibility:prepareLintJarForPublish UP-TO-DATE
Caching disabled for task ':feature:feature-accessibility:prepareLintJarForPublish' because:
  Build cache is disabled
  Caching has been disabled for the task
Skipping task ':feature:feature-accessibility:prepareLintJarForPublish' as it is up-to-date.
Resolve mutations for :feature:feature-focus:checkDebugAarMetadata (Thread[#75,Execution worker Thread 5,5,main]) started.
:feature:feature-focus:checkDebugAarMetadata (Thread[#75,Execution worker Thread 5,5,main]) started.

> Task :feature:feature-focus:checkDebugAarMetadata UP-TO-DATE
Caching disabled for task ':feature:feature-focus:checkDebugAarMetadata' because:
  Build cache is disabled
  Caching has been disabled for the task
Skipping task ':feature:feature-focus:checkDebugAarMetadata' as it is up-to-date.
Resolve mutations for :feature:feature-focus:stripDebugDebugSymbols (Thread[#75,Execution worker Thread 5,5,main]) started.
:feature:feature-focus:stripDebugDebugSymbols (Thread[#75,Execution worker Thread 5,5,main]) started.

> Task :feature:feature-focus:stripDebugDebugSymbols NO-SOURCE
Skipping task ':feature:feature-focus:stripDebugDebugSymbols' as it has no source files and no previous output files.
Resolve mutations for :feature:feature-focus:copyDebugJniLibsProjectAndLocalJars (Thread[#75,Execution worker Thread 5,5,main]) started.
:feature:feature-focus:copyDebugJniLibsProjectAndLocalJars (Thread[#75,Execution worker Thread 5,5,main]) started.

> Task :feature:feature-focus:copyDebugJniLibsProjectAndLocalJars UP-TO-DATE
Caching disabled for task ':feature:feature-focus:copyDebugJniLibsProjectAndLocalJars' because:
  Build cache is disabled
  Caching has been disabled for the task
Skipping task ':feature:feature-focus:copyDebugJniLibsProjectAndLocalJars' as it is up-to-date.
Resolve mutations for :feature:feature-focus:extractDeepLinksForAarDebug (Thread[#75,Execution worker Thread 5,5,main]) started.
:feature:feature-focus:extractDeepLinksForAarDebug (Thread[#75,Execution worker Thread 5,5,main]) started.

> Task :feature:feature-focus:extractDeepLinksForAarDebug UP-TO-DATE
Caching disabled for task ':feature:feature-focus:extractDeepLinksForAarDebug' because:
  Build cache is disabled
Skipping task ':feature:feature-focus:extractDeepLinksForAarDebug' as it is up-to-date.
Resolve mutations for :feature:feature-focus:prepareDebugArtProfile (Thread[#75,Execution worker Thread 5,5,main]) started.
:feature:feature-focus:prepareDebugArtProfile (Thread[#75,Execution worker Thread 5,5,main]) started.

> Task :feature:feature-focus:prepareDebugArtProfile UP-TO-DATE
Caching disabled for task ':feature:feature-focus:prepareDebugArtProfile' because:
  Build cache is disabled
  Caching has been disabled for the task
Skipping task ':feature:feature-focus:prepareDebugArtProfile' as it is up-to-date.
Resolve mutations for :feature:feature-focus:prepareLintJarForPublish (Thread[#75,Execution worker Thread 5,5,main]) started.
:feature:feature-focus:prepareLintJarForPublish (Thread[#75,Execution worker Thread 5,5,main]) started.

> Task :feature:feature-focus:prepareLintJarForPublish UP-TO-DATE
Caching disabled for task ':feature:feature-focus:prepareLintJarForPublish' because:
  Build cache is disabled
  Caching has been disabled for the task
Skipping task ':feature:feature-focus:prepareLintJarForPublish' as it is up-to-date.
Resolve mutations for :feature:feature-keyboard:checkDebugAarMetadata (Thread[#75,Execution worker Thread 5,5,main]) started.
:feature:feature-keyboard:checkDebugAarMetadata (Thread[#75,Execution worker Thread 5,5,main]) started.

> Task :feature:feature-keyboard:checkDebugAarMetadata UP-TO-DATE
Caching disabled for task ':feature:feature-keyboard:checkDebugAarMetadata' because:
  Build cache is disabled
  Caching has been disabled for the task
Skipping task ':feature:feature-keyboard:checkDebugAarMetadata' as it is up-to-date.
Resolve mutations for :feature:feature-keyboard:stripDebugDebugSymbols (Thread[#75,Execution worker Thread 5,5,main]) started.
:feature:feature-keyboard:stripDebugDebugSymbols (Thread[#75,Execution worker Thread 5,5,main]) started.

> Task :feature:feature-keyboard:stripDebugDebugSymbols NO-SOURCE
Skipping task ':feature:feature-keyboard:stripDebugDebugSymbols' as it has no source files and no previous output files.
Resolve mutations for :feature:feature-keyboard:copyDebugJniLibsProjectAndLocalJars (Thread[#75,Execution worker Thread 5,5,main]) started.
:feature:feature-keyboard:copyDebugJniLibsProjectAndLocalJars (Thread[#75,Execution worker Thread 5,5,main]) started.

> Task :feature:feature-keyboard:copyDebugJniLibsProjectAndLocalJars UP-TO-DATE
Caching disabled for task ':feature:feature-keyboard:copyDebugJniLibsProjectAndLocalJars' because:
  Build cache is disabled
  Caching has been disabled for the task
Skipping task ':feature:feature-keyboard:copyDebugJniLibsProjectAndLocalJars' as it is up-to-date.
Resolve mutations for :feature:feature-keyboard:extractDeepLinksForAarDebug (Thread[#75,Execution worker Thread 5,5,main]) started.
:feature:feature-keyboard:extractDeepLinksForAarDebug (Thread[#75,Execution worker Thread 5,5,main]) started.

> Task :feature:feature-keyboard:extractDeepLinksForAarDebug UP-TO-DATE
Caching disabled for task ':feature:feature-keyboard:extractDeepLinksForAarDebug' because:
  Build cache is disabled
Skipping task ':feature:feature-keyboard:extractDeepLinksForAarDebug' as it is up-to-date.
Resolve mutations for :feature:feature-keyboard:prepareDebugArtProfile (Thread[#75,Execution worker Thread 5,5,main]) started.
:feature:feature-keyboard:prepareDebugArtProfile (Thread[#75,Execution worker Thread 5,5,main]) started.

> Task :feature:feature-keyboard:prepareDebugArtProfile UP-TO-DATE
Caching disabled for task ':feature:feature-keyboard:prepareDebugArtProfile' because:
  Build cache is disabled
  Caching has been disabled for the task
Skipping task ':feature:feature-keyboard:prepareDebugArtProfile' as it is up-to-date.
Resolve mutations for :feature:feature-keyboard:prepareLintJarForPublish (Thread[#75,Execution worker Thread 5,5,main]) started.
:feature:feature-keyboard:prepareLintJarForPublish (Thread[#75,Execution worker Thread 5,5,main]) started.

> Task :feature:feature-keyboard:prepareLintJarForPublish UP-TO-DATE
Caching disabled for task ':feature:feature-keyboard:prepareLintJarForPublish' because:
  Build cache is disabled
  Caching has been disabled for the task
Skipping task ':feature:feature-keyboard:prepareLintJarForPublish' as it is up-to-date.
Resolve mutations for :feature:feature-ml:checkDebugAarMetadata (Thread[#75,Execution worker Thread 5,5,main]) started.
:feature:feature-ml:checkDebugAarMetadata (Thread[#75,Execution worker Thread 5,5,main]) started.

> Task :feature:feature-ml:checkDebugAarMetadata UP-TO-DATE
Caching disabled for task ':feature:feature-ml:checkDebugAarMetadata' because:
  Build cache is disabled
  Caching has been disabled for the task
Skipping task ':feature:feature-ml:checkDebugAarMetadata' as it is up-to-date.
Resolve mutations for :feature:feature-ml:stripDebugDebugSymbols (Thread[#75,Execution worker Thread 5,5,main]) started.
:feature:feature-ml:stripDebugDebugSymbols (Thread[#75,Execution worker Thread 5,5,main]) started.

> Task :feature:feature-ml:stripDebugDebugSymbols NO-SOURCE
Skipping task ':feature:feature-ml:stripDebugDebugSymbols' as it has no source files and no previous output files.
Resolve mutations for :feature:feature-ml:copyDebugJniLibsProjectAndLocalJars (Thread[#75,Execution worker Thread 5,5,main]) started.
:feature:feature-ml:copyDebugJniLibsProjectAndLocalJars (Thread[#75,Execution worker Thread 5,5,main]) started.

> Task :feature:feature-ml:copyDebugJniLibsProjectAndLocalJars UP-TO-DATE
Caching disabled for task ':feature:feature-ml:copyDebugJniLibsProjectAndLocalJars' because:
  Build cache is disabled
  Caching has been disabled for the task
Skipping task ':feature:feature-ml:copyDebugJniLibsProjectAndLocalJars' as it is up-to-date.
Resolve mutations for :feature:feature-ml:extractDebugAnnotations (Thread[#75,Execution worker Thread 5,5,main]) started.
:feature:feature-ml:extractDebugAnnotations (Thread[#75,Execution worker Thread 5,5,main]) started.

> Task :feature:feature-ml:extractDebugAnnotations UP-TO-DATE
Caching disabled for task ':feature:feature-ml:extractDebugAnnotations' because:
  Build cache is disabled
Skipping task ':feature:feature-ml:extractDebugAnnotations' as it is up-to-date.
Resolve mutations for :feature:feature-ml:extractDeepLinksForAarDebug (Thread[#75,Execution worker Thread 5,5,main]) started.
:feature:feature-ml:extractDeepLinksForAarDebug (Thread[#75,Execution worker Thread 5,5,main]) started.

> Task :feature:feature-ml:extractDeepLinksForAarDebug UP-TO-DATE
Caching disabled for task ':feature:feature-ml:extractDeepLinksForAarDebug' because:
  Build cache is disabled
Skipping task ':feature:feature-ml:extractDeepLinksForAarDebug' as it is up-to-date.
Resolve mutations for :feature:feature-ml:prepareDebugArtProfile (Thread[#75,Execution worker Thread 5,5,main]) started.
:feature:feature-ml:prepareDebugArtProfile (Thread[#75,Execution worker Thread 5,5,main]) started.

> Task :feature:feature-ml:prepareDebugArtProfile UP-TO-DATE
Caching disabled for task ':feature:feature-ml:prepareDebugArtProfile' because:
  Build cache is disabled
  Caching has been disabled for the task
Skipping task ':feature:feature-ml:prepareDebugArtProfile' as it is up-to-date.
Resolve mutations for :feature:feature-ml:prepareLintJarForPublish (Thread[#75,Execution worker Thread 5,5,main]) started.
:feature:feature-ml:prepareLintJarForPublish (Thread[#75,Execution worker Thread 5,5,main]) started.

> Task :feature:feature-ml:prepareLintJarForPublish UP-TO-DATE
Caching disabled for task ':feature:feature-ml:prepareLintJarForPublish' because:
  Build cache is disabled
  Caching has been disabled for the task
Skipping task ':feature:feature-ml:prepareLintJarForPublish' as it is up-to-date.
Resolve mutations for :feature:feature-network:checkDebugAarMetadata (Thread[#75,Execution worker Thread 5,5,main]) started.
:feature:feature-network:checkDebugAarMetadata (Thread[#75,Execution worker Thread 5,5,main]) started.

> Task :feature:feature-network:checkDebugAarMetadata UP-TO-DATE
Caching disabled for task ':feature:feature-network:checkDebugAarMetadata' because:
  Build cache is disabled
  Caching has been disabled for the task
Skipping task ':feature:feature-network:checkDebugAarMetadata' as it is up-to-date.
Resolve mutations for :feature:feature-network:stripDebugDebugSymbols (Thread[#75,Execution worker Thread 5,5,main]) started.
:feature:feature-network:stripDebugDebugSymbols (Thread[#75,Execution worker Thread 5,5,main]) started.

> Task :feature:feature-network:stripDebugDebugSymbols NO-SOURCE
Skipping task ':feature:feature-network:stripDebugDebugSymbols' as it has no source files and no previous output files.
Resolve mutations for :feature:feature-network:copyDebugJniLibsProjectAndLocalJars (Thread[#75,Execution worker Thread 5,5,main]) started.
:feature:feature-network:copyDebugJniLibsProjectAndLocalJars (Thread[#75,Execution worker Thread 5,5,main]) started.

> Task :feature:feature-network:copyDebugJniLibsProjectAndLocalJars UP-TO-DATE
Caching disabled for task ':feature:feature-network:copyDebugJniLibsProjectAndLocalJars' because:
  Build cache is disabled
  Caching has been disabled for the task
Skipping task ':feature:feature-network:copyDebugJniLibsProjectAndLocalJars' as it is up-to-date.
Resolve mutations for :feature:feature-network:extractDeepLinksForAarDebug (Thread[#75,Execution worker Thread 5,5,main]) started.
:feature:feature-network:extractDeepLinksForAarDebug (Thread[#75,Execution worker Thread 5,5,main]) started.

> Task :feature:feature-network:extractDeepLinksForAarDebug UP-TO-DATE
Caching disabled for task ':feature:feature-network:extractDeepLinksForAarDebug' because:
  Build cache is disabled
Skipping task ':feature:feature-network:extractDeepLinksForAarDebug' as it is up-to-date.
Resolve mutations for :feature:feature-network:prepareDebugArtProfile (Thread[#75,Execution worker Thread 5,5,main]) started.
:feature:feature-network:prepareDebugArtProfile (Thread[#75,Execution worker Thread 5,5,main]) started.

> Task :feature:feature-network:prepareDebugArtProfile UP-TO-DATE
Caching disabled for task ':feature:feature-network:prepareDebugArtProfile' because:
  Build cache is disabled
  Caching has been disabled for the task
Skipping task ':feature:feature-network:prepareDebugArtProfile' as it is up-to-date.
Resolve mutations for :feature:feature-network:prepareLintJarForPublish (Thread[#75,Execution worker Thread 5,5,main]) started.
:feature:feature-network:prepareLintJarForPublish (Thread[#75,Execution worker Thread 5,5,main]) started.

> Task :feature:feature-network:prepareLintJarForPublish UP-TO-DATE
Caching disabled for task ':feature:feature-network:prepareLintJarForPublish' because:
  Build cache is disabled
  Caching has been disabled for the task
Skipping task ':feature:feature-network:prepareLintJarForPublish' as it is up-to-date.
Resolve mutations for :feature:feature-optimizer:checkDebugAarMetadata (Thread[#75,Execution worker Thread 5,5,main]) started.
:feature:feature-optimizer:checkDebugAarMetadata (Thread[#75,Execution worker Thread 5,5,main]) started.

> Task :feature:feature-optimizer:checkDebugAarMetadata UP-TO-DATE
Caching disabled for task ':feature:feature-optimizer:checkDebugAarMetadata' because:
  Build cache is disabled
  Caching has been disabled for the task
Skipping task ':feature:feature-optimizer:checkDebugAarMetadata' as it is up-to-date.
Resolve mutations for :feature:feature-optimizer:stripDebugDebugSymbols (Thread[#75,Execution worker Thread 5,5,main]) started.
:feature:feature-optimizer:stripDebugDebugSymbols (Thread[#75,Execution worker Thread 5,5,main]) started.

> Task :feature:feature-optimizer:stripDebugDebugSymbols NO-SOURCE
Skipping task ':feature:feature-optimizer:stripDebugDebugSymbols' as it has no source files and no previous output files.
Resolve mutations for :feature:feature-optimizer:copyDebugJniLibsProjectAndLocalJars (Thread[#75,Execution worker Thread 5,5,main]) started.
:feature:feature-optimizer:copyDebugJniLibsProjectAndLocalJars (Thread[#75,Execution worker Thread 5,5,main]) started.

> Task :feature:feature-optimizer:copyDebugJniLibsProjectAndLocalJars UP-TO-DATE
Caching disabled for task ':feature:feature-optimizer:copyDebugJniLibsProjectAndLocalJars' because:
  Build cache is disabled
  Caching has been disabled for the task
Skipping task ':feature:feature-optimizer:copyDebugJniLibsProjectAndLocalJars' as it is up-to-date.
Resolve mutations for :feature:feature-optimizer:extractDeepLinksForAarDebug (Thread[#75,Execution worker Thread 5,5,main]) started.
:feature:feature-optimizer:extractDeepLinksForAarDebug (Thread[#75,Execution worker Thread 5,5,main]) started.

> Task :feature:feature-optimizer:extractDeepLinksForAarDebug UP-TO-DATE
Caching disabled for task ':feature:feature-optimizer:extractDeepLinksForAarDebug' because:
  Build cache is disabled
Skipping task ':feature:feature-optimizer:extractDeepLinksForAarDebug' as it is up-to-date.
Resolve mutations for :feature:feature-optimizer:prepareDebugArtProfile (Thread[#75,Execution worker Thread 5,5,main]) started.
:feature:feature-optimizer:prepareDebugArtProfile (Thread[#75,Execution worker Thread 5,5,main]) started.

> Task :feature:feature-optimizer:prepareDebugArtProfile UP-TO-DATE
Caching disabled for task ':feature:feature-optimizer:prepareDebugArtProfile' because:
  Build cache is disabled
  Caching has been disabled for the task
Skipping task ':feature:feature-optimizer:prepareDebugArtProfile' as it is up-to-date.
Resolve mutations for :feature:feature-optimizer:prepareLintJarForPublish (Thread[#75,Execution worker Thread 5,5,main]) started.
:feature:feature-optimizer:prepareLintJarForPublish (Thread[#75,Execution worker Thread 5,5,main]) started.

> Task :feature:feature-optimizer:prepareLintJarForPublish UP-TO-DATE
Caching disabled for task ':feature:feature-optimizer:prepareLintJarForPublish' because:
  Build cache is disabled
  Caching has been disabled for the task
Skipping task ':feature:feature-optimizer:prepareLintJarForPublish' as it is up-to-date.
Resolve mutations for :feature:feature-profile:checkDebugAarMetadata (Thread[#75,Execution worker Thread 5,5,main]) started.
:feature:feature-profile:checkDebugAarMetadata (Thread[#75,Execution worker Thread 5,5,main]) started.

> Task :feature:feature-profile:checkDebugAarMetadata UP-TO-DATE
Caching disabled for task ':feature:feature-profile:checkDebugAarMetadata' because:
  Build cache is disabled
  Caching has been disabled for the task
Skipping task ':feature:feature-profile:checkDebugAarMetadata' as it is up-to-date.
Resolve mutations for :feature:feature-profile:stripDebugDebugSymbols (Thread[#75,Execution worker Thread 5,5,main]) started.
:feature:feature-profile:stripDebugDebugSymbols (Thread[#75,Execution worker Thread 5,5,main]) started.

> Task :feature:feature-profile:stripDebugDebugSymbols NO-SOURCE
Skipping task ':feature:feature-profile:stripDebugDebugSymbols' as it has no source files and no previous output files.
Resolve mutations for :feature:feature-profile:copyDebugJniLibsProjectAndLocalJars (Thread[#75,Execution worker Thread 5,5,main]) started.
:feature:feature-profile:copyDebugJniLibsProjectAndLocalJars (Thread[#75,Execution worker Thread 5,5,main]) started.

> Task :feature:feature-profile:copyDebugJniLibsProjectAndLocalJars UP-TO-DATE
Caching disabled for task ':feature:feature-profile:copyDebugJniLibsProjectAndLocalJars' because:
  Build cache is disabled
  Caching has been disabled for the task
Skipping task ':feature:feature-profile:copyDebugJniLibsProjectAndLocalJars' as it is up-to-date.
Resolve mutations for :feature:feature-profile:extractDeepLinksForAarDebug (Thread[#75,Execution worker Thread 5,5,main]) started.
:feature:feature-profile:extractDeepLinksForAarDebug (Thread[#75,Execution worker Thread 5,5,main]) started.

> Task :feature:feature-profile:extractDeepLinksForAarDebug UP-TO-DATE
Caching disabled for task ':feature:feature-profile:extractDeepLinksForAarDebug' because:
  Build cache is disabled
Skipping task ':feature:feature-profile:extractDeepLinksForAarDebug' as it is up-to-date.
Resolve mutations for :feature:feature-profile:prepareDebugArtProfile (Thread[#75,Execution worker Thread 5,5,main]) started.
:feature:feature-profile:prepareDebugArtProfile (Thread[#75,Execution worker Thread 5,5,main]) started.

> Task :feature:feature-profile:prepareDebugArtProfile UP-TO-DATE
Caching disabled for task ':feature:feature-profile:prepareDebugArtProfile' because:
  Build cache is disabled
  Caching has been disabled for the task
Skipping task ':feature:feature-profile:prepareDebugArtProfile' as it is up-to-date.
Resolve mutations for :feature:feature-profile:prepareLintJarForPublish (Thread[#75,Execution worker Thread 5,5,main]) started.
:feature:feature-profile:prepareLintJarForPublish (Thread[#75,Execution worker Thread 5,5,main]) started.

> Task :feature:feature-profile:prepareLintJarForPublish UP-TO-DATE
Caching disabled for task ':feature:feature-profile:prepareLintJarForPublish' because:
  Build cache is disabled
  Caching has been disabled for the task
Skipping task ':feature:feature-profile:prepareLintJarForPublish' as it is up-to-date.
Resolve mutations for :feature:feature-scanner:checkDebugAarMetadata (Thread[#75,Execution worker Thread 5,5,main]) started.
:feature:feature-scanner:checkDebugAarMetadata (Thread[#75,Execution worker Thread 5,5,main]) started.

> Task :feature:feature-scanner:checkDebugAarMetadata UP-TO-DATE
Caching disabled for task ':feature:feature-scanner:checkDebugAarMetadata' because:
  Build cache is disabled
  Caching has been disabled for the task
Skipping task ':feature:feature-scanner:checkDebugAarMetadata' as it is up-to-date.
Resolve mutations for :feature:feature-scanner:stripDebugDebugSymbols (Thread[#75,Execution worker Thread 5,5,main]) started.
:feature:feature-scanner:stripDebugDebugSymbols (Thread[#75,Execution worker Thread 5,5,main]) started.

> Task :feature:feature-scanner:stripDebugDebugSymbols NO-SOURCE
Skipping task ':feature:feature-scanner:stripDebugDebugSymbols' as it has no source files and no previous output files.
Resolve mutations for :feature:feature-scanner:copyDebugJniLibsProjectAndLocalJars (Thread[#75,Execution worker Thread 5,5,main]) started.
:feature:feature-scanner:copyDebugJniLibsProjectAndLocalJars (Thread[#75,Execution worker Thread 5,5,main]) started.

> Task :feature:feature-scanner:copyDebugJniLibsProjectAndLocalJars UP-TO-DATE
Caching disabled for task ':feature:feature-scanner:copyDebugJniLibsProjectAndLocalJars' because:
  Build cache is disabled
  Caching has been disabled for the task
Skipping task ':feature:feature-scanner:copyDebugJniLibsProjectAndLocalJars' as it is up-to-date.
Resolve mutations for :feature:feature-scanner:extractDeepLinksForAarDebug (Thread[#75,Execution worker Thread 5,5,main]) started.
:feature:feature-scanner:extractDeepLinksForAarDebug (Thread[#75,Execution worker Thread 5,5,main]) started.

> Task :feature:feature-scanner:extractDeepLinksForAarDebug UP-TO-DATE
Caching disabled for task ':feature:feature-scanner:extractDeepLinksForAarDebug' because:
  Build cache is disabled
Skipping task ':feature:feature-scanner:extractDeepLinksForAarDebug' as it is up-to-date.
Resolve mutations for :feature:feature-scanner:prepareDebugArtProfile (Thread[#75,Execution worker Thread 5,5,main]) started.
:feature:feature-scanner:prepareDebugArtProfile (Thread[#75,Execution worker Thread 5,5,main]) started.

> Task :feature:feature-scanner:prepareDebugArtProfile UP-TO-DATE
Caching disabled for task ':feature:feature-scanner:prepareDebugArtProfile' because:
  Build cache is disabled
  Caching has been disabled for the task
Skipping task ':feature:feature-scanner:prepareDebugArtProfile' as it is up-to-date.
Resolve mutations for :feature:feature-scanner:prepareLintJarForPublish (Thread[#75,Execution worker Thread 5,5,main]) started.
:feature:feature-scanner:prepareLintJarForPublish (Thread[#75,Execution worker Thread 5,5,main]) started.

> Task :feature:feature-scanner:prepareLintJarForPublish UP-TO-DATE
Caching disabled for task ':feature:feature-scanner:prepareLintJarForPublish' because:
  Build cache is disabled
  Caching has been disabled for the task
Skipping task ':feature:feature-scanner:prepareLintJarForPublish' as it is up-to-date.
Resolve mutations for :feature:feature-storage:checkDebugAarMetadata (Thread[#75,Execution worker Thread 5,5,main]) started.
:feature:feature-storage:checkDebugAarMetadata (Thread[#75,Execution worker Thread 5,5,main]) started.

> Task :feature:feature-storage:checkDebugAarMetadata UP-TO-DATE
Caching disabled for task ':feature:feature-storage:checkDebugAarMetadata' because:
  Build cache is disabled
  Caching has been disabled for the task
Skipping task ':feature:feature-storage:checkDebugAarMetadata' as it is up-to-date.
Resolve mutations for :feature:feature-storage:stripDebugDebugSymbols (Thread[#75,Execution worker Thread 5,5,main]) started.
:feature:feature-storage:stripDebugDebugSymbols (Thread[#75,Execution worker Thread 5,5,main]) started.

> Task :feature:feature-storage:stripDebugDebugSymbols NO-SOURCE
Skipping task ':feature:feature-storage:stripDebugDebugSymbols' as it has no source files and no previous output files.
Resolve mutations for :feature:feature-storage:copyDebugJniLibsProjectAndLocalJars (Thread[#75,Execution worker Thread 5,5,main]) started.
:feature:feature-storage:copyDebugJniLibsProjectAndLocalJars (Thread[#75,Execution worker Thread 5,5,main]) started.

> Task :feature:feature-storage:copyDebugJniLibsProjectAndLocalJars UP-TO-DATE
Caching disabled for task ':feature:feature-storage:copyDebugJniLibsProjectAndLocalJars' because:
  Build cache is disabled
  Caching has been disabled for the task
Skipping task ':feature:feature-storage:copyDebugJniLibsProjectAndLocalJars' as it is up-to-date.
Resolve mutations for :feature:feature-storage:extractDeepLinksForAarDebug (Thread[#75,Execution worker Thread 5,5,main]) started.
:feature:feature-storage:extractDeepLinksForAarDebug (Thread[#75,Execution worker Thread 5,5,main]) started.

> Task :feature:feature-storage:extractDeepLinksForAarDebug UP-TO-DATE
Caching disabled for task ':feature:feature-storage:extractDeepLinksForAarDebug' because:
  Build cache is disabled
Skipping task ':feature:feature-storage:extractDeepLinksForAarDebug' as it is up-to-date.
Resolve mutations for :feature:feature-storage:prepareDebugArtProfile (Thread[#75,Execution worker Thread 5,5,main]) started.
:feature:feature-storage:prepareDebugArtProfile (Thread[#75,Execution worker Thread 5,5,main]) started.

> Task :feature:feature-storage:prepareDebugArtProfile UP-TO-DATE
Caching disabled for task ':feature:feature-storage:prepareDebugArtProfile' because:
  Build cache is disabled
  Caching has been disabled for the task
Skipping task ':feature:feature-storage:prepareDebugArtProfile' as it is up-to-date.
Resolve mutations for :feature:feature-storage:prepareLintJarForPublish (Thread[#75,Execution worker Thread 5,5,main]) started.
:feature:feature-storage:prepareLintJarForPublish (Thread[#75,Execution worker Thread 5,5,main]) started.

> Task :feature:feature-storage:prepareLintJarForPublish UP-TO-DATE
Caching disabled for task ':feature:feature-storage:prepareLintJarForPublish' because:
  Build cache is disabled
  Caching has been disabled for the task
Skipping task ':feature:feature-storage:prepareLintJarForPublish' as it is up-to-date.
Resolve mutations for :feature:feature-streak:checkDebugAarMetadata (Thread[#75,Execution worker Thread 5,5,main]) started.
:feature:feature-streak:checkDebugAarMetadata (Thread[#75,Execution worker Thread 5,5,main]) started.

> Task :feature:feature-streak:checkDebugAarMetadata UP-TO-DATE
Caching disabled for task ':feature:feature-streak:checkDebugAarMetadata' because:
  Build cache is disabled
  Caching has been disabled for the task
Skipping task ':feature:feature-streak:checkDebugAarMetadata' as it is up-to-date.
Resolve mutations for :feature:feature-streak:stripDebugDebugSymbols (Thread[#75,Execution worker Thread 5,5,main]) started.
:feature:feature-streak:stripDebugDebugSymbols (Thread[#75,Execution worker Thread 5,5,main]) started.

> Task :feature:feature-streak:stripDebugDebugSymbols NO-SOURCE
Skipping task ':feature:feature-streak:stripDebugDebugSymbols' as it has no source files and no previous output files.
Resolve mutations for :feature:feature-streak:copyDebugJniLibsProjectAndLocalJars (Thread[#75,Execution worker Thread 5,5,main]) started.
:feature:feature-streak:copyDebugJniLibsProjectAndLocalJars (Thread[#75,Execution worker Thread 5,5,main]) started.

> Task :feature:feature-streak:copyDebugJniLibsProjectAndLocalJars UP-TO-DATE
Caching disabled for task ':feature:feature-streak:copyDebugJniLibsProjectAndLocalJars' because:
  Build cache is disabled
  Caching has been disabled for the task
Skipping task ':feature:feature-streak:copyDebugJniLibsProjectAndLocalJars' as it is up-to-date.
Resolve mutations for :feature:feature-streak:extractDeepLinksForAarDebug (Thread[#75,Execution worker Thread 5,5,main]) started.
:feature:feature-streak:extractDeepLinksForAarDebug (Thread[#78,Execution worker Thread 8,5,main]) started.

> Task :feature:feature-streak:extractDeepLinksForAarDebug UP-TO-DATE
Caching disabled for task ':feature:feature-streak:extractDeepLinksForAarDebug' because:
  Build cache is disabled
Skipping task ':feature:feature-streak:extractDeepLinksForAarDebug' as it is up-to-date.
Resolve mutations for :feature:feature-streak:prepareDebugArtProfile (Thread[#78,Execution worker Thread 8,5,main]) started.
:feature:feature-streak:prepareDebugArtProfile (Thread[#78,Execution worker Thread 8,5,main]) started.

> Task :feature:feature-streak:prepareDebugArtProfile UP-TO-DATE
Caching disabled for task ':feature:feature-streak:prepareDebugArtProfile' because:
  Build cache is disabled
  Caching has been disabled for the task
Skipping task ':feature:feature-streak:prepareDebugArtProfile' as it is up-to-date.
Resolve mutations for :feature:feature-streak:prepareLintJarForPublish (Thread[#78,Execution worker Thread 8,5,main]) started.
:feature:feature-streak:prepareLintJarForPublish (Thread[#78,Execution worker Thread 8,5,main]) started.

> Task :feature:feature-streak:prepareLintJarForPublish UP-TO-DATE
Caching disabled for task ':feature:feature-streak:prepareLintJarForPublish' because:
  Build cache is disabled
  Caching has been disabled for the task
Skipping task ':feature:feature-streak:prepareLintJarForPublish' as it is up-to-date.
Resolve mutations for :feature:feature-sync:checkDebugAarMetadata (Thread[#78,Execution worker Thread 8,5,main]) started.
:feature:feature-sync:checkDebugAarMetadata (Thread[#78,Execution worker Thread 8,5,main]) started.

> Task :feature:feature-sync:checkDebugAarMetadata UP-TO-DATE
Caching disabled for task ':feature:feature-sync:checkDebugAarMetadata' because:
  Build cache is disabled
  Caching has been disabled for the task
Skipping task ':feature:feature-sync:checkDebugAarMetadata' as it is up-to-date.
Resolve mutations for :feature:feature-sync:stripDebugDebugSymbols (Thread[#78,Execution worker Thread 8,5,main]) started.
:feature:feature-sync:stripDebugDebugSymbols (Thread[#78,Execution worker Thread 8,5,main]) started.

> Task :feature:feature-sync:stripDebugDebugSymbols NO-SOURCE
Skipping task ':feature:feature-sync:stripDebugDebugSymbols' as it has no source files and no previous output files.
Resolve mutations for :feature:feature-sync:copyDebugJniLibsProjectAndLocalJars (Thread[#78,Execution worker Thread 8,5,main]) started.
:feature:feature-sync:copyDebugJniLibsProjectAndLocalJars (Thread[#78,Execution worker Thread 8,5,main]) started.

> Task :feature:feature-sync:copyDebugJniLibsProjectAndLocalJars UP-TO-DATE
Caching disabled for task ':feature:feature-sync:copyDebugJniLibsProjectAndLocalJars' because:
  Build cache is disabled
  Caching has been disabled for the task
Skipping task ':feature:feature-sync:copyDebugJniLibsProjectAndLocalJars' as it is up-to-date.
Resolve mutations for :feature:feature-sync:extractDeepLinksForAarDebug (Thread[#78,Execution worker Thread 8,5,main]) started.
:feature:feature-sync:extractDeepLinksForAarDebug (Thread[#78,Execution worker Thread 8,5,main]) started.

> Task :feature:feature-sync:extractDeepLinksForAarDebug UP-TO-DATE
Caching disabled for task ':feature:feature-sync:extractDeepLinksForAarDebug' because:
  Build cache is disabled
Skipping task ':feature:feature-sync:extractDeepLinksForAarDebug' as it is up-to-date.
Resolve mutations for :feature:feature-sync:prepareDebugArtProfile (Thread[#78,Execution worker Thread 8,5,main]) started.
:feature:feature-sync:prepareDebugArtProfile (Thread[#78,Execution worker Thread 8,5,main]) started.

> Task :feature:feature-sync:prepareDebugArtProfile UP-TO-DATE
Caching disabled for task ':feature:feature-sync:prepareDebugArtProfile' because:
  Build cache is disabled
  Caching has been disabled for the task
Skipping task ':feature:feature-sync:prepareDebugArtProfile' as it is up-to-date.
Resolve mutations for :feature:feature-sync:prepareLintJarForPublish (Thread[#78,Execution worker Thread 8,5,main]) started.
:feature:feature-sync:prepareLintJarForPublish (Thread[#78,Execution worker Thread 8,5,main]) started.

> Task :feature:feature-sync:prepareLintJarForPublish UP-TO-DATE
Caching disabled for task ':feature:feature-sync:prepareLintJarForPublish' because:
  Build cache is disabled
  Caching has been disabled for the task
Skipping task ':feature:feature-sync:prepareLintJarForPublish' as it is up-to-date.
Resolve mutations for :feature:feature-tracker:checkDebugAarMetadata (Thread[#78,Execution worker Thread 8,5,main]) started.
:feature:feature-tracker:checkDebugAarMetadata (Thread[#78,Execution worker Thread 8,5,main]) started.

> Task :feature:feature-tracker:checkDebugAarMetadata UP-TO-DATE
Caching disabled for task ':feature:feature-tracker:checkDebugAarMetadata' because:
  Build cache is disabled
  Caching has been disabled for the task
Skipping task ':feature:feature-tracker:checkDebugAarMetadata' as it is up-to-date.
Resolve mutations for :feature:feature-tracker:stripDebugDebugSymbols (Thread[#78,Execution worker Thread 8,5,main]) started.
:feature:feature-tracker:stripDebugDebugSymbols (Thread[#78,Execution worker Thread 8,5,main]) started.

> Task :feature:feature-tracker:stripDebugDebugSymbols NO-SOURCE
Skipping task ':feature:feature-tracker:stripDebugDebugSymbols' as it has no source files and no previous output files.
Resolve mutations for :feature:feature-tracker:copyDebugJniLibsProjectAndLocalJars (Thread[#78,Execution worker Thread 8,5,main]) started.
:feature:feature-tracker:copyDebugJniLibsProjectAndLocalJars (Thread[#78,Execution worker Thread 8,5,main]) started.

> Task :feature:feature-tracker:copyDebugJniLibsProjectAndLocalJars UP-TO-DATE
Caching disabled for task ':feature:feature-tracker:copyDebugJniLibsProjectAndLocalJars' because:
  Build cache is disabled
  Caching has been disabled for the task
Skipping task ':feature:feature-tracker:copyDebugJniLibsProjectAndLocalJars' as it is up-to-date.
Resolve mutations for :feature:feature-tracker:extractDeepLinksForAarDebug (Thread[#78,Execution worker Thread 8,5,main]) started.
:feature:feature-tracker:extractDeepLinksForAarDebug (Thread[#78,Execution worker Thread 8,5,main]) started.

> Task :feature:feature-tracker:extractDeepLinksForAarDebug UP-TO-DATE
Caching disabled for task ':feature:feature-tracker:extractDeepLinksForAarDebug' because:
  Build cache is disabled
Skipping task ':feature:feature-tracker:extractDeepLinksForAarDebug' as it is up-to-date.
Resolve mutations for :feature:feature-tracker:prepareDebugArtProfile (Thread[#80,Execution worker Thread 10,5,main]) started.
:feature:feature-tracker:prepareDebugArtProfile (Thread[#80,Execution worker Thread 10,5,main]) started.

> Task :feature:feature-tracker:prepareDebugArtProfile UP-TO-DATE
Caching disabled for task ':feature:feature-tracker:prepareDebugArtProfile' because:
  Build cache is disabled
  Caching has been disabled for the task
Skipping task ':feature:feature-tracker:prepareDebugArtProfile' as it is up-to-date.
Resolve mutations for :feature:feature-tracker:prepareLintJarForPublish (Thread[#80,Execution worker Thread 10,5,main]) started.
:feature:feature-tracker:prepareLintJarForPublish (Thread[#80,Execution worker Thread 10,5,main]) started.

> Task :feature:feature-tracker:prepareLintJarForPublish UP-TO-DATE
Caching disabled for task ':feature:feature-tracker:prepareLintJarForPublish' because:
  Build cache is disabled
  Caching has been disabled for the task
Skipping task ':feature:feature-tracker:prepareLintJarForPublish' as it is up-to-date.
Resolve mutations for :core:core-ui:compileDebugKotlin (Thread[#74,Execution worker Thread 4,5,main]) started.
:core:core-ui:compileDebugKotlin (Thread[#74,Execution worker Thread 4,5,main]) started.

> Task :core:core-ui:compileDebugKotlin UP-TO-DATE
file or directory 'C:\Users\iamas\Desktop\Code-Base\Al-HissN\core\core-ui\src\main\kotlin', not found
file or directory 'C:\Users\iamas\Desktop\Code-Base\Al-HissN\core\core-ui\src\debug\java', not found
file or directory 'C:\Users\iamas\Desktop\Code-Base\Al-HissN\core\core-ui\src\debug\kotlin', not found
file or directory 'C:\Users\iamas\Desktop\Code-Base\Al-HissN\core\core-ui\src\debug\java', not found
file or directory 'C:\Users\iamas\Desktop\Code-Base\Al-HissN\core\core-ui\src\main\kotlin', not found
file or directory 'C:\Users\iamas\Desktop\Code-Base\Al-HissN\core\core-ui\src\debug\java', not found
file or directory 'C:\Users\iamas\Desktop\Code-Base\Al-HissN\core\core-ui\src\debug\kotlin', not found
file or directory 'C:\Users\iamas\Desktop\Code-Base\Al-HissN\core\core-ui\src\debug\java', not found
file or directory 'C:\Users\iamas\Desktop\Code-Base\Al-HissN\core\core-ui\src\main\kotlin', not found
file or directory 'C:\Users\iamas\Desktop\Code-Base\Al-HissN\core\core-ui\src\debug\java', not found
file or directory 'C:\Users\iamas\Desktop\Code-Base\Al-HissN\core\core-ui\src\debug\kotlin', not found
file or directory 'C:\Users\iamas\Desktop\Code-Base\Al-HissN\core\core-ui\src\debug\java', not found
Custom actions are attached to task ':core:core-ui:compileDebugKotlin'.
Caching disabled for task ':core:core-ui:compileDebugKotlin' because:
  Build cache is disabled
Skipping task ':core:core-ui:compileDebugKotlin' as it is up-to-date.
Resolve mutations for :core:core-ui:compileDebugJavaWithJavac (Thread[#74,Execution worker Thread 4,5,main]) started.
:core:core-ui:compileDebugJavaWithJavac (Thread[#74,Execution worker Thread 4,5,main]) started.

> Task :core:core-ui:compileDebugJavaWithJavac NO-SOURCE
Skipping task ':core:core-ui:compileDebugJavaWithJavac' as it has no source files and no previous output files.
Resolve mutations for :core:core-ui:transformDebugClassesWithAsm (Thread[#74,Execution worker Thread 4,5,main]) started.
:core:core-ui:transformDebugClassesWithAsm (Thread[#74,Execution worker Thread 4,5,main]) started.

> Task :core:core-ui:transformDebugClassesWithAsm UP-TO-DATE
Caching disabled for task ':core:core-ui:transformDebugClassesWithAsm' because:
  Build cache is disabled
Skipping task ':core:core-ui:transformDebugClassesWithAsm' as it is up-to-date.
Resolve mutations for :core:core-ui:bundleLibCompileToJarDebug (Thread[#74,Execution worker Thread 4,5,main]) started.
:core:core-ui:bundleLibCompileToJarDebug (Thread[#74,Execution worker Thread 4,5,main]) started.

> Task :core:core-ui:bundleLibCompileToJarDebug UP-TO-DATE
Caching disabled for task ':core:core-ui:bundleLibCompileToJarDebug' because:
  Build cache is disabled
  Simple merging task
Skipping task ':core:core-ui:bundleLibCompileToJarDebug' as it is up-to-date.
work action resolve classes.jar (project :core:core-ui) (Thread[#74,Execution worker Thread 4,5,main]) started.
Resolve mutations for :core:core-ui:bundleLibRuntimeToJarDebug (Thread[#74,Execution worker Thread 4,5,main]) started.
AggregatedPackagesTransform (Thread[#75,Execution worker Thread 5,5,main]) started.
:core:core-ui:bundleLibRuntimeToJarDebug (Thread[#74,Execution worker Thread 4,5,main]) started.

> Task :core:core-ui:bundleLibRuntimeToJarDebug UP-TO-DATE
Caching disabled for task ':core:core-ui:bundleLibRuntimeToJarDebug' because:
  Build cache is disabled
  Simple merging task
Skipping task ':core:core-ui:bundleLibRuntimeToJarDebug' as it is up-to-date.
work action resolve classes.jar (project :core:core-ui) (Thread[#74,Execution worker Thread 4,5,main]) started.
Resolve mutations for :feature:feature-focus:kspDebugKotlin (Thread[#74,Execution worker Thread 4,5,main]) started.
AggregatedPackagesTransform (Thread[#71,Execution worker,5,main]) started.
:feature:feature-focus:kspDebugKotlin (Thread[#74,Execution worker Thread 4,5,main]) started.
Resolve mutations for :feature:feature-keyboard:kspDebugKotlin (Thread[#75,Execution worker Thread 5,5,main]) started.
:feature:feature-keyboard:kspDebugKotlin (Thread[#75,Execution worker Thread 5,5,main]) started.
Resolve mutations for :feature:feature-streak:kspDebugKotlin (Thread[#71,Execution worker,5,main]) started.
:feature:feature-streak:kspDebugKotlin (Thread[#71,Execution worker,5,main]) started.
Resolve mutations for :feature:feature-ml:compileDebugKotlin (Thread[#81,Execution worker Thread 11,5,main]) started.
:feature:feature-ml:compileDebugKotlin (Thread[#81,Execution worker Thread 11,5,main]) started.

> Task :feature:feature-ml:compileDebugKotlin UP-TO-DATE
file or directory 'C:\Users\iamas\Desktop\Code-Base\Al-HissN\feature\feature-ml\src\main\kotlin', not found
file or directory 'C:\Users\iamas\Desktop\Code-Base\Al-HissN\feature\feature-ml\src\debug\java', not found
file or directory 'C:\Users\iamas\Desktop\Code-Base\Al-HissN\feature\feature-ml\src\debug\kotlin', not found
file or directory 'C:\Users\iamas\Desktop\Code-Base\Al-HissN\feature\feature-ml\src\debug\java', not found
file or directory 'C:\Users\iamas\Desktop\Code-Base\Al-HissN\feature\feature-ml\src\main\kotlin', not found
file or directory 'C:\Users\iamas\Desktop\Code-Base\Al-HissN\feature\feature-ml\src\debug\java', not found
file or directory 'C:\Users\iamas\Desktop\Code-Base\Al-HissN\feature\feature-ml\src\debug\kotlin', not found
file or directory 'C:\Users\iamas\Desktop\Code-Base\Al-HissN\feature\feature-ml\src\debug\java', not found
file or directory 'C:\Users\iamas\Desktop\Code-Base\Al-HissN\feature\feature-ml\src\main\kotlin', not found
file or directory 'C:\Users\iamas\Desktop\Code-Base\Al-HissN\feature\feature-ml\src\debug\java', not found
file or directory 'C:\Users\iamas\Desktop\Code-Base\Al-HissN\feature\feature-ml\src\debug\kotlin', not found
file or directory 'C:\Users\iamas\Desktop\Code-Base\Al-HissN\feature\feature-ml\src\debug\java', not found
Custom actions are attached to task ':feature:feature-ml:compileDebugKotlin'.
Caching disabled for task ':feature:feature-ml:compileDebugKotlin' because:
  Build cache is disabled
Skipping task ':feature:feature-ml:compileDebugKotlin' as it is up-to-date.
Resolve mutations for :feature:feature-ml:compileDebugJavaWithJavac (Thread[#81,Execution worker Thread 11,5,main]) started.
:feature:feature-ml:compileDebugJavaWithJavac (Thread[#81,Execution worker Thread 11,5,main]) started.

> Task :feature:feature-ml:compileDebugJavaWithJavac UP-TO-DATE
Custom actions are attached to task ':feature:feature-ml:compileDebugJavaWithJavac'.
Caching disabled for task ':feature:feature-ml:compileDebugJavaWithJavac' because:
  Build cache is disabled
Skipping task ':feature:feature-ml:compileDebugJavaWithJavac' as it is up-to-date.
No compile result for :feature:feature-ml:compileDebugJavaWithJavac
Resolve mutations for :feature:feature-ml:transformDebugClassesWithAsm (Thread[#81,Execution worker Thread 11,5,main]) started.
:feature:feature-ml:transformDebugClassesWithAsm (Thread[#81,Execution worker Thread 11,5,main]) started.

> Task :feature:feature-ml:transformDebugClassesWithAsm UP-TO-DATE
Caching disabled for task ':feature:feature-ml:transformDebugClassesWithAsm' because:
  Build cache is disabled
Skipping task ':feature:feature-ml:transformDebugClassesWithAsm' as it is up-to-date.
Resolve mutations for :feature:feature-ml:bundleLibCompileToJarDebug (Thread[#81,Execution worker Thread 11,5,main]) started.
:feature:feature-ml:bundleLibCompileToJarDebug (Thread[#81,Execution worker Thread 11,5,main]) started.

> Task :feature:feature-ml:bundleLibCompileToJarDebug UP-TO-DATE
Caching disabled for task ':feature:feature-ml:bundleLibCompileToJarDebug' because:
  Build cache is disabled
  Simple merging task
Skipping task ':feature:feature-ml:bundleLibCompileToJarDebug' as it is up-to-date.
work action resolve classes.jar (project :feature:feature-ml) (Thread[#81,Execution worker Thread 11,5,main]) started.
Resolve mutations for :feature:feature-ml:bundleLibRuntimeToJarDebug (Thread[#81,Execution worker Thread 11,5,main]) started.
AggregatedPackagesTransform (Thread[#76,Execution worker Thread 6,5,main]) started.
:feature:feature-ml:bundleLibRuntimeToJarDebug (Thread[#81,Execution worker Thread 11,5,main]) started.

> Task :feature:feature-ml:bundleLibRuntimeToJarDebug UP-TO-DATE
Caching disabled for task ':feature:feature-ml:bundleLibRuntimeToJarDebug' because:
  Build cache is disabled
  Simple merging task
Skipping task ':feature:feature-ml:bundleLibRuntimeToJarDebug' as it is up-to-date.
work action resolve classes.jar (project :feature:feature-ml) (Thread[#81,Execution worker Thread 11,5,main]) started.
Resolve mutations for :feature:feature-tracker:kspDebugKotlin (Thread[#81,Execution worker Thread 11,5,main]) started.
AggregatedPackagesTransform (Thread[#76,Execution worker Thread 6,5,main]) started.
:feature:feature-tracker:kspDebugKotlin (Thread[#81,Execution worker Thread 11,5,main]) started.

> Task :feature:feature-focus:kspDebugKotlin
Caching disabled for task ':feature:feature-focus:kspDebugKotlin' because:
  Build cache is disabled
Task ':feature:feature-focus:kspDebugKotlin' is not up-to-date because:
  Value of input property 'kspConfig.logLevel' has changed for task ':feature:feature-focus:kspDebugKotlin'
The input changes require a full rebuild for incremental task ':feature:feature-focus:kspDebugKotlin'.
file or directory 'C:\Users\iamas\Desktop\Code-Base\Al-HissN\feature\feature-focus\src\main\kotlin', not found
file or directory 'C:\Users\iamas\Desktop\Code-Base\Al-HissN\feature\feature-focus\src\debug\java', not found
file or directory 'C:\Users\iamas\Desktop\Code-Base\Al-HissN\feature\feature-focus\src\debug\kotlin', not found
file or directory 'C:\Users\iamas\Desktop\Code-Base\Al-HissN\feature\feature-focus\src\main\kotlin', not found
file or directory 'C:\Users\iamas\Desktop\Code-Base\Al-HissN\feature\feature-focus\src\debug\java', not found
file or directory 'C:\Users\iamas\Desktop\Code-Base\Al-HissN\feature\feature-focus\src\debug\kotlin', not found
i: [ksp] loaded provider(s): [dagger.hilt.processor.internal.uninstallmodules.KspUninstallModulesProcessor$Provider, dagger.hilt.android.processor.internal.viewmodel.KspViewModelProcessor$Provider, dagger.hilt.processor.internal.earlyentrypoint.KspEarlyEntryPointProcessor$Provider, dagger.hilt.android.processor.internal.androidentrypoint.KspAndroidEntryPointProcessor$Provider, dagger.hilt.processor.internal.definecomponent.KspDefineComponentProcessor$Provider, dagger.hilt.processor.internal.originatingelement.KspOriginatingElementProcessor$Provider, dagger.hilt.android.processor.internal.bindvalue.KspBindValueProcessor$Provider, dagger.hilt.processor.internal.root.KspComponentTreeDepsProcessor$Provider, dagger.hilt.processor.internal.root.KspRootProcessor$Provider, dagger.hilt.processor.internal.aliasof.KspAliasOfProcessor$Provider, dagger.hilt.processor.internal.aggregateddeps.KspAggregatedDepsProcessor$Provider, dagger.hilt.processor.internal.generatesrootinput.KspGeneratesRootInputProcessor$Provider, dagger.hilt.android.processor.internal.customtestapplication.KspCustomTestApplicationProcessor$Provider, dagger.internal.codegen.KspComponentProcessor$Provider]

Resolve mutations for :core:core-ui:processDebugJavaRes (Thread[#76,Execution worker Thread 6,5,main]) started.
:core:core-ui:processDebugJavaRes (Thread[#76,Execution worker Thread 6,5,main]) started.

> Task :core:core-ui:processDebugJavaRes UP-TO-DATE
file or directory 'C:\Users\iamas\Desktop\Code-Base\Al-HissN\core\core-ui\src\main\resources', not found
file or directory 'C:\Users\iamas\Desktop\Code-Base\Al-HissN\core\core-ui\src\debug\resources', not found
Caching disabled for task ':core:core-ui:processDebugJavaRes' because:
  Build cache is disabled
  Caching has been disabled for the task
Skipping task ':core:core-ui:processDebugJavaRes' as it is up-to-date.
work action resolve out (project :core:core-ui) (Thread[#76,Execution worker Thread 6,5,main]) started.
Resolve mutations for :feature:feature-ml:processDebugJavaRes (Thread[#76,Execution worker Thread 6,5,main]) started.
:feature:feature-ml:processDebugJavaRes (Thread[#76,Execution worker Thread 6,5,main]) started.

> Task :feature:feature-ml:processDebugJavaRes UP-TO-DATE
file or directory 'C:\Users\iamas\Desktop\Code-Base\Al-HissN\feature\feature-ml\src\main\resources', not found
file or directory 'C:\Users\iamas\Desktop\Code-Base\Al-HissN\feature\feature-ml\src\debug\resources', not found
Caching disabled for task ':feature:feature-ml:processDebugJavaRes' because:
  Build cache is disabled
  Caching has been disabled for the task
Skipping task ':feature:feature-ml:processDebugJavaRes' as it is up-to-date.
work action resolve out (project :feature:feature-ml) (Thread[#76,Execution worker Thread 6,5,main]) started.
Resolve mutations for :core:core-ui:bundleLibRuntimeToDirDebug (Thread[#76,Execution worker Thread 6,5,main]) started.
:core:core-ui:bundleLibRuntimeToDirDebug (Thread[#76,Execution worker Thread 6,5,main]) started.

> Task :core:core-ui:bundleLibRuntimeToDirDebug UP-TO-DATE
Caching disabled for task ':core:core-ui:bundleLibRuntimeToDirDebug' because:
  Build cache is disabled
  Simple merging task
Skipping task ':core:core-ui:bundleLibRuntimeToDirDebug' as it is up-to-date.
work action resolve bundleLibRuntimeToDirDebug (project :core:core-ui) (Thread[#76,Execution worker Thread 6,5,main]) started.
ClassesDirToClassesTransform (Thread[#76,Execution worker Thread 6,5,main]) started.
Resolve mutations for :feature:feature-ml:bundleLibRuntimeToDirDebug (Thread[#77,Execution worker Thread 7,5,main]) started.
:feature:feature-ml:bundleLibRuntimeToDirDebug (Thread[#77,Execution worker Thread 7,5,main]) started.
DexingNoClasspathTransform (Thread[#76,Execution worker Thread 6,5,main]) started.

> Task :feature:feature-ml:bundleLibRuntimeToDirDebug UP-TO-DATE
Caching disabled for task ':feature:feature-ml:bundleLibRuntimeToDirDebug' because:
  Build cache is disabled
  Simple merging task
Skipping task ':feature:feature-ml:bundleLibRuntimeToDirDebug' as it is up-to-date.
work action resolve bundleLibRuntimeToDirDebug (project :feature:feature-ml) (Thread[#77,Execution worker Thread 7,5,main]) started.
ClassesDirToClassesTransform (Thread[#77,Execution worker Thread 7,5,main]) started.
Resolve mutations for :core:core-ui:mergeDebugGeneratedProguardFiles (Thread[#70,included builds,5,main]) started.
:core:core-ui:mergeDebugGeneratedProguardFiles (Thread[#70,included builds,5,main]) started.
DexingNoClasspathTransform (Thread[#77,Execution worker Thread 7,5,main]) started.

> Task :core:core-ui:mergeDebugGeneratedProguardFiles UP-TO-DATE
Caching disabled for task ':core:core-ui:mergeDebugGeneratedProguardFiles' because:
  Build cache is disabled
  Simple merging task
Skipping task ':core:core-ui:mergeDebugGeneratedProguardFiles' as it is up-to-date.

> Transform bundleLibRuntimeToDirDebug (project :core:core-ui) with DexingNoClasspathTransform
Caching disabled for DexingNoClasspathTransform: C:\Users\iamas\Desktop\Code-Base\Al-HissN\core\core-ui\build\intermediates\runtime_library_classes_dir\debug\bundleLibRuntimeToDirDebug because:
  Build cache is disabled
Skipping DexingNoClasspathTransform: C:\Users\iamas\Desktop\Code-Base\Al-HissN\core\core-ui\build\intermediates\runtime_library_classes_dir\debug\bundleLibRuntimeToDirDebug as it is up-to-date.
Resolve mutations for :core:core-ui:mergeDebugConsumerProguardFiles (Thread[#70,included builds,5,main]) started.
DexingOutputSplitTransform (Thread[#76,Execution worker Thread 6,5,main]) started.
:core:core-ui:mergeDebugConsumerProguardFiles (Thread[#70,included builds,5,main]) started.

> Transform bundleLibRuntimeToDirDebug (project :feature:feature-ml) with DexingNoClasspathTransform
Caching disabled for DexingNoClasspathTransform: C:\Users\iamas\Desktop\Code-Base\Al-HissN\feature\feature-ml\build\intermediates\runtime_library_classes_dir\debug\bundleLibRuntimeToDirDebug because:
  Build cache is disabled
Skipping DexingNoClasspathTransform: C:\Users\iamas\Desktop\Code-Base\Al-HissN\feature\feature-ml\build\intermediates\runtime_library_classes_dir\debug\bundleLibRuntimeToDirDebug as it is up-to-date.
DexingOutputSplitTransform (Thread[#77,Execution worker Thread 7,5,main]) started.

> Task :core:core-ui:mergeDebugConsumerProguardFiles UP-TO-DATE
file or directory 'C:\Users\iamas\Desktop\Code-Base\Al-HissN\core\core-ui\src\main\keepRules', not found
file or directory 'C:\Users\iamas\Desktop\Code-Base\Al-HissN\core\core-ui\src\debug\keepRules', not found
Caching disabled for task ':core:core-ui:mergeDebugConsumerProguardFiles' because:
  Build cache is disabled
  Simple merging task
Skipping task ':core:core-ui:mergeDebugConsumerProguardFiles' as it is up-to-date.
Resolve mutations for :core:core-ui:mergeDebugJavaResource (Thread[#70,included builds,5,main]) started.
:core:core-ui:mergeDebugJavaResource (Thread[#70,included builds,5,main]) started.

> Task :core:core-ui:mergeDebugJavaResource UP-TO-DATE
Caching disabled for task ':core:core-ui:mergeDebugJavaResource' because:
  Build cache is disabled
  Caching has been disabled for the task
Skipping task ':core:core-ui:mergeDebugJavaResource' as it is up-to-date.
Resolve mutations for :core:core-ui:syncDebugLibJars (Thread[#70,included builds,5,main]) started.
:core:core-ui:syncDebugLibJars (Thread[#70,included builds,5,main]) started.

> Task :feature:feature-keyboard:kspDebugKotlin
Caching disabled for task ':feature:feature-keyboard:kspDebugKotlin' because:
  Build cache is disabled
Task ':feature:feature-keyboard:kspDebugKotlin' is not up-to-date because:
  Value of input property 'kspConfig.logLevel' has changed for task ':feature:feature-keyboard:kspDebugKotlin'
The input changes require a full rebuild for incremental task ':feature:feature-keyboard:kspDebugKotlin'.
file or directory 'C:\Users\iamas\Desktop\Code-Base\Al-HissN\feature\feature-keyboard\src\main\kotlin', not found
file or directory 'C:\Users\iamas\Desktop\Code-Base\Al-HissN\feature\feature-keyboard\src\debug\java', not found
file or directory 'C:\Users\iamas\Desktop\Code-Base\Al-HissN\feature\feature-keyboard\src\debug\kotlin', not found
file or directory 'C:\Users\iamas\Desktop\Code-Base\Al-HissN\feature\feature-keyboard\src\main\kotlin', not found
file or directory 'C:\Users\iamas\Desktop\Code-Base\Al-HissN\feature\feature-keyboard\src\debug\java', not found
file or directory 'C:\Users\iamas\Desktop\Code-Base\Al-HissN\feature\feature-keyboard\src\debug\kotlin', not found
i: [ksp] loaded provider(s): [dagger.hilt.processor.internal.uninstallmodules.KspUninstallModulesProcessor$Provider, dagger.hilt.android.processor.internal.viewmodel.KspViewModelProcessor$Provider, dagger.hilt.processor.internal.earlyentrypoint.KspEarlyEntryPointProcessor$Provider, dagger.hilt.android.processor.internal.androidentrypoint.KspAndroidEntryPointProcessor$Provider, dagger.hilt.processor.internal.definecomponent.KspDefineComponentProcessor$Provider, dagger.hilt.processor.internal.originatingelement.KspOriginatingElementProcessor$Provider, dagger.hilt.android.processor.internal.bindvalue.KspBindValueProcessor$Provider, dagger.hilt.processor.internal.root.KspComponentTreeDepsProcessor$Provider, dagger.hilt.processor.internal.root.KspRootProcessor$Provider, dagger.hilt.processor.internal.aliasof.KspAliasOfProcessor$Provider, dagger.hilt.processor.internal.aggregateddeps.KspAggregatedDepsProcessor$Provider, dagger.hilt.processor.internal.generatesrootinput.KspGeneratesRootInputProcessor$Provider, dagger.hilt.android.processor.internal.customtestapplication.KspCustomTestApplicationProcessor$Provider, dagger.internal.codegen.KspComponentProcessor$Provider]

> Task :core:core-ui:syncDebugLibJars UP-TO-DATE
Caching disabled for task ':core:core-ui:syncDebugLibJars' because:
  Build cache is disabled
Skipping task ':core:core-ui:syncDebugLibJars' as it is up-to-date.
Resolve mutations for :core:core-ui:bundleDebugAar (Thread[#70,included builds,5,main]) started.
:core:core-ui:bundleDebugAar (Thread[#70,included builds,5,main]) started.

> Task :core:core-ui:bundleDebugAar UP-TO-DATE
Caching disabled for task ':core:core-ui:bundleDebugAar' because:
  Build cache is disabled
  Caching has been disabled for the task
Skipping task ':core:core-ui:bundleDebugAar' as it is up-to-date.
Resolve mutations for :core:core-ui:assembleDebug (Thread[#70,included builds,5,main]) started.
:core:core-ui:assembleDebug (Thread[#70,included builds,5,main]) started.

> Task :core:core-ui:assembleDebug UP-TO-DATE
Skipping task ':core:core-ui:assembleDebug' as it has no actions.
Resolve mutations for :feature:feature-focus:extractDebugAnnotations (Thread[#70,included builds,5,main]) started.
:feature:feature-focus:extractDebugAnnotations (Thread[#70,included builds,5,main]) started.

> Task :feature:feature-focus:extractDebugAnnotations UP-TO-DATE
Caching disabled for task ':feature:feature-focus:extractDebugAnnotations' because:
  Build cache is disabled
Skipping task ':feature:feature-focus:extractDebugAnnotations' as it is up-to-date.
Resolve mutations for :feature:feature-keyboard:extractDebugAnnotations (Thread[#70,included builds,5,main]) started.
:feature:feature-keyboard:extractDebugAnnotations (Thread[#70,included builds,5,main]) started.

> Task :feature:feature-keyboard:extractDebugAnnotations UP-TO-DATE
Caching disabled for task ':feature:feature-keyboard:extractDebugAnnotations' because:
  Build cache is disabled
Skipping task ':feature:feature-keyboard:extractDebugAnnotations' as it is up-to-date.
Resolve mutations for :feature:feature-ml:mergeDebugGeneratedProguardFiles (Thread[#70,included builds,5,main]) started.
:feature:feature-ml:mergeDebugGeneratedProguardFiles (Thread[#70,included builds,5,main]) started.

> Task :feature:feature-ml:mergeDebugGeneratedProguardFiles UP-TO-DATE
Caching disabled for task ':feature:feature-ml:mergeDebugGeneratedProguardFiles' because:
  Build cache is disabled
  Simple merging task
Skipping task ':feature:feature-ml:mergeDebugGeneratedProguardFiles' as it is up-to-date.
Resolve mutations for :feature:feature-ml:mergeDebugConsumerProguardFiles (Thread[#70,included builds,5,main]) started.
:feature:feature-ml:mergeDebugConsumerProguardFiles (Thread[#70,included builds,5,main]) started.

> Task :feature:feature-ml:mergeDebugConsumerProguardFiles UP-TO-DATE
file or directory 'C:\Users\iamas\Desktop\Code-Base\Al-HissN\feature\feature-ml\src\main\keepRules', not found
file or directory 'C:\Users\iamas\Desktop\Code-Base\Al-HissN\feature\feature-ml\src\debug\keepRules', not found
Caching disabled for task ':feature:feature-ml:mergeDebugConsumerProguardFiles' because:
  Build cache is disabled
  Simple merging task
Skipping task ':feature:feature-ml:mergeDebugConsumerProguardFiles' as it is up-to-date.
Resolve mutations for :feature:feature-ml:mergeDebugJavaResource (Thread[#70,included builds,5,main]) started.
:feature:feature-ml:mergeDebugJavaResource (Thread[#70,included builds,5,main]) started.

> Task :feature:feature-ml:mergeDebugJavaResource UP-TO-DATE
Caching disabled for task ':feature:feature-ml:mergeDebugJavaResource' because:
  Build cache is disabled
  Caching has been disabled for the task
Skipping task ':feature:feature-ml:mergeDebugJavaResource' as it is up-to-date.
Resolve mutations for :feature:feature-ml:syncDebugLibJars (Thread[#70,included builds,5,main]) started.
:feature:feature-ml:syncDebugLibJars (Thread[#70,included builds,5,main]) started.

> Task :feature:feature-ml:syncDebugLibJars UP-TO-DATE
Caching disabled for task ':feature:feature-ml:syncDebugLibJars' because:
  Build cache is disabled
Skipping task ':feature:feature-ml:syncDebugLibJars' as it is up-to-date.
Resolve mutations for :feature:feature-ml:bundleDebugAar (Thread[#70,included builds,5,main]) started.
:feature:feature-ml:bundleDebugAar (Thread[#70,included builds,5,main]) started.

> Task :feature:feature-ml:bundleDebugAar UP-TO-DATE
Caching disabled for task ':feature:feature-ml:bundleDebugAar' because:
  Build cache is disabled
  Caching has been disabled for the task
Skipping task ':feature:feature-ml:bundleDebugAar' as it is up-to-date.
Resolve mutations for :feature:feature-ml:assembleDebug (Thread[#70,included builds,5,main]) started.
:feature:feature-ml:assembleDebug (Thread[#70,included builds,5,main]) started.

> Task :feature:feature-ml:assembleDebug UP-TO-DATE
Skipping task ':feature:feature-ml:assembleDebug' as it has no actions.
Resolve mutations for :feature:feature-streak:extractDebugAnnotations (Thread[#70,included builds,5,main]) started.
:feature:feature-streak:extractDebugAnnotations (Thread[#70,included builds,5,main]) started.

> Task :feature:feature-streak:extractDebugAnnotations UP-TO-DATE
Caching disabled for task ':feature:feature-streak:extractDebugAnnotations' because:
  Build cache is disabled
Skipping task ':feature:feature-streak:extractDebugAnnotations' as it is up-to-date.
Resolve mutations for :feature:feature-tracker:extractDebugAnnotations (Thread[#70,included builds,5,main]) started.
:feature:feature-tracker:extractDebugAnnotations (Thread[#70,included builds,5,main]) started.

> Task :feature:feature-tracker:extractDebugAnnotations UP-TO-DATE
Caching disabled for task ':feature:feature-tracker:extractDebugAnnotations' because:
  Build cache is disabled
Skipping task ':feature:feature-tracker:extractDebugAnnotations' as it is up-to-date.

> Task :feature:feature-streak:kspDebugKotlin
Caching disabled for task ':feature:feature-streak:kspDebugKotlin' because:
  Build cache is disabled
Task ':feature:feature-streak:kspDebugKotlin' is not up-to-date because:
  Value of input property 'kspConfig.logLevel' has changed for task ':feature:feature-streak:kspDebugKotlin'
The input changes require a full rebuild for incremental task ':feature:feature-streak:kspDebugKotlin'.
file or directory 'C:\Users\iamas\Desktop\Code-Base\Al-HissN\feature\feature-streak\src\main\kotlin', not found
file or directory 'C:\Users\iamas\Desktop\Code-Base\Al-HissN\feature\feature-streak\src\debug\java', not found
file or directory 'C:\Users\iamas\Desktop\Code-Base\Al-HissN\feature\feature-streak\src\debug\kotlin', not found
file or directory 'C:\Users\iamas\Desktop\Code-Base\Al-HissN\feature\feature-streak\src\main\kotlin', not found
file or directory 'C:\Users\iamas\Desktop\Code-Base\Al-HissN\feature\feature-streak\src\debug\java', not found
file or directory 'C:\Users\iamas\Desktop\Code-Base\Al-HissN\feature\feature-streak\src\debug\kotlin', not found
i: [ksp] loaded provider(s): [dagger.hilt.processor.internal.uninstallmodules.KspUninstallModulesProcessor$Provider, dagger.hilt.android.processor.internal.viewmodel.KspViewModelProcessor$Provider, dagger.hilt.processor.internal.earlyentrypoint.KspEarlyEntryPointProcessor$Provider, dagger.hilt.android.processor.internal.androidentrypoint.KspAndroidEntryPointProcessor$Provider, dagger.hilt.processor.internal.definecomponent.KspDefineComponentProcessor$Provider, dagger.hilt.processor.internal.originatingelement.KspOriginatingElementProcessor$Provider, dagger.hilt.android.processor.internal.bindvalue.KspBindValueProcessor$Provider, dagger.hilt.processor.internal.root.KspComponentTreeDepsProcessor$Provider, dagger.hilt.processor.internal.root.KspRootProcessor$Provider, dagger.hilt.processor.internal.aliasof.KspAliasOfProcessor$Provider, dagger.hilt.processor.internal.aggregateddeps.KspAggregatedDepsProcessor$Provider, dagger.hilt.processor.internal.generatesrootinput.KspGeneratesRootInputProcessor$Provider, dagger.hilt.android.processor.internal.customtestapplication.KspCustomTestApplicationProcessor$Provider, dagger.internal.codegen.KspComponentProcessor$Provider]

Resolve mutations for :feature:feature-focus:compileDebugKotlin (Thread[#74,Execution worker Thread 4,5,main]) started.
:feature:feature-focus:compileDebugKotlin (Thread[#74,Execution worker Thread 4,5,main]) started.

> Task :feature:feature-focus:compileDebugKotlin UP-TO-DATE
file or directory 'C:\Users\iamas\Desktop\Code-Base\Al-HissN\feature\feature-focus\src\main\kotlin', not found
file or directory 'C:\Users\iamas\Desktop\Code-Base\Al-HissN\feature\feature-focus\src\debug\java', not found
file or directory 'C:\Users\iamas\Desktop\Code-Base\Al-HissN\feature\feature-focus\src\debug\kotlin', not found
file or directory 'C:\Users\iamas\Desktop\Code-Base\Al-HissN\feature\feature-focus\src\debug\java', not found
file or directory 'C:\Users\iamas\Desktop\Code-Base\Al-HissN\feature\feature-focus\src\main\kotlin', not found
file or directory 'C:\Users\iamas\Desktop\Code-Base\Al-HissN\feature\feature-focus\src\debug\java', not found
file or directory 'C:\Users\iamas\Desktop\Code-Base\Al-HissN\feature\feature-focus\src\debug\kotlin', not found
file or directory 'C:\Users\iamas\Desktop\Code-Base\Al-HissN\feature\feature-focus\src\debug\java', not found
file or directory 'C:\Users\iamas\Desktop\Code-Base\Al-HissN\feature\feature-focus\src\main\kotlin', not found
file or directory 'C:\Users\iamas\Desktop\Code-Base\Al-HissN\feature\feature-focus\src\debug\java', not found
file or directory 'C:\Users\iamas\Desktop\Code-Base\Al-HissN\feature\feature-focus\src\debug\kotlin', not found
file or directory 'C:\Users\iamas\Desktop\Code-Base\Al-HissN\feature\feature-focus\src\debug\java', not found
Custom actions are attached to task ':feature:feature-focus:compileDebugKotlin'.
Caching disabled for task ':feature:feature-focus:compileDebugKotlin' because:
  Build cache is disabled
Skipping task ':feature:feature-focus:compileDebugKotlin' as it is up-to-date.
Resolve mutations for :feature:feature-focus:compileDebugJavaWithJavac (Thread[#74,Execution worker Thread 4,5,main]) started.
:feature:feature-focus:compileDebugJavaWithJavac (Thread[#74,Execution worker Thread 4,5,main]) started.

> Task :feature:feature-focus:compileDebugJavaWithJavac NO-SOURCE
Skipping task ':feature:feature-focus:compileDebugJavaWithJavac' as it has no source files and no previous output files.
Resolve mutations for :feature:feature-focus:transformDebugClassesWithAsm (Thread[#74,Execution worker Thread 4,5,main]) started.
:feature:feature-focus:transformDebugClassesWithAsm (Thread[#74,Execution worker Thread 4,5,main]) started.

> Task :feature:feature-focus:transformDebugClassesWithAsm UP-TO-DATE
Caching disabled for task ':feature:feature-focus:transformDebugClassesWithAsm' because:
  Build cache is disabled
Skipping task ':feature:feature-focus:transformDebugClassesWithAsm' as it is up-to-date.
Resolve mutations for :feature:feature-focus:bundleLibCompileToJarDebug (Thread[#74,Execution worker Thread 4,5,main]) started.
:feature:feature-focus:bundleLibCompileToJarDebug (Thread[#74,Execution worker Thread 4,5,main]) started.

> Task :feature:feature-focus:bundleLibCompileToJarDebug UP-TO-DATE
Caching disabled for task ':feature:feature-focus:bundleLibCompileToJarDebug' because:
  Build cache is disabled
  Simple merging task
Skipping task ':feature:feature-focus:bundleLibCompileToJarDebug' as it is up-to-date.
work action resolve classes.jar (project :feature:feature-focus) (Thread[#74,Execution worker Thread 4,5,main]) started.
Resolve mutations for :feature:feature-focus:processDebugJavaRes (Thread[#74,Execution worker Thread 4,5,main]) started.
AggregatedPackagesTransform (Thread[#70,included builds,5,main]) started.
:feature:feature-focus:processDebugJavaRes (Thread[#74,Execution worker Thread 4,5,main]) started.

> Task :feature:feature-focus:processDebugJavaRes UP-TO-DATE
file or directory 'C:\Users\iamas\Desktop\Code-Base\Al-HissN\feature\feature-focus\src\main\resources', not found
file or directory 'C:\Users\iamas\Desktop\Code-Base\Al-HissN\feature\feature-focus\src\debug\resources', not found
Caching disabled for task ':feature:feature-focus:processDebugJavaRes' because:
  Build cache is disabled
  Caching has been disabled for the task
Skipping task ':feature:feature-focus:processDebugJavaRes' as it is up-to-date.
work action resolve out (project :feature:feature-focus) (Thread[#74,Execution worker Thread 4,5,main]) started.
Resolve mutations for :feature:feature-focus:bundleLibRuntimeToDirDebug (Thread[#74,Execution worker Thread 4,5,main]) started.
:feature:feature-focus:bundleLibRuntimeToDirDebug (Thread[#74,Execution worker Thread 4,5,main]) started.

> Task :feature:feature-focus:bundleLibRuntimeToDirDebug UP-TO-DATE
Caching disabled for task ':feature:feature-focus:bundleLibRuntimeToDirDebug' because:
  Build cache is disabled
  Simple merging task
Skipping task ':feature:feature-focus:bundleLibRuntimeToDirDebug' as it is up-to-date.
work action resolve bundleLibRuntimeToDirDebug (project :feature:feature-focus) (Thread[#74,Execution worker Thread 4,5,main]) started.
ClassesDirToClassesTransform (Thread[#74,Execution worker Thread 4,5,main]) started.
Resolve mutations for :feature:feature-focus:bundleLibRuntimeToJarDebug (Thread[#76,Execution worker Thread 6,5,main]) started.
:feature:feature-focus:bundleLibRuntimeToJarDebug (Thread[#76,Execution worker Thread 6,5,main]) started.
DexingNoClasspathTransform (Thread[#74,Execution worker Thread 4,5,main]) started.

> Task :feature:feature-focus:bundleLibRuntimeToJarDebug UP-TO-DATE
Caching disabled for task ':feature:feature-focus:bundleLibRuntimeToJarDebug' because:
  Build cache is disabled
  Simple merging task
Skipping task ':feature:feature-focus:bundleLibRuntimeToJarDebug' as it is up-to-date.
work action resolve classes.jar (project :feature:feature-focus) (Thread[#76,Execution worker Thread 6,5,main]) started.
AggregatedPackagesTransform (Thread[#76,Execution worker Thread 6,5,main]) started.
Resolve mutations for :feature:feature-focus:mergeDebugGeneratedProguardFiles (Thread[#79,Execution worker Thread 9,5,main]) started.
:feature:feature-focus:mergeDebugGeneratedProguardFiles (Thread[#79,Execution worker Thread 9,5,main]) started.

> Task :feature:feature-focus:mergeDebugGeneratedProguardFiles UP-TO-DATE
Caching disabled for task ':feature:feature-focus:mergeDebugGeneratedProguardFiles' because:
  Build cache is disabled
  Simple merging task
Skipping task ':feature:feature-focus:mergeDebugGeneratedProguardFiles' as it is up-to-date.
Resolve mutations for :feature:feature-focus:mergeDebugConsumerProguardFiles (Thread[#79,Execution worker Thread 9,5,main]) started.
:feature:feature-focus:mergeDebugConsumerProguardFiles (Thread[#79,Execution worker Thread 9,5,main]) started.

> Task :feature:feature-focus:mergeDebugConsumerProguardFiles UP-TO-DATE
file or directory 'C:\Users\iamas\Desktop\Code-Base\Al-HissN\feature\feature-focus\src\main\keepRules', not found
file or directory 'C:\Users\iamas\Desktop\Code-Base\Al-HissN\feature\feature-focus\src\debug\keepRules', not found
Caching disabled for task ':feature:feature-focus:mergeDebugConsumerProguardFiles' because:
  Build cache is disabled
  Simple merging task
Skipping task ':feature:feature-focus:mergeDebugConsumerProguardFiles' as it is up-to-date.
Resolve mutations for :feature:feature-focus:mergeDebugJavaResource (Thread[#79,Execution worker Thread 9,5,main]) started.

> Transform bundleLibRuntimeToDirDebug (project :feature:feature-focus) with DexingNoClasspathTransform
Caching disabled for DexingNoClasspathTransform: C:\Users\iamas\Desktop\Code-Base\Al-HissN\feature\feature-focus\build\intermediates\runtime_library_classes_dir\debug\bundleLibRuntimeToDirDebug because:
  Build cache is disabled
Skipping DexingNoClasspathTransform: C:\Users\iamas\Desktop\Code-Base\Al-HissN\feature\feature-focus\build\intermediates\runtime_library_classes_dir\debug\bundleLibRuntimeToDirDebug as it is up-to-date.
DexingOutputSplitTransform (Thread[#74,Execution worker Thread 4,5,main]) started.
:feature:feature-focus:mergeDebugJavaResource (Thread[#79,Execution worker Thread 9,5,main]) started.

> Task :feature:feature-focus:mergeDebugJavaResource UP-TO-DATE
Caching disabled for task ':feature:feature-focus:mergeDebugJavaResource' because:
  Build cache is disabled
  Caching has been disabled for the task
Skipping task ':feature:feature-focus:mergeDebugJavaResource' as it is up-to-date.
Resolve mutations for :feature:feature-focus:syncDebugLibJars (Thread[#74,Execution worker Thread 4,5,main]) started.
:feature:feature-focus:syncDebugLibJars (Thread[#74,Execution worker Thread 4,5,main]) started.

> Task :feature:feature-focus:syncDebugLibJars UP-TO-DATE
Caching disabled for task ':feature:feature-focus:syncDebugLibJars' because:
  Build cache is disabled
Skipping task ':feature:feature-focus:syncDebugLibJars' as it is up-to-date.
Resolve mutations for :feature:feature-focus:bundleDebugAar (Thread[#74,Execution worker Thread 4,5,main]) started.
:feature:feature-focus:bundleDebugAar (Thread[#74,Execution worker Thread 4,5,main]) started.

> Task :feature:feature-focus:bundleDebugAar UP-TO-DATE
Caching disabled for task ':feature:feature-focus:bundleDebugAar' because:
  Build cache is disabled
  Caching has been disabled for the task
Skipping task ':feature:feature-focus:bundleDebugAar' as it is up-to-date.
Resolve mutations for :feature:feature-focus:assembleDebug (Thread[#74,Execution worker Thread 4,5,main]) started.
:feature:feature-focus:assembleDebug (Thread[#74,Execution worker Thread 4,5,main]) started.

> Task :feature:feature-focus:assembleDebug UP-TO-DATE
Skipping task ':feature:feature-focus:assembleDebug' as it has no actions.
Resolve mutations for :feature:feature-streak:compileDebugKotlin (Thread[#71,Execution worker,5,main]) started.
:feature:feature-streak:compileDebugKotlin (Thread[#71,Execution worker,5,main]) started.

> Task :feature:feature-tracker:kspDebugKotlin
Caching disabled for task ':feature:feature-tracker:kspDebugKotlin' because:
  Build cache is disabled
Task ':feature:feature-tracker:kspDebugKotlin' is not up-to-date because:
  Value of input property 'kspConfig.logLevel' has changed for task ':feature:feature-tracker:kspDebugKotlin'
The input changes require a full rebuild for incremental task ':feature:feature-tracker:kspDebugKotlin'.
file or directory 'C:\Users\iamas\Desktop\Code-Base\Al-HissN\feature\feature-tracker\src\main\kotlin', not found
file or directory 'C:\Users\iamas\Desktop\Code-Base\Al-HissN\feature\feature-tracker\src\debug\java', not found
file or directory 'C:\Users\iamas\Desktop\Code-Base\Al-HissN\feature\feature-tracker\src\debug\kotlin', not found
file or directory 'C:\Users\iamas\Desktop\Code-Base\Al-HissN\feature\feature-tracker\src\main\kotlin', not found
file or directory 'C:\Users\iamas\Desktop\Code-Base\Al-HissN\feature\feature-tracker\src\debug\java', not found
file or directory 'C:\Users\iamas\Desktop\Code-Base\Al-HissN\feature\feature-tracker\src\debug\kotlin', not found
i: [ksp] loaded provider(s): [dagger.hilt.processor.internal.uninstallmodules.KspUninstallModulesProcessor$Provider, dagger.hilt.android.processor.internal.viewmodel.KspViewModelProcessor$Provider, dagger.hilt.processor.internal.earlyentrypoint.KspEarlyEntryPointProcessor$Provider, dagger.hilt.android.processor.internal.androidentrypoint.KspAndroidEntryPointProcessor$Provider, dagger.hilt.processor.internal.definecomponent.KspDefineComponentProcessor$Provider, dagger.hilt.processor.internal.originatingelement.KspOriginatingElementProcessor$Provider, dagger.hilt.android.processor.internal.bindvalue.KspBindValueProcessor$Provider, dagger.hilt.processor.internal.root.KspComponentTreeDepsProcessor$Provider, dagger.hilt.processor.internal.root.KspRootProcessor$Provider, dagger.hilt.processor.internal.aliasof.KspAliasOfProcessor$Provider, dagger.hilt.processor.internal.aggregateddeps.KspAggregatedDepsProcessor$Provider, dagger.hilt.processor.internal.generatesrootinput.KspGeneratesRootInputProcessor$Provider, dagger.hilt.android.processor.internal.customtestapplication.KspCustomTestApplicationProcessor$Provider, dagger.internal.codegen.KspComponentProcessor$Provider]

> Task :feature:feature-streak:compileDebugKotlin UP-TO-DATE
file or directory 'C:\Users\iamas\Desktop\Code-Base\Al-HissN\feature\feature-streak\src\main\kotlin', not found
file or directory 'C:\Users\iamas\Desktop\Code-Base\Al-HissN\feature\feature-streak\src\debug\java', not found
file or directory 'C:\Users\iamas\Desktop\Code-Base\Al-HissN\feature\feature-streak\src\debug\kotlin', not found
file or directory 'C:\Users\iamas\Desktop\Code-Base\Al-HissN\feature\feature-streak\src\debug\java', not found
file or directory 'C:\Users\iamas\Desktop\Code-Base\Al-HissN\feature\feature-streak\src\main\kotlin', not found
file or directory 'C:\Users\iamas\Desktop\Code-Base\Al-HissN\feature\feature-streak\src\debug\java', not found
file or directory 'C:\Users\iamas\Desktop\Code-Base\Al-HissN\feature\feature-streak\src\debug\kotlin', not found
file or directory 'C:\Users\iamas\Desktop\Code-Base\Al-HissN\feature\feature-streak\src\debug\java', not found
file or directory 'C:\Users\iamas\Desktop\Code-Base\Al-HissN\feature\feature-streak\src\main\kotlin', not found
file or directory 'C:\Users\iamas\Desktop\Code-Base\Al-HissN\feature\feature-streak\src\debug\java', not found
file or directory 'C:\Users\iamas\Desktop\Code-Base\Al-HissN\feature\feature-streak\src\debug\kotlin', not found
file or directory 'C:\Users\iamas\Desktop\Code-Base\Al-HissN\feature\feature-streak\src\debug\java', not found
Custom actions are attached to task ':feature:feature-streak:compileDebugKotlin'.
Caching disabled for task ':feature:feature-streak:compileDebugKotlin' because:
  Build cache is disabled
Skipping task ':feature:feature-streak:compileDebugKotlin' as it is up-to-date.
Resolve mutations for :feature:feature-streak:compileDebugJavaWithJavac (Thread[#71,Execution worker,5,main]) started.
:feature:feature-streak:compileDebugJavaWithJavac (Thread[#71,Execution worker,5,main]) started.

> Task :feature:feature-streak:compileDebugJavaWithJavac NO-SOURCE
Skipping task ':feature:feature-streak:compileDebugJavaWithJavac' as it has no source files and no previous output files.
Resolve mutations for :feature:feature-streak:transformDebugClassesWithAsm (Thread[#71,Execution worker,5,main]) started.
:feature:feature-streak:transformDebugClassesWithAsm (Thread[#71,Execution worker,5,main]) started.

> Task :feature:feature-streak:transformDebugClassesWithAsm UP-TO-DATE
Caching disabled for task ':feature:feature-streak:transformDebugClassesWithAsm' because:
  Build cache is disabled
Skipping task ':feature:feature-streak:transformDebugClassesWithAsm' as it is up-to-date.
Resolve mutations for :feature:feature-streak:bundleLibCompileToJarDebug (Thread[#71,Execution worker,5,main]) started.
:feature:feature-streak:bundleLibCompileToJarDebug (Thread[#71,Execution worker,5,main]) started.

> Task :feature:feature-streak:bundleLibCompileToJarDebug UP-TO-DATE
Caching disabled for task ':feature:feature-streak:bundleLibCompileToJarDebug' because:
  Build cache is disabled
  Simple merging task
Skipping task ':feature:feature-streak:bundleLibCompileToJarDebug' as it is up-to-date.
work action resolve classes.jar (project :feature:feature-streak) (Thread[#71,Execution worker,5,main]) started.
Resolve mutations for :feature:feature-streak:processDebugJavaRes (Thread[#71,Execution worker,5,main]) started.
AggregatedPackagesTransform (Thread[#77,Execution worker Thread 7,5,main]) started.
:feature:feature-streak:processDebugJavaRes (Thread[#71,Execution worker,5,main]) started.

> Task :feature:feature-streak:processDebugJavaRes UP-TO-DATE
file or directory 'C:\Users\iamas\Desktop\Code-Base\Al-HissN\feature\feature-streak\src\main\resources', not found
file or directory 'C:\Users\iamas\Desktop\Code-Base\Al-HissN\feature\feature-streak\src\debug\resources', not found
Caching disabled for task ':feature:feature-streak:processDebugJavaRes' because:
  Build cache is disabled
  Caching has been disabled for the task
Skipping task ':feature:feature-streak:processDebugJavaRes' as it is up-to-date.
work action resolve out (project :feature:feature-streak) (Thread[#71,Execution worker,5,main]) started.
Resolve mutations for :feature:feature-streak:bundleLibRuntimeToDirDebug (Thread[#71,Execution worker,5,main]) started.
:feature:feature-streak:bundleLibRuntimeToDirDebug (Thread[#71,Execution worker,5,main]) started.

> Task :feature:feature-streak:bundleLibRuntimeToDirDebug UP-TO-DATE
Caching disabled for task ':feature:feature-streak:bundleLibRuntimeToDirDebug' because:
  Build cache is disabled
  Simple merging task
Skipping task ':feature:feature-streak:bundleLibRuntimeToDirDebug' as it is up-to-date.
work action resolve bundleLibRuntimeToDirDebug (project :feature:feature-streak) (Thread[#73,Execution worker Thread 3,5,main]) started.
ClassesDirToClassesTransform (Thread[#73,Execution worker Thread 3,5,main]) started.
Resolve mutations for :feature:feature-streak:bundleLibRuntimeToJarDebug (Thread[#71,Execution worker,5,main]) started.
:feature:feature-streak:bundleLibRuntimeToJarDebug (Thread[#71,Execution worker,5,main]) started.
DexingNoClasspathTransform (Thread[#73,Execution worker Thread 3,5,main]) started.

> Task :feature:feature-streak:bundleLibRuntimeToJarDebug UP-TO-DATE
Caching disabled for task ':feature:feature-streak:bundleLibRuntimeToJarDebug' because:
  Build cache is disabled
  Simple merging task
Skipping task ':feature:feature-streak:bundleLibRuntimeToJarDebug' as it is up-to-date.
work action resolve classes.jar (project :feature:feature-streak) (Thread[#71,Execution worker,5,main]) started.
AggregatedPackagesTransform (Thread[#71,Execution worker,5,main]) started.
Resolve mutations for :feature:feature-streak:mergeDebugGeneratedProguardFiles (Thread[#80,Execution worker Thread 10,5,main]) started.
:feature:feature-streak:mergeDebugGeneratedProguardFiles (Thread[#80,Execution worker Thread 10,5,main]) started.

> Task :feature:feature-streak:mergeDebugGeneratedProguardFiles UP-TO-DATE
Caching disabled for task ':feature:feature-streak:mergeDebugGeneratedProguardFiles' because:
  Build cache is disabled
  Simple merging task
Skipping task ':feature:feature-streak:mergeDebugGeneratedProguardFiles' as it is up-to-date.
Resolve mutations for :feature:feature-streak:mergeDebugConsumerProguardFiles (Thread[#80,Execution worker Thread 10,5,main]) started.
:feature:feature-streak:mergeDebugConsumerProguardFiles (Thread[#80,Execution worker Thread 10,5,main]) started.

> Task :feature:feature-streak:mergeDebugConsumerProguardFiles UP-TO-DATE
file or directory 'C:\Users\iamas\Desktop\Code-Base\Al-HissN\feature\feature-streak\src\main\keepRules', not found
file or directory 'C:\Users\iamas\Desktop\Code-Base\Al-HissN\feature\feature-streak\src\debug\keepRules', not found
Caching disabled for task ':feature:feature-streak:mergeDebugConsumerProguardFiles' because:
  Build cache is disabled
  Simple merging task
Skipping task ':feature:feature-streak:mergeDebugConsumerProguardFiles' as it is up-to-date.
Resolve mutations for :feature:feature-streak:mergeDebugJavaResource (Thread[#80,Execution worker Thread 10,5,main]) started.

> Transform bundleLibRuntimeToDirDebug (project :feature:feature-streak) with DexingNoClasspathTransform
Caching disabled for DexingNoClasspathTransform: C:\Users\iamas\Desktop\Code-Base\Al-HissN\feature\feature-streak\build\intermediates\runtime_library_classes_dir\debug\bundleLibRuntimeToDirDebug because:
  Build cache is disabled
Skipping DexingNoClasspathTransform: C:\Users\iamas\Desktop\Code-Base\Al-HissN\feature\feature-streak\build\intermediates\runtime_library_classes_dir\debug\bundleLibRuntimeToDirDebug as it is up-to-date.
:feature:feature-streak:mergeDebugJavaResource (Thread[#80,Execution worker Thread 10,5,main]) started.
DexingOutputSplitTransform (Thread[#73,Execution worker Thread 3,5,main]) started.

> Task :feature:feature-streak:mergeDebugJavaResource UP-TO-DATE
Caching disabled for task ':feature:feature-streak:mergeDebugJavaResource' because:
  Build cache is disabled
  Caching has been disabled for the task
Skipping task ':feature:feature-streak:mergeDebugJavaResource' as it is up-to-date.
Resolve mutations for :feature:feature-streak:syncDebugLibJars (Thread[#80,Execution worker Thread 10,5,main]) started.
:feature:feature-streak:syncDebugLibJars (Thread[#80,Execution worker Thread 10,5,main]) started.

> Task :feature:feature-streak:syncDebugLibJars UP-TO-DATE
Caching disabled for task ':feature:feature-streak:syncDebugLibJars' because:
  Build cache is disabled
Skipping task ':feature:feature-streak:syncDebugLibJars' as it is up-to-date.
Resolve mutations for :feature:feature-streak:bundleDebugAar (Thread[#80,Execution worker Thread 10,5,main]) started.
:feature:feature-streak:bundleDebugAar (Thread[#80,Execution worker Thread 10,5,main]) started.

> Task :feature:feature-streak:bundleDebugAar UP-TO-DATE
Caching disabled for task ':feature:feature-streak:bundleDebugAar' because:
  Build cache is disabled
  Caching has been disabled for the task
Skipping task ':feature:feature-streak:bundleDebugAar' as it is up-to-date.
Resolve mutations for :feature:feature-streak:assembleDebug (Thread[#80,Execution worker Thread 10,5,main]) started.
:feature:feature-streak:assembleDebug (Thread[#80,Execution worker Thread 10,5,main]) started.

> Task :feature:feature-streak:assembleDebug UP-TO-DATE
Skipping task ':feature:feature-streak:assembleDebug' as it has no actions.
Resolve mutations for :feature:feature-tracker:compileDebugKotlin (Thread[#81,Execution worker Thread 11,5,main]) started.
:feature:feature-tracker:compileDebugKotlin (Thread[#81,Execution worker Thread 11,5,main]) started.

> Task :feature:feature-tracker:compileDebugKotlin UP-TO-DATE
file or directory 'C:\Users\iamas\Desktop\Code-Base\Al-HissN\feature\feature-tracker\src\main\kotlin', not found
file or directory 'C:\Users\iamas\Desktop\Code-Base\Al-HissN\feature\feature-tracker\src\debug\java', not found
file or directory 'C:\Users\iamas\Desktop\Code-Base\Al-HissN\feature\feature-tracker\src\debug\kotlin', not found
file or directory 'C:\Users\iamas\Desktop\Code-Base\Al-HissN\feature\feature-tracker\src\debug\java', not found
file or directory 'C:\Users\iamas\Desktop\Code-Base\Al-HissN\feature\feature-tracker\src\main\kotlin', not found
file or directory 'C:\Users\iamas\Desktop\Code-Base\Al-HissN\feature\feature-tracker\src\debug\java', not found
file or directory 'C:\Users\iamas\Desktop\Code-Base\Al-HissN\feature\feature-tracker\src\debug\kotlin', not found
file or directory 'C:\Users\iamas\Desktop\Code-Base\Al-HissN\feature\feature-tracker\src\debug\java', not found
file or directory 'C:\Users\iamas\Desktop\Code-Base\Al-HissN\feature\feature-tracker\src\main\kotlin', not found
file or directory 'C:\Users\iamas\Desktop\Code-Base\Al-HissN\feature\feature-tracker\src\debug\java', not found
file or directory 'C:\Users\iamas\Desktop\Code-Base\Al-HissN\feature\feature-tracker\src\debug\kotlin', not found
file or directory 'C:\Users\iamas\Desktop\Code-Base\Al-HissN\feature\feature-tracker\src\debug\java', not found
Custom actions are attached to task ':feature:feature-tracker:compileDebugKotlin'.
Caching disabled for task ':feature:feature-tracker:compileDebugKotlin' because:
  Build cache is disabled
Skipping task ':feature:feature-tracker:compileDebugKotlin' as it is up-to-date.
Resolve mutations for :feature:feature-tracker:compileDebugJavaWithJavac (Thread[#81,Execution worker Thread 11,5,main]) started.
:feature:feature-tracker:compileDebugJavaWithJavac (Thread[#81,Execution worker Thread 11,5,main]) started.

> Task :feature:feature-tracker:compileDebugJavaWithJavac UP-TO-DATE
Custom actions are attached to task ':feature:feature-tracker:compileDebugJavaWithJavac'.
Caching disabled for task ':feature:feature-tracker:compileDebugJavaWithJavac' because:
  Build cache is disabled
Skipping task ':feature:feature-tracker:compileDebugJavaWithJavac' as it is up-to-date.
No compile result for :feature:feature-tracker:compileDebugJavaWithJavac
Resolve mutations for :feature:feature-tracker:transformDebugClassesWithAsm (Thread[#81,Execution worker Thread 11,5,main]) started.
:feature:feature-tracker:transformDebugClassesWithAsm (Thread[#81,Execution worker Thread 11,5,main]) started.

> Task :feature:feature-tracker:transformDebugClassesWithAsm UP-TO-DATE
Caching disabled for task ':feature:feature-tracker:transformDebugClassesWithAsm' because:
  Build cache is disabled
Skipping task ':feature:feature-tracker:transformDebugClassesWithAsm' as it is up-to-date.
Resolve mutations for :feature:feature-tracker:bundleLibCompileToJarDebug (Thread[#81,Execution worker Thread 11,5,main]) started.
:feature:feature-tracker:bundleLibCompileToJarDebug (Thread[#81,Execution worker Thread 11,5,main]) started.

> Task :feature:feature-tracker:bundleLibCompileToJarDebug UP-TO-DATE
Caching disabled for task ':feature:feature-tracker:bundleLibCompileToJarDebug' because:
  Build cache is disabled
  Simple merging task
Skipping task ':feature:feature-tracker:bundleLibCompileToJarDebug' as it is up-to-date.
work action resolve classes.jar (project :feature:feature-tracker) (Thread[#81,Execution worker Thread 11,5,main]) started.
Resolve mutations for :feature:feature-tracker:processDebugJavaRes (Thread[#81,Execution worker Thread 11,5,main]) started.
AggregatedPackagesTransform (Thread[#74,Execution worker Thread 4,5,main]) started.
:feature:feature-tracker:processDebugJavaRes (Thread[#81,Execution worker Thread 11,5,main]) started.

> Task :feature:feature-tracker:processDebugJavaRes UP-TO-DATE
file or directory 'C:\Users\iamas\Desktop\Code-Base\Al-HissN\feature\feature-tracker\src\main\resources', not found
file or directory 'C:\Users\iamas\Desktop\Code-Base\Al-HissN\feature\feature-tracker\src\debug\resources', not found
Caching disabled for task ':feature:feature-tracker:processDebugJavaRes' because:
  Build cache is disabled
  Caching has been disabled for the task
Skipping task ':feature:feature-tracker:processDebugJavaRes' as it is up-to-date.
work action resolve out (project :feature:feature-tracker) (Thread[#81,Execution worker Thread 11,5,main]) started.
Resolve mutations for :feature:feature-tracker:bundleLibRuntimeToDirDebug (Thread[#81,Execution worker Thread 11,5,main]) started.
:feature:feature-tracker:bundleLibRuntimeToDirDebug (Thread[#81,Execution worker Thread 11,5,main]) started.

> Task :feature:feature-tracker:bundleLibRuntimeToDirDebug UP-TO-DATE
Caching disabled for task ':feature:feature-tracker:bundleLibRuntimeToDirDebug' because:
  Build cache is disabled
  Simple merging task
Skipping task ':feature:feature-tracker:bundleLibRuntimeToDirDebug' as it is up-to-date.
work action resolve bundleLibRuntimeToDirDebug (project :feature:feature-tracker) (Thread[#81,Execution worker Thread 11,5,main]) started.
ClassesDirToClassesTransform (Thread[#81,Execution worker Thread 11,5,main]) started.
Resolve mutations for :feature:feature-tracker:bundleLibRuntimeToJarDebug (Thread[#76,Execution worker Thread 6,5,main]) started.
:feature:feature-tracker:bundleLibRuntimeToJarDebug (Thread[#76,Execution worker Thread 6,5,main]) started.
DexingNoClasspathTransform (Thread[#81,Execution worker Thread 11,5,main]) started.

> Task :feature:feature-tracker:bundleLibRuntimeToJarDebug UP-TO-DATE
Caching disabled for task ':feature:feature-tracker:bundleLibRuntimeToJarDebug' because:
  Build cache is disabled
  Simple merging task
Skipping task ':feature:feature-tracker:bundleLibRuntimeToJarDebug' as it is up-to-date.
work action resolve classes.jar (project :feature:feature-tracker) (Thread[#76,Execution worker Thread 6,5,main]) started.
AggregatedPackagesTransform (Thread[#76,Execution worker Thread 6,5,main]) started.
Resolve mutations for :feature:feature-tracker:mergeDebugGeneratedProguardFiles (Thread[#73,Execution worker Thread 3,5,main]) started.
:feature:feature-tracker:mergeDebugGeneratedProguardFiles (Thread[#73,Execution worker Thread 3,5,main]) started.

> Transform bundleLibRuntimeToDirDebug (project :feature:feature-tracker) with DexingNoClasspathTransform
Caching disabled for DexingNoClasspathTransform: C:\Users\iamas\Desktop\Code-Base\Al-HissN\feature\feature-tracker\build\intermediates\runtime_library_classes_dir\debug\bundleLibRuntimeToDirDebug because:
  Build cache is disabled
Skipping DexingNoClasspathTransform: C:\Users\iamas\Desktop\Code-Base\Al-HissN\feature\feature-tracker\build\intermediates\runtime_library_classes_dir\debug\bundleLibRuntimeToDirDebug as it is up-to-date.
DexingOutputSplitTransform (Thread[#81,Execution worker Thread 11,5,main]) started.

> Task :feature:feature-tracker:mergeDebugGeneratedProguardFiles UP-TO-DATE
Caching disabled for task ':feature:feature-tracker:mergeDebugGeneratedProguardFiles' because:
  Build cache is disabled
  Simple merging task
Skipping task ':feature:feature-tracker:mergeDebugGeneratedProguardFiles' as it is up-to-date.
Resolve mutations for :feature:feature-tracker:mergeDebugConsumerProguardFiles (Thread[#73,Execution worker Thread 3,5,main]) started.
:feature:feature-tracker:mergeDebugConsumerProguardFiles (Thread[#73,Execution worker Thread 3,5,main]) started.

> Task :feature:feature-tracker:mergeDebugConsumerProguardFiles UP-TO-DATE
file or directory 'C:\Users\iamas\Desktop\Code-Base\Al-HissN\feature\feature-tracker\src\main\keepRules', not found
file or directory 'C:\Users\iamas\Desktop\Code-Base\Al-HissN\feature\feature-tracker\src\debug\keepRules', not found
Caching disabled for task ':feature:feature-tracker:mergeDebugConsumerProguardFiles' because:
  Build cache is disabled
  Simple merging task
Skipping task ':feature:feature-tracker:mergeDebugConsumerProguardFiles' as it is up-to-date.
Resolve mutations for :feature:feature-tracker:mergeDebugJavaResource (Thread[#73,Execution worker Thread 3,5,main]) started.
:feature:feature-tracker:mergeDebugJavaResource (Thread[#73,Execution worker Thread 3,5,main]) started.

> Task :feature:feature-tracker:mergeDebugJavaResource UP-TO-DATE
Caching disabled for task ':feature:feature-tracker:mergeDebugJavaResource' because:
  Build cache is disabled
  Caching has been disabled for the task
Skipping task ':feature:feature-tracker:mergeDebugJavaResource' as it is up-to-date.
Resolve mutations for :feature:feature-tracker:syncDebugLibJars (Thread[#73,Execution worker Thread 3,5,main]) started.
:feature:feature-tracker:syncDebugLibJars (Thread[#73,Execution worker Thread 3,5,main]) started.

> Task :feature:feature-tracker:syncDebugLibJars UP-TO-DATE
Caching disabled for task ':feature:feature-tracker:syncDebugLibJars' because:
  Build cache is disabled
Skipping task ':feature:feature-tracker:syncDebugLibJars' as it is up-to-date.
Resolve mutations for :feature:feature-tracker:bundleDebugAar (Thread[#73,Execution worker Thread 3,5,main]) started.
:feature:feature-tracker:bundleDebugAar (Thread[#73,Execution worker Thread 3,5,main]) started.

> Task :feature:feature-tracker:bundleDebugAar UP-TO-DATE
Caching disabled for task ':feature:feature-tracker:bundleDebugAar' because:
  Build cache is disabled
  Caching has been disabled for the task
Skipping task ':feature:feature-tracker:bundleDebugAar' as it is up-to-date.
Resolve mutations for :feature:feature-tracker:assembleDebug (Thread[#73,Execution worker Thread 3,5,main]) started.
:feature:feature-tracker:assembleDebug (Thread[#73,Execution worker Thread 3,5,main]) started.

> Task :feature:feature-tracker:assembleDebug UP-TO-DATE
Skipping task ':feature:feature-tracker:assembleDebug' as it has no actions.
Resolve mutations for :core:core-data:compileDebugKotlin (Thread[#72,Execution worker Thread 2,5,main]) started.
:core:core-data:compileDebugKotlin (Thread[#72,Execution worker Thread 2,5,main]) started.

> Task :core:core-data:compileDebugKotlin UP-TO-DATE
file or directory 'C:\Users\iamas\Desktop\Code-Base\Al-HissN\core\core-data\src\main\kotlin', not found
file or directory 'C:\Users\iamas\Desktop\Code-Base\Al-HissN\core\core-data\src\debug\java', not found
file or directory 'C:\Users\iamas\Desktop\Code-Base\Al-HissN\core\core-data\src\debug\kotlin', not found
file or directory 'C:\Users\iamas\Desktop\Code-Base\Al-HissN\core\core-data\src\debug\java', not found
file or directory 'C:\Users\iamas\Desktop\Code-Base\Al-HissN\core\core-data\src\main\kotlin', not found
file or directory 'C:\Users\iamas\Desktop\Code-Base\Al-HissN\core\core-data\src\debug\java', not found
file or directory 'C:\Users\iamas\Desktop\Code-Base\Al-HissN\core\core-data\src\debug\kotlin', not found
file or directory 'C:\Users\iamas\Desktop\Code-Base\Al-HissN\core\core-data\src\debug\java', not found
file or directory 'C:\Users\iamas\Desktop\Code-Base\Al-HissN\core\core-data\src\main\kotlin', not found
file or directory 'C:\Users\iamas\Desktop\Code-Base\Al-HissN\core\core-data\src\debug\java', not found
file or directory 'C:\Users\iamas\Desktop\Code-Base\Al-HissN\core\core-data\src\debug\kotlin', not found
file or directory 'C:\Users\iamas\Desktop\Code-Base\Al-HissN\core\core-data\src\debug\java', not found
Custom actions are attached to task ':core:core-data:compileDebugKotlin'.
Caching disabled for task ':core:core-data:compileDebugKotlin' because:
  Build cache is disabled
Skipping task ':core:core-data:compileDebugKotlin' as it is up-to-date.
Resolve mutations for :core:core-data:compileDebugJavaWithJavac (Thread[#72,Execution worker Thread 2,5,main]) started.
:core:core-data:compileDebugJavaWithJavac (Thread[#72,Execution worker Thread 2,5,main]) started.

> Task :core:core-data:compileDebugJavaWithJavac UP-TO-DATE
Custom actions are attached to task ':core:core-data:compileDebugJavaWithJavac'.
Caching disabled for task ':core:core-data:compileDebugJavaWithJavac' because:
  Build cache is disabled
Skipping task ':core:core-data:compileDebugJavaWithJavac' as it is up-to-date.
No compile result for :core:core-data:compileDebugJavaWithJavac
Resolve mutations for :core:core-data:transformDebugClassesWithAsm (Thread[#72,Execution worker Thread 2,5,main]) started.
:core:core-data:transformDebugClassesWithAsm (Thread[#72,Execution worker Thread 2,5,main]) started.

> Task :core:core-data:transformDebugClassesWithAsm UP-TO-DATE
Caching disabled for task ':core:core-data:transformDebugClassesWithAsm' because:
  Build cache is disabled
Skipping task ':core:core-data:transformDebugClassesWithAsm' as it is up-to-date.
Resolve mutations for :core:core-data:bundleLibCompileToJarDebug (Thread[#72,Execution worker Thread 2,5,main]) started.
:core:core-data:bundleLibCompileToJarDebug (Thread[#72,Execution worker Thread 2,5,main]) started.

> Task :core:core-data:bundleLibCompileToJarDebug UP-TO-DATE
Caching disabled for task ':core:core-data:bundleLibCompileToJarDebug' because:
  Build cache is disabled
  Simple merging task
Skipping task ':core:core-data:bundleLibCompileToJarDebug' as it is up-to-date.
work action resolve classes.jar (project :core:core-data) (Thread[#72,Execution worker Thread 2,5,main]) started.
Resolve mutations for :core:core-data:bundleLibRuntimeToJarDebug (Thread[#72,Execution worker Thread 2,5,main]) started.
AggregatedPackagesTransform (Thread[#74,Execution worker Thread 4,5,main]) started.
:core:core-data:bundleLibRuntimeToJarDebug (Thread[#72,Execution worker Thread 2,5,main]) started.

> Task :core:core-data:bundleLibRuntimeToJarDebug UP-TO-DATE
Caching disabled for task ':core:core-data:bundleLibRuntimeToJarDebug' because:
  Build cache is disabled
  Simple merging task
Skipping task ':core:core-data:bundleLibRuntimeToJarDebug' as it is up-to-date.
work action resolve classes.jar (project :core:core-data) (Thread[#72,Execution worker Thread 2,5,main]) started.
Resolve mutations for :feature:feature-accessibility:kspDebugKotlin (Thread[#72,Execution worker Thread 2,5,main]) started.
AggregatedPackagesTransform (Thread[#76,Execution worker Thread 6,5,main]) started.
:feature:feature-accessibility:kspDebugKotlin (Thread[#72,Execution worker Thread 2,5,main]) started.
Resolve mutations for :feature:feature-keyboard:compileDebugKotlin (Thread[#75,Execution worker Thread 5,5,main]) started.
:feature:feature-keyboard:compileDebugKotlin (Thread[#75,Execution worker Thread 5,5,main]) started.

> Task :feature:feature-keyboard:compileDebugKotlin UP-TO-DATE
file or directory 'C:\Users\iamas\Desktop\Code-Base\Al-HissN\feature\feature-keyboard\src\main\kotlin', not found
file or directory 'C:\Users\iamas\Desktop\Code-Base\Al-HissN\feature\feature-keyboard\src\debug\java', not found
file or directory 'C:\Users\iamas\Desktop\Code-Base\Al-HissN\feature\feature-keyboard\src\debug\kotlin', not found
file or directory 'C:\Users\iamas\Desktop\Code-Base\Al-HissN\feature\feature-keyboard\src\debug\java', not found
file or directory 'C:\Users\iamas\Desktop\Code-Base\Al-HissN\feature\feature-keyboard\src\main\kotlin', not found
file or directory 'C:\Users\iamas\Desktop\Code-Base\Al-HissN\feature\feature-keyboard\src\debug\java', not found
file or directory 'C:\Users\iamas\Desktop\Code-Base\Al-HissN\feature\feature-keyboard\src\debug\kotlin', not found
file or directory 'C:\Users\iamas\Desktop\Code-Base\Al-HissN\feature\feature-keyboard\src\debug\java', not found
file or directory 'C:\Users\iamas\Desktop\Code-Base\Al-HissN\feature\feature-keyboard\src\main\kotlin', not found
file or directory 'C:\Users\iamas\Desktop\Code-Base\Al-HissN\feature\feature-keyboard\src\debug\java', not found
file or directory 'C:\Users\iamas\Desktop\Code-Base\Al-HissN\feature\feature-keyboard\src\debug\kotlin', not found
file or directory 'C:\Users\iamas\Desktop\Code-Base\Al-HissN\feature\feature-keyboard\src\debug\java', not found
Custom actions are attached to task ':feature:feature-keyboard:compileDebugKotlin'.
Caching disabled for task ':feature:feature-keyboard:compileDebugKotlin' because:
  Build cache is disabled
Skipping task ':feature:feature-keyboard:compileDebugKotlin' as it is up-to-date.
Resolve mutations for :feature:feature-keyboard:compileDebugJavaWithJavac (Thread[#75,Execution worker Thread 5,5,main]) started.
:feature:feature-keyboard:compileDebugJavaWithJavac (Thread[#75,Execution worker Thread 5,5,main]) started.

> Task :feature:feature-keyboard:compileDebugJavaWithJavac UP-TO-DATE
Custom actions are attached to task ':feature:feature-keyboard:compileDebugJavaWithJavac'.
Caching disabled for task ':feature:feature-keyboard:compileDebugJavaWithJavac' because:
  Build cache is disabled
Skipping task ':feature:feature-keyboard:compileDebugJavaWithJavac' as it is up-to-date.
No compile result for :feature:feature-keyboard:compileDebugJavaWithJavac
Resolve mutations for :feature:feature-keyboard:transformDebugClassesWithAsm (Thread[#75,Execution worker Thread 5,5,main]) started.
:feature:feature-keyboard:transformDebugClassesWithAsm (Thread[#75,Execution worker Thread 5,5,main]) started.

> Task :feature:feature-keyboard:transformDebugClassesWithAsm UP-TO-DATE
Caching disabled for task ':feature:feature-keyboard:transformDebugClassesWithAsm' because:
  Build cache is disabled
Skipping task ':feature:feature-keyboard:transformDebugClassesWithAsm' as it is up-to-date.
Resolve mutations for :feature:feature-keyboard:bundleLibCompileToJarDebug (Thread[#75,Execution worker Thread 5,5,main]) started.
:feature:feature-keyboard:bundleLibCompileToJarDebug (Thread[#75,Execution worker Thread 5,5,main]) started.

> Task :feature:feature-keyboard:bundleLibCompileToJarDebug UP-TO-DATE
Caching disabled for task ':feature:feature-keyboard:bundleLibCompileToJarDebug' because:
  Build cache is disabled
  Simple merging task
Skipping task ':feature:feature-keyboard:bundleLibCompileToJarDebug' as it is up-to-date.
work action resolve classes.jar (project :feature:feature-keyboard) (Thread[#75,Execution worker Thread 5,5,main]) started.
Resolve mutations for :feature:feature-network:kspDebugKotlin (Thread[#75,Execution worker Thread 5,5,main]) started.
AggregatedPackagesTransform (Thread[#78,Execution worker Thread 8,5,main]) started.
:feature:feature-network:kspDebugKotlin (Thread[#75,Execution worker Thread 5,5,main]) started.
Resolve mutations for :feature:feature-profile:kspDebugKotlin (Thread[#74,Execution worker Thread 4,5,main]) started.
:feature:feature-profile:kspDebugKotlin (Thread[#74,Execution worker Thread 4,5,main]) started.
Resolve mutations for :feature:feature-scanner:kspDebugKotlin (Thread[#78,Execution worker Thread 8,5,main]) started.
:feature:feature-scanner:kspDebugKotlin (Thread[#78,Execution worker Thread 8,5,main]) started.

> Task :feature:feature-accessibility:kspDebugKotlin
Caching disabled for task ':feature:feature-accessibility:kspDebugKotlin' because:
  Build cache is disabled
Task ':feature:feature-accessibility:kspDebugKotlin' is not up-to-date because:
  Value of input property 'kspConfig.logLevel' has changed for task ':feature:feature-accessibility:kspDebugKotlin'
The input changes require a full rebuild for incremental task ':feature:feature-accessibility:kspDebugKotlin'.
file or directory 'C:\Users\iamas\Desktop\Code-Base\Al-HissN\feature\feature-accessibility\src\main\kotlin', not found
file or directory 'C:\Users\iamas\Desktop\Code-Base\Al-HissN\feature\feature-accessibility\src\debug\java', not found
file or directory 'C:\Users\iamas\Desktop\Code-Base\Al-HissN\feature\feature-accessibility\src\debug\kotlin', not found
file or directory 'C:\Users\iamas\Desktop\Code-Base\Al-HissN\feature\feature-accessibility\src\main\kotlin', not found
file or directory 'C:\Users\iamas\Desktop\Code-Base\Al-HissN\feature\feature-accessibility\src\debug\java', not found
file or directory 'C:\Users\iamas\Desktop\Code-Base\Al-HissN\feature\feature-accessibility\src\debug\kotlin', not found
i: [ksp] loaded provider(s): [dagger.hilt.processor.internal.uninstallmodules.KspUninstallModulesProcessor$Provider, dagger.hilt.android.processor.internal.viewmodel.KspViewModelProcessor$Provider, dagger.hilt.processor.internal.earlyentrypoint.KspEarlyEntryPointProcessor$Provider, dagger.hilt.android.processor.internal.androidentrypoint.KspAndroidEntryPointProcessor$Provider, dagger.hilt.processor.internal.definecomponent.KspDefineComponentProcessor$Provider, dagger.hilt.processor.internal.originatingelement.KspOriginatingElementProcessor$Provider, dagger.hilt.android.processor.internal.bindvalue.KspBindValueProcessor$Provider, dagger.hilt.processor.internal.root.KspComponentTreeDepsProcessor$Provider, dagger.hilt.processor.internal.root.KspRootProcessor$Provider, dagger.hilt.processor.internal.aliasof.KspAliasOfProcessor$Provider, dagger.hilt.processor.internal.aggregateddeps.KspAggregatedDepsProcessor$Provider, dagger.hilt.processor.internal.generatesrootinput.KspGeneratesRootInputProcessor$Provider, dagger.hilt.android.processor.internal.customtestapplication.KspCustomTestApplicationProcessor$Provider, dagger.internal.codegen.KspComponentProcessor$Provider]

Resolve mutations for :feature:feature-storage:kspDebugKotlin (Thread[#77,Execution worker Thread 7,5,main]) started.
:feature:feature-storage:kspDebugKotlin (Thread[#77,Execution worker Thread 7,5,main]) started.
Resolve mutations for :feature:feature-sync:kspDebugKotlin (Thread[#73,Execution worker Thread 3,5,main]) started.
:feature:feature-sync:kspDebugKotlin (Thread[#73,Execution worker Thread 3,5,main]) started.

> Task :feature:feature-network:kspDebugKotlin
Caching disabled for task ':feature:feature-network:kspDebugKotlin' because:
  Build cache is disabled
Task ':feature:feature-network:kspDebugKotlin' is not up-to-date because:
  Value of input property 'kspConfig.logLevel' has changed for task ':feature:feature-network:kspDebugKotlin'
The input changes require a full rebuild for incremental task ':feature:feature-network:kspDebugKotlin'.
file or directory 'C:\Users\iamas\Desktop\Code-Base\Al-HissN\feature\feature-network\src\main\kotlin', not found
file or directory 'C:\Users\iamas\Desktop\Code-Base\Al-HissN\feature\feature-network\src\debug\java', not found
file or directory 'C:\Users\iamas\Desktop\Code-Base\Al-HissN\feature\feature-network\src\debug\kotlin', not found
file or directory 'C:\Users\iamas\Desktop\Code-Base\Al-HissN\feature\feature-network\src\main\kotlin', not found
file or directory 'C:\Users\iamas\Desktop\Code-Base\Al-HissN\feature\feature-network\src\debug\java', not found
file or directory 'C:\Users\iamas\Desktop\Code-Base\Al-HissN\feature\feature-network\src\debug\kotlin', not found
i: [ksp] loaded provider(s): [dagger.hilt.processor.internal.uninstallmodules.KspUninstallModulesProcessor$Provider, dagger.hilt.android.processor.internal.viewmodel.KspViewModelProcessor$Provider, dagger.hilt.processor.internal.earlyentrypoint.KspEarlyEntryPointProcessor$Provider, dagger.hilt.android.processor.internal.androidentrypoint.KspAndroidEntryPointProcessor$Provider, dagger.hilt.processor.internal.definecomponent.KspDefineComponentProcessor$Provider, dagger.hilt.processor.internal.originatingelement.KspOriginatingElementProcessor$Provider, dagger.hilt.android.processor.internal.bindvalue.KspBindValueProcessor$Provider, dagger.hilt.processor.internal.root.KspComponentTreeDepsProcessor$Provider, dagger.hilt.processor.internal.root.KspRootProcessor$Provider, dagger.hilt.processor.internal.aliasof.KspAliasOfProcessor$Provider, dagger.hilt.processor.internal.aggregateddeps.KspAggregatedDepsProcessor$Provider, dagger.hilt.processor.internal.generatesrootinput.KspGeneratesRootInputProcessor$Provider, dagger.hilt.android.processor.internal.customtestapplication.KspCustomTestApplicationProcessor$Provider, dagger.internal.codegen.KspComponentProcessor$Provider]

Resolve mutations for :core:core-data:processDebugJavaRes (Thread[#81,Execution worker Thread 11,5,main]) started.
:core:core-data:processDebugJavaRes (Thread[#81,Execution worker Thread 11,5,main]) started.

> Task :core:core-data:processDebugJavaRes UP-TO-DATE
file or directory 'C:\Users\iamas\Desktop\Code-Base\Al-HissN\core\core-data\src\main\resources', not found
file or directory 'C:\Users\iamas\Desktop\Code-Base\Al-HissN\core\core-data\src\debug\resources', not found
Caching disabled for task ':core:core-data:processDebugJavaRes' because:
  Build cache is disabled
  Caching has been disabled for the task
Skipping task ':core:core-data:processDebugJavaRes' as it is up-to-date.
work action resolve out (project :core:core-data) (Thread[#81,Execution worker Thread 11,5,main]) started.
Resolve mutations for :feature:feature-keyboard:processDebugJavaRes (Thread[#81,Execution worker Thread 11,5,main]) started.
:feature:feature-keyboard:processDebugJavaRes (Thread[#81,Execution worker Thread 11,5,main]) started.

> Task :feature:feature-keyboard:processDebugJavaRes UP-TO-DATE
file or directory 'C:\Users\iamas\Desktop\Code-Base\Al-HissN\feature\feature-keyboard\src\main\resources', not found
file or directory 'C:\Users\iamas\Desktop\Code-Base\Al-HissN\feature\feature-keyboard\src\debug\resources', not found
Caching disabled for task ':feature:feature-keyboard:processDebugJavaRes' because:
  Build cache is disabled
  Caching has been disabled for the task
Skipping task ':feature:feature-keyboard:processDebugJavaRes' as it is up-to-date.
work action resolve out (project :feature:feature-keyboard) (Thread[#81,Execution worker Thread 11,5,main]) started.
Resolve mutations for :core:core-data:bundleLibRuntimeToDirDebug (Thread[#81,Execution worker Thread 11,5,main]) started.
:core:core-data:bundleLibRuntimeToDirDebug (Thread[#81,Execution worker Thread 11,5,main]) started.

> Task :core:core-data:bundleLibRuntimeToDirDebug UP-TO-DATE
Caching disabled for task ':core:core-data:bundleLibRuntimeToDirDebug' because:
  Build cache is disabled
  Simple merging task
Skipping task ':core:core-data:bundleLibRuntimeToDirDebug' as it is up-to-date.
work action resolve bundleLibRuntimeToDirDebug (project :core:core-data) (Thread[#81,Execution worker Thread 11,5,main]) started.
ClassesDirToClassesTransform (Thread[#81,Execution worker Thread 11,5,main]) started.
Resolve mutations for :feature:feature-keyboard:bundleLibRuntimeToDirDebug (Thread[#80,Execution worker Thread 10,5,main]) started.
:feature:feature-keyboard:bundleLibRuntimeToDirDebug (Thread[#80,Execution worker Thread 10,5,main]) started.
DexingNoClasspathTransform (Thread[#81,Execution worker Thread 11,5,main]) started.

> Task :feature:feature-keyboard:bundleLibRuntimeToDirDebug UP-TO-DATE
Caching disabled for task ':feature:feature-keyboard:bundleLibRuntimeToDirDebug' because:
  Build cache is disabled
  Simple merging task
Skipping task ':feature:feature-keyboard:bundleLibRuntimeToDirDebug' as it is up-to-date.
work action resolve bundleLibRuntimeToDirDebug (project :feature:feature-keyboard) (Thread[#80,Execution worker Thread 10,5,main]) started.
ClassesDirToClassesTransform (Thread[#80,Execution worker Thread 10,5,main]) started.
Resolve mutations for :feature:feature-keyboard:bundleLibRuntimeToJarDebug (Thread[#70,included builds,5,main]) started.
:feature:feature-keyboard:bundleLibRuntimeToJarDebug (Thread[#70,included builds,5,main]) started.
DexingNoClasspathTransform (Thread[#80,Execution worker Thread 10,5,main]) started.

> Task :feature:feature-keyboard:bundleLibRuntimeToJarDebug UP-TO-DATE
Caching disabled for task ':feature:feature-keyboard:bundleLibRuntimeToJarDebug' because:
  Build cache is disabled
  Simple merging task
Skipping task ':feature:feature-keyboard:bundleLibRuntimeToJarDebug' as it is up-to-date.
work action resolve classes.jar (project :feature:feature-keyboard) (Thread[#70,included builds,5,main]) started.
AggregatedPackagesTransform (Thread[#70,included builds,5,main]) started.
Resolve mutations for :core:core-data:mergeDebugGeneratedProguardFiles (Thread[#71,Execution worker,5,main]) started.
:core:core-data:mergeDebugGeneratedProguardFiles (Thread[#71,Execution worker,5,main]) started.

> Transform bundleLibRuntimeToDirDebug (project :feature:feature-keyboard) with DexingNoClasspathTransform
Caching disabled for DexingNoClasspathTransform: C:\Users\iamas\Desktop\Code-Base\Al-HissN\feature\feature-keyboard\build\intermediates\runtime_library_classes_dir\debug\bundleLibRuntimeToDirDebug because:
  Build cache is disabled
Skipping DexingNoClasspathTransform: C:\Users\iamas\Desktop\Code-Base\Al-HissN\feature\feature-keyboard\build\intermediates\runtime_library_classes_dir\debug\bundleLibRuntimeToDirDebug as it is up-to-date.
DexingOutputSplitTransform (Thread[#80,Execution worker Thread 10,5,main]) started.

> Task :core:core-data:mergeDebugGeneratedProguardFiles UP-TO-DATE
Caching disabled for task ':core:core-data:mergeDebugGeneratedProguardFiles' because:
  Build cache is disabled
  Simple merging task
Skipping task ':core:core-data:mergeDebugGeneratedProguardFiles' as it is up-to-date.
Resolve mutations for :core:core-data:mergeDebugConsumerProguardFiles (Thread[#71,Execution worker,5,main]) started.
:core:core-data:mergeDebugConsumerProguardFiles (Thread[#71,Execution worker,5,main]) started.

> Task :core:core-data:mergeDebugConsumerProguardFiles UP-TO-DATE
file or directory 'C:\Users\iamas\Desktop\Code-Base\Al-HissN\core\core-data\src\main\keepRules', not found
file or directory 'C:\Users\iamas\Desktop\Code-Base\Al-HissN\core\core-data\src\debug\keepRules', not found
Caching disabled for task ':core:core-data:mergeDebugConsumerProguardFiles' because:
  Build cache is disabled
  Simple merging task
Skipping task ':core:core-data:mergeDebugConsumerProguardFiles' as it is up-to-date.
Resolve mutations for :core:core-data:mergeDebugJavaResource (Thread[#71,Execution worker,5,main]) started.

> Transform bundleLibRuntimeToDirDebug (project :core:core-data) with DexingNoClasspathTransform
Caching disabled for DexingNoClasspathTransform: C:\Users\iamas\Desktop\Code-Base\Al-HissN\core\core-data\build\intermediates\runtime_library_classes_dir\debug\bundleLibRuntimeToDirDebug because:
  Build cache is disabled
Skipping DexingNoClasspathTransform: C:\Users\iamas\Desktop\Code-Base\Al-HissN\core\core-data\build\intermediates\runtime_library_classes_dir\debug\bundleLibRuntimeToDirDebug as it is up-to-date.
DexingOutputSplitTransform (Thread[#81,Execution worker Thread 11,5,main]) started.
:core:core-data:mergeDebugJavaResource (Thread[#71,Execution worker,5,main]) started.

> Task :core:core-data:mergeDebugJavaResource UP-TO-DATE
Caching disabled for task ':core:core-data:mergeDebugJavaResource' because:
  Build cache is disabled
  Caching has been disabled for the task
Skipping task ':core:core-data:mergeDebugJavaResource' as it is up-to-date.
Resolve mutations for :core:core-data:syncDebugLibJars (Thread[#71,Execution worker,5,main]) started.
:core:core-data:syncDebugLibJars (Thread[#71,Execution worker,5,main]) started.

> Task :core:core-data:syncDebugLibJars UP-TO-DATE
Caching disabled for task ':core:core-data:syncDebugLibJars' because:
  Build cache is disabled
Skipping task ':core:core-data:syncDebugLibJars' as it is up-to-date.
Resolve mutations for :core:core-data:bundleDebugAar (Thread[#71,Execution worker,5,main]) started.
:core:core-data:bundleDebugAar (Thread[#71,Execution worker,5,main]) started.

> Task :core:core-data:bundleDebugAar UP-TO-DATE
Caching disabled for task ':core:core-data:bundleDebugAar' because:
  Build cache is disabled
  Caching has been disabled for the task
Skipping task ':core:core-data:bundleDebugAar' as it is up-to-date.
Resolve mutations for :core:core-data:assembleDebug (Thread[#71,Execution worker,5,main]) started.
:core:core-data:assembleDebug (Thread[#71,Execution worker,5,main]) started.

> Task :core:core-data:assembleDebug UP-TO-DATE
Skipping task ':core:core-data:assembleDebug' as it has no actions.
Resolve mutations for :feature:feature-accessibility:extractDebugAnnotations (Thread[#71,Execution worker,5,main]) started.
:feature:feature-accessibility:extractDebugAnnotations (Thread[#71,Execution worker,5,main]) started.

> Task :feature:feature-profile:kspDebugKotlin
Caching disabled for task ':feature:feature-profile:kspDebugKotlin' because:
  Build cache is disabled
Task ':feature:feature-profile:kspDebugKotlin' is not up-to-date because:
  Value of input property 'kspConfig.logLevel' has changed for task ':feature:feature-profile:kspDebugKotlin'
The input changes require a full rebuild for incremental task ':feature:feature-profile:kspDebugKotlin'.
file or directory 'C:\Users\iamas\Desktop\Code-Base\Al-HissN\feature\feature-profile\src\main\kotlin', not found
file or directory 'C:\Users\iamas\Desktop\Code-Base\Al-HissN\feature\feature-profile\src\debug\java', not found
file or directory 'C:\Users\iamas\Desktop\Code-Base\Al-HissN\feature\feature-profile\src\debug\kotlin', not found
file or directory 'C:\Users\iamas\Desktop\Code-Base\Al-HissN\feature\feature-profile\src\main\kotlin', not found
file or directory 'C:\Users\iamas\Desktop\Code-Base\Al-HissN\feature\feature-profile\src\debug\java', not found
file or directory 'C:\Users\iamas\Desktop\Code-Base\Al-HissN\feature\feature-profile\src\debug\kotlin', not found
i: [ksp] loaded provider(s): [dagger.hilt.processor.internal.uninstallmodules.KspUninstallModulesProcessor$Provider, dagger.hilt.android.processor.internal.viewmodel.KspViewModelProcessor$Provider, dagger.hilt.processor.internal.earlyentrypoint.KspEarlyEntryPointProcessor$Provider, dagger.hilt.android.processor.internal.androidentrypoint.KspAndroidEntryPointProcessor$Provider, dagger.hilt.processor.internal.definecomponent.KspDefineComponentProcessor$Provider, dagger.hilt.processor.internal.originatingelement.KspOriginatingElementProcessor$Provider, dagger.hilt.android.processor.internal.bindvalue.KspBindValueProcessor$Provider, dagger.hilt.processor.internal.root.KspComponentTreeDepsProcessor$Provider, dagger.hilt.processor.internal.root.KspRootProcessor$Provider, dagger.hilt.processor.internal.aliasof.KspAliasOfProcessor$Provider, dagger.hilt.processor.internal.aggregateddeps.KspAggregatedDepsProcessor$Provider, dagger.hilt.processor.internal.generatesrootinput.KspGeneratesRootInputProcessor$Provider, dagger.hilt.android.processor.internal.customtestapplication.KspCustomTestApplicationProcessor$Provider, dagger.internal.codegen.KspComponentProcessor$Provider]

> Task :feature:feature-accessibility:extractDebugAnnotations UP-TO-DATE
Caching disabled for task ':feature:feature-accessibility:extractDebugAnnotations' because:
  Build cache is disabled
Skipping task ':feature:feature-accessibility:extractDebugAnnotations' as it is up-to-date.
Resolve mutations for :feature:feature-keyboard:mergeDebugGeneratedProguardFiles (Thread[#71,Execution worker,5,main]) started.
:feature:feature-keyboard:mergeDebugGeneratedProguardFiles (Thread[#71,Execution worker,5,main]) started.

> Task :feature:feature-keyboard:mergeDebugGeneratedProguardFiles UP-TO-DATE
Caching disabled for task ':feature:feature-keyboard:mergeDebugGeneratedProguardFiles' because:
  Build cache is disabled
  Simple merging task
Skipping task ':feature:feature-keyboard:mergeDebugGeneratedProguardFiles' as it is up-to-date.
Resolve mutations for :feature:feature-keyboard:mergeDebugConsumerProguardFiles (Thread[#71,Execution worker,5,main]) started.
:feature:feature-keyboard:mergeDebugConsumerProguardFiles (Thread[#71,Execution worker,5,main]) started.

> Task :feature:feature-keyboard:mergeDebugConsumerProguardFiles UP-TO-DATE
file or directory 'C:\Users\iamas\Desktop\Code-Base\Al-HissN\feature\feature-keyboard\src\main\keepRules', not found
file or directory 'C:\Users\iamas\Desktop\Code-Base\Al-HissN\feature\feature-keyboard\src\debug\keepRules', not found
Caching disabled for task ':feature:feature-keyboard:mergeDebugConsumerProguardFiles' because:
  Build cache is disabled
  Simple merging task
Skipping task ':feature:feature-keyboard:mergeDebugConsumerProguardFiles' as it is up-to-date.
Resolve mutations for :feature:feature-keyboard:mergeDebugJavaResource (Thread[#71,Execution worker,5,main]) started.
:feature:feature-keyboard:mergeDebugJavaResource (Thread[#71,Execution worker,5,main]) started.

> Task :feature:feature-keyboard:mergeDebugJavaResource UP-TO-DATE
Caching disabled for task ':feature:feature-keyboard:mergeDebugJavaResource' because:
  Build cache is disabled
  Caching has been disabled for the task
Skipping task ':feature:feature-keyboard:mergeDebugJavaResource' as it is up-to-date.
Resolve mutations for :feature:feature-keyboard:syncDebugLibJars (Thread[#71,Execution worker,5,main]) started.
:feature:feature-keyboard:syncDebugLibJars (Thread[#71,Execution worker,5,main]) started.

> Task :feature:feature-keyboard:syncDebugLibJars UP-TO-DATE
Caching disabled for task ':feature:feature-keyboard:syncDebugLibJars' because:
  Build cache is disabled
Skipping task ':feature:feature-keyboard:syncDebugLibJars' as it is up-to-date.
Resolve mutations for :feature:feature-keyboard:bundleDebugAar (Thread[#71,Execution worker,5,main]) started.
:feature:feature-keyboard:bundleDebugAar (Thread[#71,Execution worker,5,main]) started.

> Task :feature:feature-keyboard:bundleDebugAar UP-TO-DATE
Caching disabled for task ':feature:feature-keyboard:bundleDebugAar' because:
  Build cache is disabled
  Caching has been disabled for the task
Skipping task ':feature:feature-keyboard:bundleDebugAar' as it is up-to-date.
Resolve mutations for :feature:feature-keyboard:assembleDebug (Thread[#71,Execution worker,5,main]) started.
:feature:feature-keyboard:assembleDebug (Thread[#71,Execution worker,5,main]) started.

> Task :feature:feature-keyboard:assembleDebug UP-TO-DATE
Skipping task ':feature:feature-keyboard:assembleDebug' as it has no actions.
Resolve mutations for :feature:feature-network:extractDebugAnnotations (Thread[#71,Execution worker,5,main]) started.
:feature:feature-network:extractDebugAnnotations (Thread[#71,Execution worker,5,main]) started.

> Task :feature:feature-network:extractDebugAnnotations UP-TO-DATE
Caching disabled for task ':feature:feature-network:extractDebugAnnotations' because:
  Build cache is disabled
Skipping task ':feature:feature-network:extractDebugAnnotations' as it is up-to-date.
Resolve mutations for :feature:feature-profile:extractDebugAnnotations (Thread[#71,Execution worker,5,main]) started.
:feature:feature-profile:extractDebugAnnotations (Thread[#71,Execution worker,5,main]) started.

> Task :feature:feature-profile:extractDebugAnnotations UP-TO-DATE
Caching disabled for task ':feature:feature-profile:extractDebugAnnotations' because:
  Build cache is disabled
Skipping task ':feature:feature-profile:extractDebugAnnotations' as it is up-to-date.
Resolve mutations for :feature:feature-scanner:extractDebugAnnotations (Thread[#71,Execution worker,5,main]) started.
:feature:feature-scanner:extractDebugAnnotations (Thread[#71,Execution worker,5,main]) started.

> Task :feature:feature-scanner:extractDebugAnnotations UP-TO-DATE
Caching disabled for task ':feature:feature-scanner:extractDebugAnnotations' because:
  Build cache is disabled
Skipping task ':feature:feature-scanner:extractDebugAnnotations' as it is up-to-date.
Resolve mutations for :feature:feature-storage:extractDebugAnnotations (Thread[#71,Execution worker,5,main]) started.
:feature:feature-storage:extractDebugAnnotations (Thread[#71,Execution worker,5,main]) started.

> Task :feature:feature-storage:extractDebugAnnotations UP-TO-DATE
Caching disabled for task ':feature:feature-storage:extractDebugAnnotations' because:
  Build cache is disabled
Skipping task ':feature:feature-storage:extractDebugAnnotations' as it is up-to-date.
Resolve mutations for :feature:feature-sync:extractDebugAnnotations (Thread[#71,Execution worker,5,main]) started.
:feature:feature-sync:extractDebugAnnotations (Thread[#71,Execution worker,5,main]) started.

> Task :feature:feature-sync:extractDebugAnnotations UP-TO-DATE
Caching disabled for task ':feature:feature-sync:extractDebugAnnotations' because:
  Build cache is disabled
Skipping task ':feature:feature-sync:extractDebugAnnotations' as it is up-to-date.

> Task :feature:feature-scanner:kspDebugKotlin
Caching disabled for task ':feature:feature-scanner:kspDebugKotlin' because:
  Build cache is disabled
Task ':feature:feature-scanner:kspDebugKotlin' is not up-to-date because:
  Value of input property 'kspConfig.logLevel' has changed for task ':feature:feature-scanner:kspDebugKotlin'
The input changes require a full rebuild for incremental task ':feature:feature-scanner:kspDebugKotlin'.
file or directory 'C:\Users\iamas\Desktop\Code-Base\Al-HissN\feature\feature-scanner\src\main\kotlin', not found
file or directory 'C:\Users\iamas\Desktop\Code-Base\Al-HissN\feature\feature-scanner\src\debug\java', not found
file or directory 'C:\Users\iamas\Desktop\Code-Base\Al-HissN\feature\feature-scanner\src\debug\kotlin', not found
file or directory 'C:\Users\iamas\Desktop\Code-Base\Al-HissN\feature\feature-scanner\src\main\kotlin', not found
file or directory 'C:\Users\iamas\Desktop\Code-Base\Al-HissN\feature\feature-scanner\src\debug\java', not found
file or directory 'C:\Users\iamas\Desktop\Code-Base\Al-HissN\feature\feature-scanner\src\debug\kotlin', not found
i: [ksp] loaded provider(s): [dagger.hilt.processor.internal.uninstallmodules.KspUninstallModulesProcessor$Provider, dagger.hilt.android.processor.internal.viewmodel.KspViewModelProcessor$Provider, dagger.hilt.processor.internal.earlyentrypoint.KspEarlyEntryPointProcessor$Provider, dagger.hilt.android.processor.internal.androidentrypoint.KspAndroidEntryPointProcessor$Provider, dagger.hilt.processor.internal.definecomponent.KspDefineComponentProcessor$Provider, dagger.hilt.processor.internal.originatingelement.KspOriginatingElementProcessor$Provider, dagger.hilt.android.processor.internal.bindvalue.KspBindValueProcessor$Provider, dagger.hilt.processor.internal.root.KspComponentTreeDepsProcessor$Provider, dagger.hilt.processor.internal.root.KspRootProcessor$Provider, dagger.hilt.processor.internal.aliasof.KspAliasOfProcessor$Provider, dagger.hilt.processor.internal.aggregateddeps.KspAggregatedDepsProcessor$Provider, dagger.hilt.processor.internal.generatesrootinput.KspGeneratesRootInputProcessor$Provider, dagger.hilt.android.processor.internal.customtestapplication.KspCustomTestApplicationProcessor$Provider, androidx.hilt.AndroidXHiltKspProcessor$Provider, dagger.internal.codegen.KspComponentProcessor$Provider]

Resolve mutations for :feature:feature-profile:compileDebugKotlin (Thread[#74,Execution worker Thread 4,5,main]) started.
:feature:feature-profile:compileDebugKotlin (Thread[#74,Execution worker Thread 4,5,main]) started.

> Task :feature:feature-storage:kspDebugKotlin
Caching disabled for task ':feature:feature-storage:kspDebugKotlin' because:
  Build cache is disabled
Task ':feature:feature-storage:kspDebugKotlin' is not up-to-date because:
  Value of input property 'kspConfig.logLevel' has changed for task ':feature:feature-storage:kspDebugKotlin'
The input changes require a full rebuild for incremental task ':feature:feature-storage:kspDebugKotlin'.
file or directory 'C:\Users\iamas\Desktop\Code-Base\Al-HissN\feature\feature-storage\src\main\kotlin', not found
file or directory 'C:\Users\iamas\Desktop\Code-Base\Al-HissN\feature\feature-storage\src\debug\java', not found
file or directory 'C:\Users\iamas\Desktop\Code-Base\Al-HissN\feature\feature-storage\src\debug\kotlin', not found
file or directory 'C:\Users\iamas\Desktop\Code-Base\Al-HissN\feature\feature-storage\src\main\kotlin', not found
file or directory 'C:\Users\iamas\Desktop\Code-Base\Al-HissN\feature\feature-storage\src\debug\java', not found
file or directory 'C:\Users\iamas\Desktop\Code-Base\Al-HissN\feature\feature-storage\src\debug\kotlin', not found
i: [ksp] loaded provider(s): [dagger.hilt.processor.internal.uninstallmodules.KspUninstallModulesProcessor$Provider, dagger.hilt.android.processor.internal.viewmodel.KspViewModelProcessor$Provider, dagger.hilt.processor.internal.earlyentrypoint.KspEarlyEntryPointProcessor$Provider, dagger.hilt.android.processor.internal.androidentrypoint.KspAndroidEntryPointProcessor$Provider, dagger.hilt.processor.internal.definecomponent.KspDefineComponentProcessor$Provider, dagger.hilt.processor.internal.originatingelement.KspOriginatingElementProcessor$Provider, dagger.hilt.android.processor.internal.bindvalue.KspBindValueProcessor$Provider, dagger.hilt.processor.internal.root.KspComponentTreeDepsProcessor$Provider, dagger.hilt.processor.internal.root.KspRootProcessor$Provider, dagger.hilt.processor.internal.aliasof.KspAliasOfProcessor$Provider, dagger.hilt.processor.internal.aggregateddeps.KspAggregatedDepsProcessor$Provider, dagger.hilt.processor.internal.generatesrootinput.KspGeneratesRootInputProcessor$Provider, dagger.hilt.android.processor.internal.customtestapplication.KspCustomTestApplicationProcessor$Provider, androidx.hilt.AndroidXHiltKspProcessor$Provider, dagger.internal.codegen.KspComponentProcessor$Provider]

> Task :feature:feature-profile:compileDebugKotlin UP-TO-DATE
file or directory 'C:\Users\iamas\Desktop\Code-Base\Al-HissN\feature\feature-profile\src\main\kotlin', not found
file or directory 'C:\Users\iamas\Desktop\Code-Base\Al-HissN\feature\feature-profile\src\debug\java', not found
file or directory 'C:\Users\iamas\Desktop\Code-Base\Al-HissN\feature\feature-profile\src\debug\kotlin', not found
file or directory 'C:\Users\iamas\Desktop\Code-Base\Al-HissN\feature\feature-profile\src\debug\java', not found
file or directory 'C:\Users\iamas\Desktop\Code-Base\Al-HissN\feature\feature-profile\src\main\kotlin', not found
file or directory 'C:\Users\iamas\Desktop\Code-Base\Al-HissN\feature\feature-profile\src\debug\java', not found
file or directory 'C:\Users\iamas\Desktop\Code-Base\Al-HissN\feature\feature-profile\src\debug\kotlin', not found
file or directory 'C:\Users\iamas\Desktop\Code-Base\Al-HissN\feature\feature-profile\src\debug\java', not found
file or directory 'C:\Users\iamas\Desktop\Code-Base\Al-HissN\feature\feature-profile\src\main\kotlin', not found
file or directory 'C:\Users\iamas\Desktop\Code-Base\Al-HissN\feature\feature-profile\src\debug\java', not found
file or directory 'C:\Users\iamas\Desktop\Code-Base\Al-HissN\feature\feature-profile\src\debug\kotlin', not found
file or directory 'C:\Users\iamas\Desktop\Code-Base\Al-HissN\feature\feature-profile\src\debug\java', not found
Custom actions are attached to task ':feature:feature-profile:compileDebugKotlin'.
Caching disabled for task ':feature:feature-profile:compileDebugKotlin' because:
  Build cache is disabled
Skipping task ':feature:feature-profile:compileDebugKotlin' as it is up-to-date.
Resolve mutations for :feature:feature-accessibility:compileDebugKotlin (Thread[#74,Execution worker Thread 4,5,main]) started.
:feature:feature-accessibility:compileDebugKotlin (Thread[#74,Execution worker Thread 4,5,main]) started.

> Task :feature:feature-sync:kspDebugKotlin
Caching disabled for task ':feature:feature-sync:kspDebugKotlin' because:
  Build cache is disabled
Task ':feature:feature-sync:kspDebugKotlin' is not up-to-date because:
  Value of input property 'kspConfig.logLevel' has changed for task ':feature:feature-sync:kspDebugKotlin'
The input changes require a full rebuild for incremental task ':feature:feature-sync:kspDebugKotlin'.
file or directory 'C:\Users\iamas\Desktop\Code-Base\Al-HissN\feature\feature-sync\src\main\kotlin', not found
file or directory 'C:\Users\iamas\Desktop\Code-Base\Al-HissN\feature\feature-sync\src\debug\java', not found
file or directory 'C:\Users\iamas\Desktop\Code-Base\Al-HissN\feature\feature-sync\src\debug\kotlin', not found
file or directory 'C:\Users\iamas\Desktop\Code-Base\Al-HissN\feature\feature-sync\src\main\kotlin', not found
file or directory 'C:\Users\iamas\Desktop\Code-Base\Al-HissN\feature\feature-sync\src\debug\java', not found
file or directory 'C:\Users\iamas\Desktop\Code-Base\Al-HissN\feature\feature-sync\src\debug\kotlin', not found
i: [ksp] loaded provider(s): [dagger.hilt.processor.internal.uninstallmodules.KspUninstallModulesProcessor$Provider, dagger.hilt.android.processor.internal.viewmodel.KspViewModelProcessor$Provider, dagger.hilt.processor.internal.earlyentrypoint.KspEarlyEntryPointProcessor$Provider, dagger.hilt.android.processor.internal.androidentrypoint.KspAndroidEntryPointProcessor$Provider, dagger.hilt.processor.internal.definecomponent.KspDefineComponentProcessor$Provider, dagger.hilt.processor.internal.originatingelement.KspOriginatingElementProcessor$Provider, dagger.hilt.android.processor.internal.bindvalue.KspBindValueProcessor$Provider, dagger.hilt.processor.internal.root.KspComponentTreeDepsProcessor$Provider, dagger.hilt.processor.internal.root.KspRootProcessor$Provider, dagger.hilt.processor.internal.aliasof.KspAliasOfProcessor$Provider, dagger.hilt.processor.internal.aggregateddeps.KspAggregatedDepsProcessor$Provider, dagger.hilt.processor.internal.generatesrootinput.KspGeneratesRootInputProcessor$Provider, dagger.hilt.android.processor.internal.customtestapplication.KspCustomTestApplicationProcessor$Provider, androidx.hilt.AndroidXHiltKspProcessor$Provider, dagger.internal.codegen.KspComponentProcessor$Provider]

> Task :feature:feature-accessibility:compileDebugKotlin UP-TO-DATE
file or directory 'C:\Users\iamas\Desktop\Code-Base\Al-HissN\feature\feature-accessibility\src\main\kotlin', not found
file or directory 'C:\Users\iamas\Desktop\Code-Base\Al-HissN\feature\feature-accessibility\src\debug\java', not found
file or directory 'C:\Users\iamas\Desktop\Code-Base\Al-HissN\feature\feature-accessibility\src\debug\kotlin', not found
file or directory 'C:\Users\iamas\Desktop\Code-Base\Al-HissN\feature\feature-accessibility\src\debug\java', not found
file or directory 'C:\Users\iamas\Desktop\Code-Base\Al-HissN\feature\feature-accessibility\src\main\kotlin', not found
file or directory 'C:\Users\iamas\Desktop\Code-Base\Al-HissN\feature\feature-accessibility\src\debug\java', not found
file or directory 'C:\Users\iamas\Desktop\Code-Base\Al-HissN\feature\feature-accessibility\src\debug\kotlin', not found
file or directory 'C:\Users\iamas\Desktop\Code-Base\Al-HissN\feature\feature-accessibility\src\debug\java', not found
file or directory 'C:\Users\iamas\Desktop\Code-Base\Al-HissN\feature\feature-accessibility\src\main\kotlin', not found
file or directory 'C:\Users\iamas\Desktop\Code-Base\Al-HissN\feature\feature-accessibility\src\debug\java', not found
file or directory 'C:\Users\iamas\Desktop\Code-Base\Al-HissN\feature\feature-accessibility\src\debug\kotlin', not found
file or directory 'C:\Users\iamas\Desktop\Code-Base\Al-HissN\feature\feature-accessibility\src\debug\java', not found
Custom actions are attached to task ':feature:feature-accessibility:compileDebugKotlin'.
Caching disabled for task ':feature:feature-accessibility:compileDebugKotlin' because:
  Build cache is disabled
Skipping task ':feature:feature-accessibility:compileDebugKotlin' as it is up-to-date.
Resolve mutations for :feature:feature-accessibility:compileDebugJavaWithJavac (Thread[#74,Execution worker Thread 4,5,main]) started.
:feature:feature-accessibility:compileDebugJavaWithJavac (Thread[#74,Execution worker Thread 4,5,main]) started.

> Task :feature:feature-accessibility:compileDebugJavaWithJavac UP-TO-DATE
Custom actions are attached to task ':feature:feature-accessibility:compileDebugJavaWithJavac'.
Caching disabled for task ':feature:feature-accessibility:compileDebugJavaWithJavac' because:
  Build cache is disabled
Skipping task ':feature:feature-accessibility:compileDebugJavaWithJavac' as it is up-to-date.
No compile result for :feature:feature-accessibility:compileDebugJavaWithJavac
Resolve mutations for :feature:feature-accessibility:transformDebugClassesWithAsm (Thread[#74,Execution worker Thread 4,5,main]) started.
:feature:feature-accessibility:transformDebugClassesWithAsm (Thread[#74,Execution worker Thread 4,5,main]) started.

> Task :feature:feature-accessibility:transformDebugClassesWithAsm UP-TO-DATE
Caching disabled for task ':feature:feature-accessibility:transformDebugClassesWithAsm' because:
  Build cache is disabled
Skipping task ':feature:feature-accessibility:transformDebugClassesWithAsm' as it is up-to-date.
Resolve mutations for :feature:feature-accessibility:bundleLibCompileToJarDebug (Thread[#74,Execution worker Thread 4,5,main]) started.
:feature:feature-accessibility:bundleLibCompileToJarDebug (Thread[#74,Execution worker Thread 4,5,main]) started.

> Task :feature:feature-accessibility:bundleLibCompileToJarDebug UP-TO-DATE
Caching disabled for task ':feature:feature-accessibility:bundleLibCompileToJarDebug' because:
  Build cache is disabled
  Simple merging task
Skipping task ':feature:feature-accessibility:bundleLibCompileToJarDebug' as it is up-to-date.
work action resolve classes.jar (project :feature:feature-accessibility) (Thread[#74,Execution worker Thread 4,5,main]) started.
Resolve mutations for :feature:feature-accessibility:bundleLibRuntimeToJarDebug (Thread[#74,Execution worker Thread 4,5,main]) started.
AggregatedPackagesTransform (Thread[#81,Execution worker Thread 11,5,main]) started.
:feature:feature-accessibility:bundleLibRuntimeToJarDebug (Thread[#74,Execution worker Thread 4,5,main]) started.

> Task :feature:feature-accessibility:bundleLibRuntimeToJarDebug UP-TO-DATE
Caching disabled for task ':feature:feature-accessibility:bundleLibRuntimeToJarDebug' because:
  Build cache is disabled
  Simple merging task
Skipping task ':feature:feature-accessibility:bundleLibRuntimeToJarDebug' as it is up-to-date.
work action resolve classes.jar (project :feature:feature-accessibility) (Thread[#74,Execution worker Thread 4,5,main]) started.
Resolve mutations for :feature:feature-optimizer:kspDebugKotlin (Thread[#74,Execution worker Thread 4,5,main]) started.
AggregatedPackagesTransform (Thread[#81,Execution worker Thread 11,5,main]) started.
:feature:feature-optimizer:kspDebugKotlin (Thread[#74,Execution worker Thread 4,5,main]) started.
Resolve mutations for :feature:feature-profile:compileDebugJavaWithJavac (Thread[#81,Execution worker Thread 11,5,main]) started.
:feature:feature-profile:compileDebugJavaWithJavac (Thread[#81,Execution worker Thread 11,5,main]) started.

> Task :feature:feature-profile:compileDebugJavaWithJavac UP-TO-DATE
Custom actions are attached to task ':feature:feature-profile:compileDebugJavaWithJavac'.
Caching disabled for task ':feature:feature-profile:compileDebugJavaWithJavac' because:
  Build cache is disabled
Skipping task ':feature:feature-profile:compileDebugJavaWithJavac' as it is up-to-date.
No compile result for :feature:feature-profile:compileDebugJavaWithJavac
Resolve mutations for :feature:feature-profile:transformDebugClassesWithAsm (Thread[#81,Execution worker Thread 11,5,main]) started.
:feature:feature-profile:transformDebugClassesWithAsm (Thread[#81,Execution worker Thread 11,5,main]) started.

> Task :feature:feature-profile:transformDebugClassesWithAsm UP-TO-DATE
Caching disabled for task ':feature:feature-profile:transformDebugClassesWithAsm' because:
  Build cache is disabled
Skipping task ':feature:feature-profile:transformDebugClassesWithAsm' as it is up-to-date.
Resolve mutations for :feature:feature-profile:bundleLibCompileToJarDebug (Thread[#81,Execution worker Thread 11,5,main]) started.
:feature:feature-profile:bundleLibCompileToJarDebug (Thread[#81,Execution worker Thread 11,5,main]) started.

> Task :feature:feature-profile:bundleLibCompileToJarDebug UP-TO-DATE
Caching disabled for task ':feature:feature-profile:bundleLibCompileToJarDebug' because:
  Build cache is disabled
  Simple merging task
Skipping task ':feature:feature-profile:bundleLibCompileToJarDebug' as it is up-to-date.
work action resolve classes.jar (project :feature:feature-profile) (Thread[#81,Execution worker Thread 11,5,main]) started.
Resolve mutations for :feature:feature-accessibility:processDebugJavaRes (Thread[#81,Execution worker Thread 11,5,main]) started.
AggregatedPackagesTransform (Thread[#70,included builds,5,main]) started.
:feature:feature-accessibility:processDebugJavaRes (Thread[#81,Execution worker Thread 11,5,main]) started.

> Task :feature:feature-accessibility:processDebugJavaRes UP-TO-DATE
file or directory 'C:\Users\iamas\Desktop\Code-Base\Al-HissN\feature\feature-accessibility\src\main\resources', not found
file or directory 'C:\Users\iamas\Desktop\Code-Base\Al-HissN\feature\feature-accessibility\src\debug\resources', not found
Caching disabled for task ':feature:feature-accessibility:processDebugJavaRes' because:
  Build cache is disabled
  Caching has been disabled for the task
Skipping task ':feature:feature-accessibility:processDebugJavaRes' as it is up-to-date.
work action resolve out (project :feature:feature-accessibility) (Thread[#81,Execution worker Thread 11,5,main]) started.
Resolve mutations for :feature:feature-profile:processDebugJavaRes (Thread[#81,Execution worker Thread 11,5,main]) started.
:feature:feature-profile:processDebugJavaRes (Thread[#81,Execution worker Thread 11,5,main]) started.

> Task :feature:feature-profile:processDebugJavaRes UP-TO-DATE
file or directory 'C:\Users\iamas\Desktop\Code-Base\Al-HissN\feature\feature-profile\src\main\resources', not found
file or directory 'C:\Users\iamas\Desktop\Code-Base\Al-HissN\feature\feature-profile\src\debug\resources', not found
Caching disabled for task ':feature:feature-profile:processDebugJavaRes' because:
  Build cache is disabled
  Caching has been disabled for the task
Skipping task ':feature:feature-profile:processDebugJavaRes' as it is up-to-date.
work action resolve out (project :feature:feature-profile) (Thread[#81,Execution worker Thread 11,5,main]) started.
Resolve mutations for :feature:feature-accessibility:bundleLibRuntimeToDirDebug (Thread[#81,Execution worker Thread 11,5,main]) started.
:feature:feature-accessibility:bundleLibRuntimeToDirDebug (Thread[#81,Execution worker Thread 11,5,main]) started.

> Task :feature:feature-accessibility:bundleLibRuntimeToDirDebug UP-TO-DATE
Caching disabled for task ':feature:feature-accessibility:bundleLibRuntimeToDirDebug' because:
  Build cache is disabled
  Simple merging task
Skipping task ':feature:feature-accessibility:bundleLibRuntimeToDirDebug' as it is up-to-date.
work action resolve bundleLibRuntimeToDirDebug (project :feature:feature-accessibility) (Thread[#81,Execution worker Thread 11,5,main]) started.
ClassesDirToClassesTransform (Thread[#81,Execution worker Thread 11,5,main]) started.
Resolve mutations for :feature:feature-profile:bundleLibRuntimeToDirDebug (Thread[#70,included builds,5,main]) started.
:feature:feature-profile:bundleLibRuntimeToDirDebug (Thread[#70,included builds,5,main]) started.
DexingNoClasspathTransform (Thread[#81,Execution worker Thread 11,5,main]) started.

> Task :feature:feature-profile:bundleLibRuntimeToDirDebug UP-TO-DATE
Caching disabled for task ':feature:feature-profile:bundleLibRuntimeToDirDebug' because:
  Build cache is disabled
  Simple merging task
Skipping task ':feature:feature-profile:bundleLibRuntimeToDirDebug' as it is up-to-date.
work action resolve bundleLibRuntimeToDirDebug (project :feature:feature-profile) (Thread[#70,included builds,5,main]) started.
ClassesDirToClassesTransform (Thread[#70,included builds,5,main]) started.
Resolve mutations for :feature:feature-profile:bundleLibRuntimeToJarDebug (Thread[#76,Execution worker Thread 6,5,main]) started.
:feature:feature-profile:bundleLibRuntimeToJarDebug (Thread[#76,Execution worker Thread 6,5,main]) started.

> Transform bundleLibRuntimeToDirDebug (project :feature:feature-accessibility) with DexingNoClasspathTransform
Caching disabled for DexingNoClasspathTransform: C:\Users\iamas\Desktop\Code-Base\Al-HissN\feature\feature-accessibility\build\intermediates\runtime_library_classes_dir\debug\bundleLibRuntimeToDirDebug because:
  Build cache is disabled
Skipping DexingNoClasspathTransform: C:\Users\iamas\Desktop\Code-Base\Al-HissN\feature\feature-accessibility\build\intermediates\runtime_library_classes_dir\debug\bundleLibRuntimeToDirDebug as it is up-to-date.
DexingOutputSplitTransform (Thread[#81,Execution worker Thread 11,5,main]) started.

> Task :feature:feature-profile:bundleLibRuntimeToJarDebug UP-TO-DATE
Caching disabled for task ':feature:feature-profile:bundleLibRuntimeToJarDebug' because:
  Build cache is disabled
  Simple merging task
Skipping task ':feature:feature-profile:bundleLibRuntimeToJarDebug' as it is up-to-date.
work action resolve classes.jar (project :feature:feature-profile) (Thread[#76,Execution worker Thread 6,5,main]) started.
DexingNoClasspathTransform (Thread[#70,included builds,5,main]) started.
AggregatedPackagesTransform (Thread[#76,Execution worker Thread 6,5,main]) started.
Resolve mutations for :feature:feature-accessibility:mergeDebugGeneratedProguardFiles (Thread[#80,Execution worker Thread 10,5,main]) started.
:feature:feature-accessibility:mergeDebugGeneratedProguardFiles (Thread[#80,Execution worker Thread 10,5,main]) started.

> Task :feature:feature-accessibility:mergeDebugGeneratedProguardFiles UP-TO-DATE
Caching disabled for task ':feature:feature-accessibility:mergeDebugGeneratedProguardFiles' because:
  Build cache is disabled
  Simple merging task
Skipping task ':feature:feature-accessibility:mergeDebugGeneratedProguardFiles' as it is up-to-date.
Resolve mutations for :feature:feature-accessibility:mergeDebugConsumerProguardFiles (Thread[#80,Execution worker Thread 10,5,main]) started.
:feature:feature-accessibility:mergeDebugConsumerProguardFiles (Thread[#80,Execution worker Thread 10,5,main]) started.

> Transform bundleLibRuntimeToDirDebug (project :feature:feature-profile) with DexingNoClasspathTransform
Caching disabled for DexingNoClasspathTransform: C:\Users\iamas\Desktop\Code-Base\Al-HissN\feature\feature-profile\build\intermediates\runtime_library_classes_dir\debug\bundleLibRuntimeToDirDebug because:
  Build cache is disabled
Skipping DexingNoClasspathTransform: C:\Users\iamas\Desktop\Code-Base\Al-HissN\feature\feature-profile\build\intermediates\runtime_library_classes_dir\debug\bundleLibRuntimeToDirDebug as it is up-to-date.
DexingOutputSplitTransform (Thread[#70,included builds,5,main]) started.

> Task :feature:feature-accessibility:mergeDebugConsumerProguardFiles UP-TO-DATE
file or directory 'C:\Users\iamas\Desktop\Code-Base\Al-HissN\feature\feature-accessibility\src\main\keepRules', not found
file or directory 'C:\Users\iamas\Desktop\Code-Base\Al-HissN\feature\feature-accessibility\src\debug\keepRules', not found
Caching disabled for task ':feature:feature-accessibility:mergeDebugConsumerProguardFiles' because:
  Build cache is disabled
  Simple merging task
Skipping task ':feature:feature-accessibility:mergeDebugConsumerProguardFiles' as it is up-to-date.
Resolve mutations for :feature:feature-accessibility:mergeDebugJavaResource (Thread[#80,Execution worker Thread 10,5,main]) started.
:feature:feature-accessibility:mergeDebugJavaResource (Thread[#80,Execution worker Thread 10,5,main]) started.

> Task :feature:feature-accessibility:mergeDebugJavaResource UP-TO-DATE
Caching disabled for task ':feature:feature-accessibility:mergeDebugJavaResource' because:
  Build cache is disabled
  Caching has been disabled for the task
Skipping task ':feature:feature-accessibility:mergeDebugJavaResource' as it is up-to-date.
Resolve mutations for :feature:feature-accessibility:syncDebugLibJars (Thread[#80,Execution worker Thread 10,5,main]) started.
:feature:feature-accessibility:syncDebugLibJars (Thread[#80,Execution worker Thread 10,5,main]) started.

> Task :feature:feature-accessibility:syncDebugLibJars UP-TO-DATE
Caching disabled for task ':feature:feature-accessibility:syncDebugLibJars' because:
  Build cache is disabled
Skipping task ':feature:feature-accessibility:syncDebugLibJars' as it is up-to-date.
Resolve mutations for :feature:feature-accessibility:bundleDebugAar (Thread[#80,Execution worker Thread 10,5,main]) started.
:feature:feature-accessibility:bundleDebugAar (Thread[#80,Execution worker Thread 10,5,main]) started.

> Task :feature:feature-accessibility:bundleDebugAar UP-TO-DATE
Caching disabled for task ':feature:feature-accessibility:bundleDebugAar' because:
  Build cache is disabled
  Caching has been disabled for the task
Skipping task ':feature:feature-accessibility:bundleDebugAar' as it is up-to-date.
Resolve mutations for :feature:feature-accessibility:assembleDebug (Thread[#80,Execution worker Thread 10,5,main]) started.
:feature:feature-accessibility:assembleDebug (Thread[#80,Execution worker Thread 10,5,main]) started.

> Task :feature:feature-accessibility:assembleDebug UP-TO-DATE
Skipping task ':feature:feature-accessibility:assembleDebug' as it has no actions.
Resolve mutations for :feature:feature-optimizer:extractDebugAnnotations (Thread[#80,Execution worker Thread 10,5,main]) started.
:feature:feature-optimizer:extractDebugAnnotations (Thread[#80,Execution worker Thread 10,5,main]) started.

> Task :feature:feature-optimizer:extractDebugAnnotations UP-TO-DATE
Caching disabled for task ':feature:feature-optimizer:extractDebugAnnotations' because:
  Build cache is disabled
Skipping task ':feature:feature-optimizer:extractDebugAnnotations' as it is up-to-date.
Resolve mutations for :feature:feature-profile:mergeDebugGeneratedProguardFiles (Thread[#80,Execution worker Thread 10,5,main]) started.
:feature:feature-profile:mergeDebugGeneratedProguardFiles (Thread[#80,Execution worker Thread 10,5,main]) started.

> Task :feature:feature-profile:mergeDebugGeneratedProguardFiles UP-TO-DATE
Caching disabled for task ':feature:feature-profile:mergeDebugGeneratedProguardFiles' because:
  Build cache is disabled
  Simple merging task
Skipping task ':feature:feature-profile:mergeDebugGeneratedProguardFiles' as it is up-to-date.
Resolve mutations for :feature:feature-profile:mergeDebugConsumerProguardFiles (Thread[#80,Execution worker Thread 10,5,main]) started.
:feature:feature-profile:mergeDebugConsumerProguardFiles (Thread[#80,Execution worker Thread 10,5,main]) started.

> Task :feature:feature-profile:mergeDebugConsumerProguardFiles UP-TO-DATE
file or directory 'C:\Users\iamas\Desktop\Code-Base\Al-HissN\feature\feature-profile\src\main\keepRules', not found
file or directory 'C:\Users\iamas\Desktop\Code-Base\Al-HissN\feature\feature-profile\src\debug\keepRules', not found
Caching disabled for task ':feature:feature-profile:mergeDebugConsumerProguardFiles' because:
  Build cache is disabled
  Simple merging task
Skipping task ':feature:feature-profile:mergeDebugConsumerProguardFiles' as it is up-to-date.
Resolve mutations for :feature:feature-profile:mergeDebugJavaResource (Thread[#80,Execution worker Thread 10,5,main]) started.
:feature:feature-profile:mergeDebugJavaResource (Thread[#80,Execution worker Thread 10,5,main]) started.

> Task :feature:feature-profile:mergeDebugJavaResource UP-TO-DATE
Caching disabled for task ':feature:feature-profile:mergeDebugJavaResource' because:
  Build cache is disabled
  Caching has been disabled for the task
Skipping task ':feature:feature-profile:mergeDebugJavaResource' as it is up-to-date.
Resolve mutations for :feature:feature-profile:syncDebugLibJars (Thread[#80,Execution worker Thread 10,5,main]) started.
:feature:feature-profile:syncDebugLibJars (Thread[#80,Execution worker Thread 10,5,main]) started.

> Task :feature:feature-profile:syncDebugLibJars UP-TO-DATE
Caching disabled for task ':feature:feature-profile:syncDebugLibJars' because:
  Build cache is disabled
Skipping task ':feature:feature-profile:syncDebugLibJars' as it is up-to-date.
Resolve mutations for :feature:feature-profile:bundleDebugAar (Thread[#80,Execution worker Thread 10,5,main]) started.
:feature:feature-profile:bundleDebugAar (Thread[#80,Execution worker Thread 10,5,main]) started.

> Task :feature:feature-profile:bundleDebugAar UP-TO-DATE
Caching disabled for task ':feature:feature-profile:bundleDebugAar' because:
  Build cache is disabled
  Caching has been disabled for the task
Skipping task ':feature:feature-profile:bundleDebugAar' as it is up-to-date.
Resolve mutations for :feature:feature-profile:assembleDebug (Thread[#80,Execution worker Thread 10,5,main]) started.
:feature:feature-profile:assembleDebug (Thread[#80,Execution worker Thread 10,5,main]) started.

> Task :feature:feature-profile:assembleDebug UP-TO-DATE
Skipping task ':feature:feature-profile:assembleDebug' as it has no actions.
Resolve mutations for :feature:feature-sync:compileDebugKotlin (Thread[#73,Execution worker Thread 3,5,main]) started.
:feature:feature-sync:compileDebugKotlin (Thread[#73,Execution worker Thread 3,5,main]) started.

> Task :feature:feature-sync:compileDebugKotlin UP-TO-DATE
file or directory 'C:\Users\iamas\Desktop\Code-Base\Al-HissN\feature\feature-sync\src\main\kotlin', not found
file or directory 'C:\Users\iamas\Desktop\Code-Base\Al-HissN\feature\feature-sync\src\debug\java', not found
file or directory 'C:\Users\iamas\Desktop\Code-Base\Al-HissN\feature\feature-sync\src\debug\kotlin', not found
file or directory 'C:\Users\iamas\Desktop\Code-Base\Al-HissN\feature\feature-sync\src\debug\java', not found
file or directory 'C:\Users\iamas\Desktop\Code-Base\Al-HissN\feature\feature-sync\src\main\kotlin', not found
file or directory 'C:\Users\iamas\Desktop\Code-Base\Al-HissN\feature\feature-sync\src\debug\java', not found
file or directory 'C:\Users\iamas\Desktop\Code-Base\Al-HissN\feature\feature-sync\src\debug\kotlin', not found
file or directory 'C:\Users\iamas\Desktop\Code-Base\Al-HissN\feature\feature-sync\src\debug\java', not found
file or directory 'C:\Users\iamas\Desktop\Code-Base\Al-HissN\feature\feature-sync\src\main\kotlin', not found
file or directory 'C:\Users\iamas\Desktop\Code-Base\Al-HissN\feature\feature-sync\src\debug\java', not found
file or directory 'C:\Users\iamas\Desktop\Code-Base\Al-HissN\feature\feature-sync\src\debug\kotlin', not found
file or directory 'C:\Users\iamas\Desktop\Code-Base\Al-HissN\feature\feature-sync\src\debug\java', not found
Custom actions are attached to task ':feature:feature-sync:compileDebugKotlin'.
Caching disabled for task ':feature:feature-sync:compileDebugKotlin' because:
  Build cache is disabled
Skipping task ':feature:feature-sync:compileDebugKotlin' as it is up-to-date.
Resolve mutations for :feature:feature-sync:compileDebugJavaWithJavac (Thread[#73,Execution worker Thread 3,5,main]) started.
:feature:feature-sync:compileDebugJavaWithJavac (Thread[#73,Execution worker Thread 3,5,main]) started.

> Task :feature:feature-sync:compileDebugJavaWithJavac UP-TO-DATE
Custom actions are attached to task ':feature:feature-sync:compileDebugJavaWithJavac'.
Caching disabled for task ':feature:feature-sync:compileDebugJavaWithJavac' because:
  Build cache is disabled
Skipping task ':feature:feature-sync:compileDebugJavaWithJavac' as it is up-to-date.
No compile result for :feature:feature-sync:compileDebugJavaWithJavac
Resolve mutations for :feature:feature-sync:transformDebugClassesWithAsm (Thread[#73,Execution worker Thread 3,5,main]) started.
:feature:feature-sync:transformDebugClassesWithAsm (Thread[#73,Execution worker Thread 3,5,main]) started.

> Task :feature:feature-sync:transformDebugClassesWithAsm UP-TO-DATE
Caching disabled for task ':feature:feature-sync:transformDebugClassesWithAsm' because:
  Build cache is disabled
Skipping task ':feature:feature-sync:transformDebugClassesWithAsm' as it is up-to-date.
Resolve mutations for :feature:feature-sync:bundleLibCompileToJarDebug (Thread[#73,Execution worker Thread 3,5,main]) started.
:feature:feature-sync:bundleLibCompileToJarDebug (Thread[#73,Execution worker Thread 3,5,main]) started.

> Task :feature:feature-sync:bundleLibCompileToJarDebug UP-TO-DATE
Caching disabled for task ':feature:feature-sync:bundleLibCompileToJarDebug' because:
  Build cache is disabled
  Simple merging task
Skipping task ':feature:feature-sync:bundleLibCompileToJarDebug' as it is up-to-date.
work action resolve classes.jar (project :feature:feature-sync) (Thread[#73,Execution worker Thread 3,5,main]) started.
Resolve mutations for :feature:feature-sync:processDebugJavaRes (Thread[#73,Execution worker Thread 3,5,main]) started.
:feature:feature-sync:processDebugJavaRes (Thread[#73,Execution worker Thread 3,5,main]) started.
AggregatedPackagesTransform (Thread[#80,Execution worker Thread 10,5,main]) started.

> Task :feature:feature-sync:processDebugJavaRes UP-TO-DATE
file or directory 'C:\Users\iamas\Desktop\Code-Base\Al-HissN\feature\feature-sync\src\main\resources', not found
file or directory 'C:\Users\iamas\Desktop\Code-Base\Al-HissN\feature\feature-sync\src\debug\resources', not found
Caching disabled for task ':feature:feature-sync:processDebugJavaRes' because:
  Build cache is disabled
  Caching has been disabled for the task
Skipping task ':feature:feature-sync:processDebugJavaRes' as it is up-to-date.
work action resolve out (project :feature:feature-sync) (Thread[#73,Execution worker Thread 3,5,main]) started.
Resolve mutations for :feature:feature-sync:bundleLibRuntimeToDirDebug (Thread[#73,Execution worker Thread 3,5,main]) started.
:feature:feature-sync:bundleLibRuntimeToDirDebug (Thread[#73,Execution worker Thread 3,5,main]) started.

> Task :feature:feature-sync:bundleLibRuntimeToDirDebug UP-TO-DATE
Caching disabled for task ':feature:feature-sync:bundleLibRuntimeToDirDebug' because:
  Build cache is disabled
  Simple merging task
Skipping task ':feature:feature-sync:bundleLibRuntimeToDirDebug' as it is up-to-date.
work action resolve bundleLibRuntimeToDirDebug (project :feature:feature-sync) (Thread[#73,Execution worker Thread 3,5,main]) started.
ClassesDirToClassesTransform (Thread[#73,Execution worker Thread 3,5,main]) started.
Resolve mutations for :feature:feature-sync:bundleLibRuntimeToJarDebug (Thread[#81,Execution worker Thread 11,5,main]) started.
:feature:feature-sync:bundleLibRuntimeToJarDebug (Thread[#81,Execution worker Thread 11,5,main]) started.
DexingNoClasspathTransform (Thread[#73,Execution worker Thread 3,5,main]) started.

> Task :feature:feature-sync:bundleLibRuntimeToJarDebug UP-TO-DATE
Caching disabled for task ':feature:feature-sync:bundleLibRuntimeToJarDebug' because:
  Build cache is disabled
  Simple merging task
Skipping task ':feature:feature-sync:bundleLibRuntimeToJarDebug' as it is up-to-date.
work action resolve classes.jar (project :feature:feature-sync) (Thread[#81,Execution worker Thread 11,5,main]) started.
AggregatedPackagesTransform (Thread[#81,Execution worker Thread 11,5,main]) started.
Resolve mutations for :feature:feature-sync:mergeDebugGeneratedProguardFiles (Thread[#80,Execution worker Thread 10,5,main]) started.
:feature:feature-sync:mergeDebugGeneratedProguardFiles (Thread[#80,Execution worker Thread 10,5,main]) started.

> Transform bundleLibRuntimeToDirDebug (project :feature:feature-sync) with DexingNoClasspathTransform
Caching disabled for DexingNoClasspathTransform: C:\Users\iamas\Desktop\Code-Base\Al-HissN\feature\feature-sync\build\intermediates\runtime_library_classes_dir\debug\bundleLibRuntimeToDirDebug because:
  Build cache is disabled
Skipping DexingNoClasspathTransform: C:\Users\iamas\Desktop\Code-Base\Al-HissN\feature\feature-sync\build\intermediates\runtime_library_classes_dir\debug\bundleLibRuntimeToDirDebug as it is up-to-date.
DexingOutputSplitTransform (Thread[#73,Execution worker Thread 3,5,main]) started.

> Task :feature:feature-sync:mergeDebugGeneratedProguardFiles UP-TO-DATE
Caching disabled for task ':feature:feature-sync:mergeDebugGeneratedProguardFiles' because:
  Build cache is disabled
  Simple merging task
Skipping task ':feature:feature-sync:mergeDebugGeneratedProguardFiles' as it is up-to-date.
Resolve mutations for :feature:feature-sync:mergeDebugConsumerProguardFiles (Thread[#80,Execution worker Thread 10,5,main]) started.
:feature:feature-sync:mergeDebugConsumerProguardFiles (Thread[#80,Execution worker Thread 10,5,main]) started.

> Task :feature:feature-sync:mergeDebugConsumerProguardFiles UP-TO-DATE
file or directory 'C:\Users\iamas\Desktop\Code-Base\Al-HissN\feature\feature-sync\src\main\keepRules', not found
file or directory 'C:\Users\iamas\Desktop\Code-Base\Al-HissN\feature\feature-sync\src\debug\keepRules', not found
Caching disabled for task ':feature:feature-sync:mergeDebugConsumerProguardFiles' because:
  Build cache is disabled
  Simple merging task
Skipping task ':feature:feature-sync:mergeDebugConsumerProguardFiles' as it is up-to-date.
Resolve mutations for :feature:feature-sync:mergeDebugJavaResource (Thread[#80,Execution worker Thread 10,5,main]) started.
:feature:feature-sync:mergeDebugJavaResource (Thread[#80,Execution worker Thread 10,5,main]) started.

> Task :feature:feature-sync:mergeDebugJavaResource UP-TO-DATE
Caching disabled for task ':feature:feature-sync:mergeDebugJavaResource' because:
  Build cache is disabled
  Caching has been disabled for the task
Skipping task ':feature:feature-sync:mergeDebugJavaResource' as it is up-to-date.
Resolve mutations for :feature:feature-sync:syncDebugLibJars (Thread[#80,Execution worker Thread 10,5,main]) started.
:feature:feature-sync:syncDebugLibJars (Thread[#80,Execution worker Thread 10,5,main]) started.

> Task :feature:feature-sync:syncDebugLibJars UP-TO-DATE
Caching disabled for task ':feature:feature-sync:syncDebugLibJars' because:
  Build cache is disabled
Skipping task ':feature:feature-sync:syncDebugLibJars' as it is up-to-date.
Resolve mutations for :feature:feature-sync:bundleDebugAar (Thread[#80,Execution worker Thread 10,5,main]) started.
:feature:feature-sync:bundleDebugAar (Thread[#80,Execution worker Thread 10,5,main]) started.

> Task :feature:feature-sync:bundleDebugAar UP-TO-DATE
Caching disabled for task ':feature:feature-sync:bundleDebugAar' because:
  Build cache is disabled
  Caching has been disabled for the task
Skipping task ':feature:feature-sync:bundleDebugAar' as it is up-to-date.
Resolve mutations for :feature:feature-sync:assembleDebug (Thread[#80,Execution worker Thread 10,5,main]) started.
:feature:feature-sync:assembleDebug (Thread[#80,Execution worker Thread 10,5,main]) started.

> Task :feature:feature-sync:assembleDebug UP-TO-DATE
Skipping task ':feature:feature-sync:assembleDebug' as it has no actions.
Resolve mutations for :feature:feature-network:compileDebugKotlin (Thread[#75,Execution worker Thread 5,5,main]) started.
:feature:feature-network:compileDebugKotlin (Thread[#75,Execution worker Thread 5,5,main]) started.

> Task :feature:feature-network:compileDebugKotlin UP-TO-DATE
file or directory 'C:\Users\iamas\Desktop\Code-Base\Al-HissN\feature\feature-network\src\main\kotlin', not found
file or directory 'C:\Users\iamas\Desktop\Code-Base\Al-HissN\feature\feature-network\src\debug\java', not found
file or directory 'C:\Users\iamas\Desktop\Code-Base\Al-HissN\feature\feature-network\src\debug\kotlin', not found
file or directory 'C:\Users\iamas\Desktop\Code-Base\Al-HissN\feature\feature-network\src\debug\java', not found
file or directory 'C:\Users\iamas\Desktop\Code-Base\Al-HissN\feature\feature-network\src\main\kotlin', not found
file or directory 'C:\Users\iamas\Desktop\Code-Base\Al-HissN\feature\feature-network\src\debug\java', not found
file or directory 'C:\Users\iamas\Desktop\Code-Base\Al-HissN\feature\feature-network\src\debug\kotlin', not found
file or directory 'C:\Users\iamas\Desktop\Code-Base\Al-HissN\feature\feature-network\src\debug\java', not found
file or directory 'C:\Users\iamas\Desktop\Code-Base\Al-HissN\feature\feature-network\src\main\kotlin', not found
file or directory 'C:\Users\iamas\Desktop\Code-Base\Al-HissN\feature\feature-network\src\debug\java', not found
file or directory 'C:\Users\iamas\Desktop\Code-Base\Al-HissN\feature\feature-network\src\debug\kotlin', not found
file or directory 'C:\Users\iamas\Desktop\Code-Base\Al-HissN\feature\feature-network\src\debug\java', not found
Custom actions are attached to task ':feature:feature-network:compileDebugKotlin'.
Caching disabled for task ':feature:feature-network:compileDebugKotlin' because:
  Build cache is disabled
Skipping task ':feature:feature-network:compileDebugKotlin' as it is up-to-date.
Resolve mutations for :feature:feature-network:compileDebugJavaWithJavac (Thread[#75,Execution worker Thread 5,5,main]) started.
:feature:feature-network:compileDebugJavaWithJavac (Thread[#75,Execution worker Thread 5,5,main]) started.

> Task :feature:feature-network:compileDebugJavaWithJavac UP-TO-DATE
Custom actions are attached to task ':feature:feature-network:compileDebugJavaWithJavac'.
Caching disabled for task ':feature:feature-network:compileDebugJavaWithJavac' because:
  Build cache is disabled
Skipping task ':feature:feature-network:compileDebugJavaWithJavac' as it is up-to-date.
No compile result for :feature:feature-network:compileDebugJavaWithJavac
Resolve mutations for :feature:feature-network:transformDebugClassesWithAsm (Thread[#75,Execution worker Thread 5,5,main]) started.
:feature:feature-network:transformDebugClassesWithAsm (Thread[#75,Execution worker Thread 5,5,main]) started.

> Task :feature:feature-network:transformDebugClassesWithAsm UP-TO-DATE
Caching disabled for task ':feature:feature-network:transformDebugClassesWithAsm' because:
  Build cache is disabled
Skipping task ':feature:feature-network:transformDebugClassesWithAsm' as it is up-to-date.
Resolve mutations for :feature:feature-network:bundleLibCompileToJarDebug (Thread[#75,Execution worker Thread 5,5,main]) started.
:feature:feature-network:bundleLibCompileToJarDebug (Thread[#75,Execution worker Thread 5,5,main]) started.

> Task :feature:feature-network:bundleLibCompileToJarDebug UP-TO-DATE
Caching disabled for task ':feature:feature-network:bundleLibCompileToJarDebug' because:
  Build cache is disabled
  Simple merging task
Skipping task ':feature:feature-network:bundleLibCompileToJarDebug' as it is up-to-date.
work action resolve classes.jar (project :feature:feature-network) (Thread[#75,Execution worker Thread 5,5,main]) started.
Resolve mutations for :feature:feature-network:processDebugJavaRes (Thread[#75,Execution worker Thread 5,5,main]) started.
AggregatedPackagesTransform (Thread[#80,Execution worker Thread 10,5,main]) started.
:feature:feature-network:processDebugJavaRes (Thread[#75,Execution worker Thread 5,5,main]) started.

> Task :feature:feature-network:processDebugJavaRes UP-TO-DATE
file or directory 'C:\Users\iamas\Desktop\Code-Base\Al-HissN\feature\feature-network\src\main\resources', not found
file or directory 'C:\Users\iamas\Desktop\Code-Base\Al-HissN\feature\feature-network\src\debug\resources', not found
Caching disabled for task ':feature:feature-network:processDebugJavaRes' because:
  Build cache is disabled
  Caching has been disabled for the task
Skipping task ':feature:feature-network:processDebugJavaRes' as it is up-to-date.
work action resolve out (project :feature:feature-network) (Thread[#75,Execution worker Thread 5,5,main]) started.
Resolve mutations for :feature:feature-network:bundleLibRuntimeToDirDebug (Thread[#75,Execution worker Thread 5,5,main]) started.
:feature:feature-network:bundleLibRuntimeToDirDebug (Thread[#75,Execution worker Thread 5,5,main]) started.

> Task :feature:feature-network:bundleLibRuntimeToDirDebug UP-TO-DATE
Caching disabled for task ':feature:feature-network:bundleLibRuntimeToDirDebug' because:
  Build cache is disabled
  Simple merging task
Skipping task ':feature:feature-network:bundleLibRuntimeToDirDebug' as it is up-to-date.
work action resolve bundleLibRuntimeToDirDebug (project :feature:feature-network) (Thread[#75,Execution worker Thread 5,5,main]) started.
ClassesDirToClassesTransform (Thread[#75,Execution worker Thread 5,5,main]) started.
Resolve mutations for :feature:feature-network:bundleLibRuntimeToJarDebug (Thread[#80,Execution worker Thread 10,5,main]) started.
:feature:feature-network:bundleLibRuntimeToJarDebug (Thread[#80,Execution worker Thread 10,5,main]) started.
DexingNoClasspathTransform (Thread[#75,Execution worker Thread 5,5,main]) started.

> Task :feature:feature-network:bundleLibRuntimeToJarDebug UP-TO-DATE
Caching disabled for task ':feature:feature-network:bundleLibRuntimeToJarDebug' because:
  Build cache is disabled
  Simple merging task
Skipping task ':feature:feature-network:bundleLibRuntimeToJarDebug' as it is up-to-date.
work action resolve classes.jar (project :feature:feature-network) (Thread[#80,Execution worker Thread 10,5,main]) started.
AggregatedPackagesTransform (Thread[#72,Execution worker Thread 2,5,main]) started.
Resolve mutations for :feature:feature-network:mergeDebugGeneratedProguardFiles (Thread[#80,Execution worker Thread 10,5,main]) started.
:feature:feature-network:mergeDebugGeneratedProguardFiles (Thread[#80,Execution worker Thread 10,5,main]) started.

> Task :feature:feature-network:mergeDebugGeneratedProguardFiles UP-TO-DATE
Caching disabled for task ':feature:feature-network:mergeDebugGeneratedProguardFiles' because:
  Build cache is disabled
  Simple merging task
Skipping task ':feature:feature-network:mergeDebugGeneratedProguardFiles' as it is up-to-date.
Resolve mutations for :feature:feature-network:mergeDebugConsumerProguardFiles (Thread[#80,Execution worker Thread 10,5,main]) started.
:feature:feature-network:mergeDebugConsumerProguardFiles (Thread[#80,Execution worker Thread 10,5,main]) started.

> Task :feature:feature-network:mergeDebugConsumerProguardFiles UP-TO-DATE
file or directory 'C:\Users\iamas\Desktop\Code-Base\Al-HissN\feature\feature-network\src\main\keepRules', not found
file or directory 'C:\Users\iamas\Desktop\Code-Base\Al-HissN\feature\feature-network\src\debug\keepRules', not found
Caching disabled for task ':feature:feature-network:mergeDebugConsumerProguardFiles' because:
  Build cache is disabled
  Simple merging task
Skipping task ':feature:feature-network:mergeDebugConsumerProguardFiles' as it is up-to-date.
Resolve mutations for :feature:feature-network:mergeDebugJavaResource (Thread[#80,Execution worker Thread 10,5,main]) started.
:feature:feature-network:mergeDebugJavaResource (Thread[#80,Execution worker Thread 10,5,main]) started.

> Transform bundleLibRuntimeToDirDebug (project :feature:feature-network) with DexingNoClasspathTransform
Caching disabled for DexingNoClasspathTransform: C:\Users\iamas\Desktop\Code-Base\Al-HissN\feature\feature-network\build\intermediates\runtime_library_classes_dir\debug\bundleLibRuntimeToDirDebug because:
  Build cache is disabled
Skipping DexingNoClasspathTransform: C:\Users\iamas\Desktop\Code-Base\Al-HissN\feature\feature-network\build\intermediates\runtime_library_classes_dir\debug\bundleLibRuntimeToDirDebug as it is up-to-date.
DexingOutputSplitTransform (Thread[#75,Execution worker Thread 5,5,main]) started.

> Task :feature:feature-network:mergeDebugJavaResource UP-TO-DATE
Caching disabled for task ':feature:feature-network:mergeDebugJavaResource' because:
  Build cache is disabled
  Caching has been disabled for the task
Skipping task ':feature:feature-network:mergeDebugJavaResource' as it is up-to-date.
Resolve mutations for :feature:feature-network:syncDebugLibJars (Thread[#80,Execution worker Thread 10,5,main]) started.
:feature:feature-network:syncDebugLibJars (Thread[#80,Execution worker Thread 10,5,main]) started.

> Task :feature:feature-network:syncDebugLibJars UP-TO-DATE
Caching disabled for task ':feature:feature-network:syncDebugLibJars' because:
  Build cache is disabled
Skipping task ':feature:feature-network:syncDebugLibJars' as it is up-to-date.
Resolve mutations for :feature:feature-network:bundleDebugAar (Thread[#80,Execution worker Thread 10,5,main]) started.
:feature:feature-network:bundleDebugAar (Thread[#80,Execution worker Thread 10,5,main]) started.

> Task :feature:feature-network:bundleDebugAar UP-TO-DATE
Caching disabled for task ':feature:feature-network:bundleDebugAar' because:
  Build cache is disabled
  Caching has been disabled for the task
Skipping task ':feature:feature-network:bundleDebugAar' as it is up-to-date.
Resolve mutations for :feature:feature-network:assembleDebug (Thread[#80,Execution worker Thread 10,5,main]) started.
:feature:feature-network:assembleDebug (Thread[#80,Execution worker Thread 10,5,main]) started.

> Task :feature:feature-network:assembleDebug UP-TO-DATE
Skipping task ':feature:feature-network:assembleDebug' as it has no actions.

> Task :feature:feature-optimizer:kspDebugKotlin
Caching disabled for task ':feature:feature-optimizer:kspDebugKotlin' because:
  Build cache is disabled
Task ':feature:feature-optimizer:kspDebugKotlin' is not up-to-date because:
  Value of input property 'kspConfig.logLevel' has changed for task ':feature:feature-optimizer:kspDebugKotlin'
The input changes require a full rebuild for incremental task ':feature:feature-optimizer:kspDebugKotlin'.
file or directory 'C:\Users\iamas\Desktop\Code-Base\Al-HissN\feature\feature-optimizer\src\main\kotlin', not found
file or directory 'C:\Users\iamas\Desktop\Code-Base\Al-HissN\feature\feature-optimizer\src\debug\java', not found
file or directory 'C:\Users\iamas\Desktop\Code-Base\Al-HissN\feature\feature-optimizer\src\debug\kotlin', not found
file or directory 'C:\Users\iamas\Desktop\Code-Base\Al-HissN\feature\feature-optimizer\src\main\kotlin', not found
file or directory 'C:\Users\iamas\Desktop\Code-Base\Al-HissN\feature\feature-optimizer\src\debug\java', not found
file or directory 'C:\Users\iamas\Desktop\Code-Base\Al-HissN\feature\feature-optimizer\src\debug\kotlin', not found
i: [ksp] loaded provider(s): [dagger.hilt.processor.internal.uninstallmodules.KspUninstallModulesProcessor$Provider, dagger.hilt.android.processor.internal.viewmodel.KspViewModelProcessor$Provider, dagger.hilt.processor.internal.earlyentrypoint.KspEarlyEntryPointProcessor$Provider, dagger.hilt.android.processor.internal.androidentrypoint.KspAndroidEntryPointProcessor$Provider, dagger.hilt.processor.internal.definecomponent.KspDefineComponentProcessor$Provider, dagger.hilt.processor.internal.originatingelement.KspOriginatingElementProcessor$Provider, dagger.hilt.android.processor.internal.bindvalue.KspBindValueProcessor$Provider, dagger.hilt.processor.internal.root.KspComponentTreeDepsProcessor$Provider, dagger.hilt.processor.internal.root.KspRootProcessor$Provider, dagger.hilt.processor.internal.aliasof.KspAliasOfProcessor$Provider, dagger.hilt.processor.internal.aggregateddeps.KspAggregatedDepsProcessor$Provider, dagger.hilt.processor.internal.generatesrootinput.KspGeneratesRootInputProcessor$Provider, dagger.hilt.android.processor.internal.customtestapplication.KspCustomTestApplicationProcessor$Provider, dagger.internal.codegen.KspComponentProcessor$Provider]

Resolve mutations for :feature:feature-storage:compileDebugKotlin (Thread[#77,Execution worker Thread 7,5,main]) started.
:feature:feature-storage:compileDebugKotlin (Thread[#77,Execution worker Thread 7,5,main]) started.

> Task :feature:feature-storage:compileDebugKotlin UP-TO-DATE
file or directory 'C:\Users\iamas\Desktop\Code-Base\Al-HissN\feature\feature-storage\src\main\kotlin', not found
file or directory 'C:\Users\iamas\Desktop\Code-Base\Al-HissN\feature\feature-storage\src\debug\java', not found
file or directory 'C:\Users\iamas\Desktop\Code-Base\Al-HissN\feature\feature-storage\src\debug\kotlin', not found
file or directory 'C:\Users\iamas\Desktop\Code-Base\Al-HissN\feature\feature-storage\src\debug\java', not found
file or directory 'C:\Users\iamas\Desktop\Code-Base\Al-HissN\feature\feature-storage\src\main\kotlin', not found
file or directory 'C:\Users\iamas\Desktop\Code-Base\Al-HissN\feature\feature-storage\src\debug\java', not found
file or directory 'C:\Users\iamas\Desktop\Code-Base\Al-HissN\feature\feature-storage\src\debug\kotlin', not found
file or directory 'C:\Users\iamas\Desktop\Code-Base\Al-HissN\feature\feature-storage\src\debug\java', not found
file or directory 'C:\Users\iamas\Desktop\Code-Base\Al-HissN\feature\feature-storage\src\main\kotlin', not found
file or directory 'C:\Users\iamas\Desktop\Code-Base\Al-HissN\feature\feature-storage\src\debug\java', not found
file or directory 'C:\Users\iamas\Desktop\Code-Base\Al-HissN\feature\feature-storage\src\debug\kotlin', not found
file or directory 'C:\Users\iamas\Desktop\Code-Base\Al-HissN\feature\feature-storage\src\debug\java', not found
Custom actions are attached to task ':feature:feature-storage:compileDebugKotlin'.
Caching disabled for task ':feature:feature-storage:compileDebugKotlin' because:
  Build cache is disabled
Skipping task ':feature:feature-storage:compileDebugKotlin' as it is up-to-date.
Resolve mutations for :feature:feature-storage:compileDebugJavaWithJavac (Thread[#77,Execution worker Thread 7,5,main]) started.
:feature:feature-storage:compileDebugJavaWithJavac (Thread[#77,Execution worker Thread 7,5,main]) started.

> Task :feature:feature-storage:compileDebugJavaWithJavac UP-TO-DATE
Custom actions are attached to task ':feature:feature-storage:compileDebugJavaWithJavac'.
Caching disabled for task ':feature:feature-storage:compileDebugJavaWithJavac' because:
  Build cache is disabled
Skipping task ':feature:feature-storage:compileDebugJavaWithJavac' as it is up-to-date.
No compile result for :feature:feature-storage:compileDebugJavaWithJavac
Resolve mutations for :feature:feature-storage:transformDebugClassesWithAsm (Thread[#77,Execution worker Thread 7,5,main]) started.
:feature:feature-storage:transformDebugClassesWithAsm (Thread[#77,Execution worker Thread 7,5,main]) started.

> Task :feature:feature-storage:transformDebugClassesWithAsm UP-TO-DATE
Caching disabled for task ':feature:feature-storage:transformDebugClassesWithAsm' because:
  Build cache is disabled
Skipping task ':feature:feature-storage:transformDebugClassesWithAsm' as it is up-to-date.
Resolve mutations for :feature:feature-storage:bundleLibCompileToJarDebug (Thread[#77,Execution worker Thread 7,5,main]) started.
:feature:feature-storage:bundleLibCompileToJarDebug (Thread[#77,Execution worker Thread 7,5,main]) started.

> Task :feature:feature-storage:bundleLibCompileToJarDebug UP-TO-DATE
Caching disabled for task ':feature:feature-storage:bundleLibCompileToJarDebug' because:
  Build cache is disabled
  Simple merging task
Skipping task ':feature:feature-storage:bundleLibCompileToJarDebug' as it is up-to-date.
work action resolve classes.jar (project :feature:feature-storage) (Thread[#77,Execution worker Thread 7,5,main]) started.
Resolve mutations for :feature:feature-storage:processDebugJavaRes (Thread[#77,Execution worker Thread 7,5,main]) started.
AggregatedPackagesTransform (Thread[#79,Execution worker Thread 9,5,main]) started.
:feature:feature-storage:processDebugJavaRes (Thread[#77,Execution worker Thread 7,5,main]) started.

> Task :feature:feature-storage:processDebugJavaRes UP-TO-DATE
file or directory 'C:\Users\iamas\Desktop\Code-Base\Al-HissN\feature\feature-storage\src\main\resources', not found
file or directory 'C:\Users\iamas\Desktop\Code-Base\Al-HissN\feature\feature-storage\src\debug\resources', not found
Caching disabled for task ':feature:feature-storage:processDebugJavaRes' because:
  Build cache is disabled
  Caching has been disabled for the task
Skipping task ':feature:feature-storage:processDebugJavaRes' as it is up-to-date.
work action resolve out (project :feature:feature-storage) (Thread[#77,Execution worker Thread 7,5,main]) started.
Resolve mutations for :feature:feature-storage:bundleLibRuntimeToDirDebug (Thread[#77,Execution worker Thread 7,5,main]) started.
:feature:feature-storage:bundleLibRuntimeToDirDebug (Thread[#77,Execution worker Thread 7,5,main]) started.

> Task :feature:feature-storage:bundleLibRuntimeToDirDebug UP-TO-DATE
Caching disabled for task ':feature:feature-storage:bundleLibRuntimeToDirDebug' because:
  Build cache is disabled
  Simple merging task
Skipping task ':feature:feature-storage:bundleLibRuntimeToDirDebug' as it is up-to-date.
work action resolve bundleLibRuntimeToDirDebug (project :feature:feature-storage) (Thread[#77,Execution worker Thread 7,5,main]) started.
ClassesDirToClassesTransform (Thread[#77,Execution worker Thread 7,5,main]) started.
Resolve mutations for :feature:feature-storage:bundleLibRuntimeToJarDebug (Thread[#73,Execution worker Thread 3,5,main]) started.
:feature:feature-storage:bundleLibRuntimeToJarDebug (Thread[#73,Execution worker Thread 3,5,main]) started.
DexingNoClasspathTransform (Thread[#77,Execution worker Thread 7,5,main]) started.

> Task :feature:feature-storage:bundleLibRuntimeToJarDebug UP-TO-DATE
Caching disabled for task ':feature:feature-storage:bundleLibRuntimeToJarDebug' because:
  Build cache is disabled
  Simple merging task
Skipping task ':feature:feature-storage:bundleLibRuntimeToJarDebug' as it is up-to-date.
work action resolve classes.jar (project :feature:feature-storage) (Thread[#73,Execution worker Thread 3,5,main]) started.
AggregatedPackagesTransform (Thread[#73,Execution worker Thread 3,5,main]) started.
Resolve mutations for :feature:feature-storage:mergeDebugGeneratedProguardFiles (Thread[#75,Execution worker Thread 5,5,main]) started.
:feature:feature-storage:mergeDebugGeneratedProguardFiles (Thread[#75,Execution worker Thread 5,5,main]) started.

> Task :feature:feature-storage:mergeDebugGeneratedProguardFiles UP-TO-DATE
Caching disabled for task ':feature:feature-storage:mergeDebugGeneratedProguardFiles' because:
  Build cache is disabled
  Simple merging task
Skipping task ':feature:feature-storage:mergeDebugGeneratedProguardFiles' as it is up-to-date.
Resolve mutations for :feature:feature-storage:mergeDebugConsumerProguardFiles (Thread[#75,Execution worker Thread 5,5,main]) started.
:feature:feature-storage:mergeDebugConsumerProguardFiles (Thread[#76,Execution worker Thread 6,5,main]) started.

> Transform bundleLibRuntimeToDirDebug (project :feature:feature-storage) with DexingNoClasspathTransform
Caching disabled for DexingNoClasspathTransform: C:\Users\iamas\Desktop\Code-Base\Al-HissN\feature\feature-storage\build\intermediates\runtime_library_classes_dir\debug\bundleLibRuntimeToDirDebug because:
  Build cache is disabled
Skipping DexingNoClasspathTransform: C:\Users\iamas\Desktop\Code-Base\Al-HissN\feature\feature-storage\build\intermediates\runtime_library_classes_dir\debug\bundleLibRuntimeToDirDebug as it is up-to-date.
DexingOutputSplitTransform (Thread[#77,Execution worker Thread 7,5,main]) started.

> Task :feature:feature-storage:mergeDebugConsumerProguardFiles UP-TO-DATE
file or directory 'C:\Users\iamas\Desktop\Code-Base\Al-HissN\feature\feature-storage\src\main\keepRules', not found
file or directory 'C:\Users\iamas\Desktop\Code-Base\Al-HissN\feature\feature-storage\src\debug\keepRules', not found
Caching disabled for task ':feature:feature-storage:mergeDebugConsumerProguardFiles' because:
  Build cache is disabled
  Simple merging task
Skipping task ':feature:feature-storage:mergeDebugConsumerProguardFiles' as it is up-to-date.
Resolve mutations for :feature:feature-storage:mergeDebugJavaResource (Thread[#76,Execution worker Thread 6,5,main]) started.
:feature:feature-storage:mergeDebugJavaResource (Thread[#76,Execution worker Thread 6,5,main]) started.

> Task :feature:feature-storage:mergeDebugJavaResource UP-TO-DATE
Caching disabled for task ':feature:feature-storage:mergeDebugJavaResource' because:
  Build cache is disabled
  Caching has been disabled for the task
Skipping task ':feature:feature-storage:mergeDebugJavaResource' as it is up-to-date.
Resolve mutations for :feature:feature-storage:syncDebugLibJars (Thread[#76,Execution worker Thread 6,5,main]) started.
:feature:feature-storage:syncDebugLibJars (Thread[#76,Execution worker Thread 6,5,main]) started.

> Task :feature:feature-storage:syncDebugLibJars UP-TO-DATE
Caching disabled for task ':feature:feature-storage:syncDebugLibJars' because:
  Build cache is disabled
Skipping task ':feature:feature-storage:syncDebugLibJars' as it is up-to-date.
Resolve mutations for :feature:feature-storage:bundleDebugAar (Thread[#76,Execution worker Thread 6,5,main]) started.
:feature:feature-storage:bundleDebugAar (Thread[#76,Execution worker Thread 6,5,main]) started.

> Task :feature:feature-storage:bundleDebugAar UP-TO-DATE
Caching disabled for task ':feature:feature-storage:bundleDebugAar' because:
  Build cache is disabled
  Caching has been disabled for the task
Skipping task ':feature:feature-storage:bundleDebugAar' as it is up-to-date.
Resolve mutations for :feature:feature-storage:assembleDebug (Thread[#76,Execution worker Thread 6,5,main]) started.
:feature:feature-storage:assembleDebug (Thread[#76,Execution worker Thread 6,5,main]) started.

> Task :feature:feature-storage:assembleDebug UP-TO-DATE
Skipping task ':feature:feature-storage:assembleDebug' as it has no actions.
Resolve mutations for :feature:feature-scanner:compileDebugKotlin (Thread[#78,Execution worker Thread 8,5,main]) started.
:feature:feature-scanner:compileDebugKotlin (Thread[#78,Execution worker Thread 8,5,main]) started.

> Task :feature:feature-scanner:compileDebugKotlin UP-TO-DATE
file or directory 'C:\Users\iamas\Desktop\Code-Base\Al-HissN\feature\feature-scanner\src\main\kotlin', not found
file or directory 'C:\Users\iamas\Desktop\Code-Base\Al-HissN\feature\feature-scanner\src\debug\java', not found
file or directory 'C:\Users\iamas\Desktop\Code-Base\Al-HissN\feature\feature-scanner\src\debug\kotlin', not found
file or directory 'C:\Users\iamas\Desktop\Code-Base\Al-HissN\feature\feature-scanner\src\debug\java', not found
file or directory 'C:\Users\iamas\Desktop\Code-Base\Al-HissN\feature\feature-scanner\src\main\kotlin', not found
file or directory 'C:\Users\iamas\Desktop\Code-Base\Al-HissN\feature\feature-scanner\src\debug\java', not found
file or directory 'C:\Users\iamas\Desktop\Code-Base\Al-HissN\feature\feature-scanner\src\debug\kotlin', not found
file or directory 'C:\Users\iamas\Desktop\Code-Base\Al-HissN\feature\feature-scanner\src\debug\java', not found
file or directory 'C:\Users\iamas\Desktop\Code-Base\Al-HissN\feature\feature-scanner\src\main\kotlin', not found
file or directory 'C:\Users\iamas\Desktop\Code-Base\Al-HissN\feature\feature-scanner\src\debug\java', not found
file or directory 'C:\Users\iamas\Desktop\Code-Base\Al-HissN\feature\feature-scanner\src\debug\kotlin', not found
file or directory 'C:\Users\iamas\Desktop\Code-Base\Al-HissN\feature\feature-scanner\src\debug\java', not found
Custom actions are attached to task ':feature:feature-scanner:compileDebugKotlin'.
Caching disabled for task ':feature:feature-scanner:compileDebugKotlin' because:
  Build cache is disabled
Skipping task ':feature:feature-scanner:compileDebugKotlin' as it is up-to-date.
Resolve mutations for :feature:feature-scanner:compileDebugJavaWithJavac (Thread[#78,Execution worker Thread 8,5,main]) started.
:feature:feature-scanner:compileDebugJavaWithJavac (Thread[#78,Execution worker Thread 8,5,main]) started.

> Task :feature:feature-scanner:compileDebugJavaWithJavac UP-TO-DATE
Custom actions are attached to task ':feature:feature-scanner:compileDebugJavaWithJavac'.
Caching disabled for task ':feature:feature-scanner:compileDebugJavaWithJavac' because:
  Build cache is disabled
Skipping task ':feature:feature-scanner:compileDebugJavaWithJavac' as it is up-to-date.
No compile result for :feature:feature-scanner:compileDebugJavaWithJavac
Resolve mutations for :feature:feature-scanner:transformDebugClassesWithAsm (Thread[#78,Execution worker Thread 8,5,main]) started.
:feature:feature-scanner:transformDebugClassesWithAsm (Thread[#78,Execution worker Thread 8,5,main]) started.

> Task :feature:feature-scanner:transformDebugClassesWithAsm UP-TO-DATE
Caching disabled for task ':feature:feature-scanner:transformDebugClassesWithAsm' because:
  Build cache is disabled
Skipping task ':feature:feature-scanner:transformDebugClassesWithAsm' as it is up-to-date.
Resolve mutations for :feature:feature-scanner:bundleLibCompileToJarDebug (Thread[#78,Execution worker Thread 8,5,main]) started.
:feature:feature-scanner:bundleLibCompileToJarDebug (Thread[#78,Execution worker Thread 8,5,main]) started.

> Task :feature:feature-scanner:bundleLibCompileToJarDebug UP-TO-DATE
Caching disabled for task ':feature:feature-scanner:bundleLibCompileToJarDebug' because:
  Build cache is disabled
  Simple merging task
Skipping task ':feature:feature-scanner:bundleLibCompileToJarDebug' as it is up-to-date.
work action resolve classes.jar (project :feature:feature-scanner) (Thread[#78,Execution worker Thread 8,5,main]) started.
Resolve mutations for :feature:feature-scanner:processDebugJavaRes (Thread[#78,Execution worker Thread 8,5,main]) started.
AggregatedPackagesTransform (Thread[#79,Execution worker Thread 9,5,main]) started.
:feature:feature-scanner:processDebugJavaRes (Thread[#78,Execution worker Thread 8,5,main]) started.

> Task :feature:feature-scanner:processDebugJavaRes UP-TO-DATE
file or directory 'C:\Users\iamas\Desktop\Code-Base\Al-HissN\feature\feature-scanner\src\main\resources', not found
file or directory 'C:\Users\iamas\Desktop\Code-Base\Al-HissN\feature\feature-scanner\src\debug\resources', not found
Caching disabled for task ':feature:feature-scanner:processDebugJavaRes' because:
  Build cache is disabled
  Caching has been disabled for the task
Skipping task ':feature:feature-scanner:processDebugJavaRes' as it is up-to-date.
work action resolve out (project :feature:feature-scanner) (Thread[#78,Execution worker Thread 8,5,main]) started.
Resolve mutations for :feature:feature-scanner:bundleLibRuntimeToDirDebug (Thread[#78,Execution worker Thread 8,5,main]) started.
:feature:feature-scanner:bundleLibRuntimeToDirDebug (Thread[#78,Execution worker Thread 8,5,main]) started.

> Task :feature:feature-scanner:bundleLibRuntimeToDirDebug UP-TO-DATE
Caching disabled for task ':feature:feature-scanner:bundleLibRuntimeToDirDebug' because:
  Build cache is disabled
  Simple merging task
Skipping task ':feature:feature-scanner:bundleLibRuntimeToDirDebug' as it is up-to-date.
work action resolve bundleLibRuntimeToDirDebug (project :feature:feature-scanner) (Thread[#78,Execution worker Thread 8,5,main]) started.
ClassesDirToClassesTransform (Thread[#78,Execution worker Thread 8,5,main]) started.
Resolve mutations for :feature:feature-scanner:bundleLibRuntimeToJarDebug (Thread[#79,Execution worker Thread 9,5,main]) started.
:feature:feature-scanner:bundleLibRuntimeToJarDebug (Thread[#79,Execution worker Thread 9,5,main]) started.
DexingNoClasspathTransform (Thread[#78,Execution worker Thread 8,5,main]) started.

> Task :feature:feature-scanner:bundleLibRuntimeToJarDebug UP-TO-DATE
Caching disabled for task ':feature:feature-scanner:bundleLibRuntimeToJarDebug' because:
  Build cache is disabled
  Simple merging task
Skipping task ':feature:feature-scanner:bundleLibRuntimeToJarDebug' as it is up-to-date.
work action resolve classes.jar (project :feature:feature-scanner) (Thread[#79,Execution worker Thread 9,5,main]) started.
AggregatedPackagesTransform (Thread[#79,Execution worker Thread 9,5,main]) started.
Resolve mutations for :feature:feature-scanner:mergeDebugGeneratedProguardFiles (Thread[#73,Execution worker Thread 3,5,main]) started.
:feature:feature-scanner:mergeDebugGeneratedProguardFiles (Thread[#73,Execution worker Thread 3,5,main]) started.

> Task :feature:feature-scanner:mergeDebugGeneratedProguardFiles UP-TO-DATE
Caching disabled for task ':feature:feature-scanner:mergeDebugGeneratedProguardFiles' because:
  Build cache is disabled
  Simple merging task
Skipping task ':feature:feature-scanner:mergeDebugGeneratedProguardFiles' as it is up-to-date.
Resolve mutations for :feature:feature-scanner:mergeDebugConsumerProguardFiles (Thread[#73,Execution worker Thread 3,5,main]) started.
:feature:feature-scanner:mergeDebugConsumerProguardFiles (Thread[#73,Execution worker Thread 3,5,main]) started.

> Task :feature:feature-scanner:mergeDebugConsumerProguardFiles UP-TO-DATE
file or directory 'C:\Users\iamas\Desktop\Code-Base\Al-HissN\feature\feature-scanner\src\main\keepRules', not found
file or directory 'C:\Users\iamas\Desktop\Code-Base\Al-HissN\feature\feature-scanner\src\debug\keepRules', not found
Caching disabled for task ':feature:feature-scanner:mergeDebugConsumerProguardFiles' because:
  Build cache is disabled
  Simple merging task
Skipping task ':feature:feature-scanner:mergeDebugConsumerProguardFiles' as it is up-to-date.
Resolve mutations for :feature:feature-scanner:mergeDebugJavaResource (Thread[#73,Execution worker Thread 3,5,main]) started.
:feature:feature-scanner:mergeDebugJavaResource (Thread[#73,Execution worker Thread 3,5,main]) started.

> Transform bundleLibRuntimeToDirDebug (project :feature:feature-scanner) with DexingNoClasspathTransform
Caching disabled for DexingNoClasspathTransform: C:\Users\iamas\Desktop\Code-Base\Al-HissN\feature\feature-scanner\build\intermediates\runtime_library_classes_dir\debug\bundleLibRuntimeToDirDebug because:
  Build cache is disabled
Skipping DexingNoClasspathTransform: C:\Users\iamas\Desktop\Code-Base\Al-HissN\feature\feature-scanner\build\intermediates\runtime_library_classes_dir\debug\bundleLibRuntimeToDirDebug as it is up-to-date.
DexingOutputSplitTransform (Thread[#78,Execution worker Thread 8,5,main]) started.

> Task :feature:feature-scanner:mergeDebugJavaResource UP-TO-DATE
Caching disabled for task ':feature:feature-scanner:mergeDebugJavaResource' because:
  Build cache is disabled
  Caching has been disabled for the task
Skipping task ':feature:feature-scanner:mergeDebugJavaResource' as it is up-to-date.
Resolve mutations for :feature:feature-scanner:syncDebugLibJars (Thread[#73,Execution worker Thread 3,5,main]) started.
:feature:feature-scanner:syncDebugLibJars (Thread[#73,Execution worker Thread 3,5,main]) started.

> Task :feature:feature-scanner:syncDebugLibJars UP-TO-DATE
Caching disabled for task ':feature:feature-scanner:syncDebugLibJars' because:
  Build cache is disabled
Skipping task ':feature:feature-scanner:syncDebugLibJars' as it is up-to-date.
Resolve mutations for :feature:feature-scanner:bundleDebugAar (Thread[#73,Execution worker Thread 3,5,main]) started.
:feature:feature-scanner:bundleDebugAar (Thread[#73,Execution worker Thread 3,5,main]) started.

> Task :feature:feature-scanner:bundleDebugAar UP-TO-DATE
Caching disabled for task ':feature:feature-scanner:bundleDebugAar' because:
  Build cache is disabled
  Caching has been disabled for the task
Skipping task ':feature:feature-scanner:bundleDebugAar' as it is up-to-date.
Resolve mutations for :feature:feature-scanner:assembleDebug (Thread[#73,Execution worker Thread 3,5,main]) started.
:feature:feature-scanner:assembleDebug (Thread[#77,Execution worker Thread 7,5,main]) started.

> Task :feature:feature-scanner:assembleDebug UP-TO-DATE
Skipping task ':feature:feature-scanner:assembleDebug' as it has no actions.
Resolve mutations for :feature:feature-optimizer:compileDebugKotlin (Thread[#74,Execution worker Thread 4,5,main]) started.
:feature:feature-optimizer:compileDebugKotlin (Thread[#74,Execution worker Thread 4,5,main]) started.

> Task :feature:feature-optimizer:compileDebugKotlin UP-TO-DATE
file or directory 'C:\Users\iamas\Desktop\Code-Base\Al-HissN\feature\feature-optimizer\src\main\kotlin', not found
file or directory 'C:\Users\iamas\Desktop\Code-Base\Al-HissN\feature\feature-optimizer\src\debug\java', not found
file or directory 'C:\Users\iamas\Desktop\Code-Base\Al-HissN\feature\feature-optimizer\src\debug\kotlin', not found
file or directory 'C:\Users\iamas\Desktop\Code-Base\Al-HissN\feature\feature-optimizer\src\debug\java', not found
file or directory 'C:\Users\iamas\Desktop\Code-Base\Al-HissN\feature\feature-optimizer\src\main\kotlin', not found
file or directory 'C:\Users\iamas\Desktop\Code-Base\Al-HissN\feature\feature-optimizer\src\debug\java', not found
file or directory 'C:\Users\iamas\Desktop\Code-Base\Al-HissN\feature\feature-optimizer\src\debug\kotlin', not found
file or directory 'C:\Users\iamas\Desktop\Code-Base\Al-HissN\feature\feature-optimizer\src\debug\java', not found
file or directory 'C:\Users\iamas\Desktop\Code-Base\Al-HissN\feature\feature-optimizer\src\main\kotlin', not found
file or directory 'C:\Users\iamas\Desktop\Code-Base\Al-HissN\feature\feature-optimizer\src\debug\java', not found
file or directory 'C:\Users\iamas\Desktop\Code-Base\Al-HissN\feature\feature-optimizer\src\debug\kotlin', not found
file or directory 'C:\Users\iamas\Desktop\Code-Base\Al-HissN\feature\feature-optimizer\src\debug\java', not found
Custom actions are attached to task ':feature:feature-optimizer:compileDebugKotlin'.
Caching disabled for task ':feature:feature-optimizer:compileDebugKotlin' because:
  Build cache is disabled
Skipping task ':feature:feature-optimizer:compileDebugKotlin' as it is up-to-date.
Resolve mutations for :feature:feature-optimizer:compileDebugJavaWithJavac (Thread[#74,Execution worker Thread 4,5,main]) started.
:feature:feature-optimizer:compileDebugJavaWithJavac (Thread[#74,Execution worker Thread 4,5,main]) started.

> Task :feature:feature-optimizer:compileDebugJavaWithJavac UP-TO-DATE
Custom actions are attached to task ':feature:feature-optimizer:compileDebugJavaWithJavac'.
Caching disabled for task ':feature:feature-optimizer:compileDebugJavaWithJavac' because:
  Build cache is disabled
Skipping task ':feature:feature-optimizer:compileDebugJavaWithJavac' as it is up-to-date.
No compile result for :feature:feature-optimizer:compileDebugJavaWithJavac
Resolve mutations for :feature:feature-optimizer:transformDebugClassesWithAsm (Thread[#74,Execution worker Thread 4,5,main]) started.
:feature:feature-optimizer:transformDebugClassesWithAsm (Thread[#74,Execution worker Thread 4,5,main]) started.

> Task :feature:feature-optimizer:transformDebugClassesWithAsm UP-TO-DATE
Caching disabled for task ':feature:feature-optimizer:transformDebugClassesWithAsm' because:
  Build cache is disabled
Skipping task ':feature:feature-optimizer:transformDebugClassesWithAsm' as it is up-to-date.
Resolve mutations for :feature:feature-optimizer:bundleLibCompileToJarDebug (Thread[#74,Execution worker Thread 4,5,main]) started.
:feature:feature-optimizer:bundleLibCompileToJarDebug (Thread[#74,Execution worker Thread 4,5,main]) started.

> Task :feature:feature-optimizer:bundleLibCompileToJarDebug UP-TO-DATE
Caching disabled for task ':feature:feature-optimizer:bundleLibCompileToJarDebug' because:
  Build cache is disabled
  Simple merging task
Skipping task ':feature:feature-optimizer:bundleLibCompileToJarDebug' as it is up-to-date.
work action resolve classes.jar (project :feature:feature-optimizer) (Thread[#74,Execution worker Thread 4,5,main]) started.
Resolve mutations for :app:kspDebugKotlin (Thread[#74,Execution worker Thread 4,5,main]) started.
AggregatedPackagesTransform (Thread[#76,Execution worker Thread 6,5,main]) started.
:app:kspDebugKotlin (Thread[#74,Execution worker Thread 4,5,main]) started.
Resolve mutations for :feature:feature-optimizer:processDebugJavaRes (Thread[#70,included builds,5,main]) started.
:feature:feature-optimizer:processDebugJavaRes (Thread[#70,included builds,5,main]) started.

> Task :feature:feature-optimizer:processDebugJavaRes UP-TO-DATE
file or directory 'C:\Users\iamas\Desktop\Code-Base\Al-HissN\feature\feature-optimizer\src\main\resources', not found
file or directory 'C:\Users\iamas\Desktop\Code-Base\Al-HissN\feature\feature-optimizer\src\debug\resources', not found
Caching disabled for task ':feature:feature-optimizer:processDebugJavaRes' because:
  Build cache is disabled
  Caching has been disabled for the task
Skipping task ':feature:feature-optimizer:processDebugJavaRes' as it is up-to-date.
work action resolve out (project :feature:feature-optimizer) (Thread[#70,included builds,5,main]) started.
Resolve mutations for :feature:feature-optimizer:bundleLibRuntimeToDirDebug (Thread[#70,included builds,5,main]) started.
:feature:feature-optimizer:bundleLibRuntimeToDirDebug (Thread[#70,included builds,5,main]) started.

> Task :feature:feature-optimizer:bundleLibRuntimeToDirDebug UP-TO-DATE
Caching disabled for task ':feature:feature-optimizer:bundleLibRuntimeToDirDebug' because:
  Build cache is disabled
  Simple merging task
Skipping task ':feature:feature-optimizer:bundleLibRuntimeToDirDebug' as it is up-to-date.
work action resolve bundleLibRuntimeToDirDebug (project :feature:feature-optimizer) (Thread[#70,included builds,5,main]) started.
ClassesDirToClassesTransform (Thread[#70,included builds,5,main]) started.
Resolve mutations for :feature:feature-optimizer:bundleLibRuntimeToJarDebug (Thread[#77,Execution worker Thread 7,5,main]) started.
:feature:feature-optimizer:bundleLibRuntimeToJarDebug (Thread[#77,Execution worker Thread 7,5,main]) started.
DexingNoClasspathTransform (Thread[#70,included builds,5,main]) started.

> Task :feature:feature-optimizer:bundleLibRuntimeToJarDebug UP-TO-DATE
Caching disabled for task ':feature:feature-optimizer:bundleLibRuntimeToJarDebug' because:
  Build cache is disabled
  Simple merging task
Skipping task ':feature:feature-optimizer:bundleLibRuntimeToJarDebug' as it is up-to-date.
work action resolve classes.jar (project :feature:feature-optimizer) (Thread[#77,Execution worker Thread 7,5,main]) started.
AggregatedPackagesTransform (Thread[#77,Execution worker Thread 7,5,main]) started.
Resolve mutations for :feature:feature-optimizer:mergeDebugGeneratedProguardFiles (Thread[#80,Execution worker Thread 10,5,main]) started.
:feature:feature-optimizer:mergeDebugGeneratedProguardFiles (Thread[#80,Execution worker Thread 10,5,main]) started.

> Task :feature:feature-optimizer:mergeDebugGeneratedProguardFiles UP-TO-DATE
Caching disabled for task ':feature:feature-optimizer:mergeDebugGeneratedProguardFiles' because:
  Build cache is disabled
  Simple merging task
Skipping task ':feature:feature-optimizer:mergeDebugGeneratedProguardFiles' as it is up-to-date.
Resolve mutations for :feature:feature-optimizer:mergeDebugConsumerProguardFiles (Thread[#80,Execution worker Thread 10,5,main]) started.
:feature:feature-optimizer:mergeDebugConsumerProguardFiles (Thread[#80,Execution worker Thread 10,5,main]) started.

> Transform bundleLibRuntimeToDirDebug (project :feature:feature-optimizer) with DexingNoClasspathTransform
Caching disabled for DexingNoClasspathTransform: C:\Users\iamas\Desktop\Code-Base\Al-HissN\feature\feature-optimizer\build\intermediates\runtime_library_classes_dir\debug\bundleLibRuntimeToDirDebug because:
  Build cache is disabled
Skipping DexingNoClasspathTransform: C:\Users\iamas\Desktop\Code-Base\Al-HissN\feature\feature-optimizer\build\intermediates\runtime_library_classes_dir\debug\bundleLibRuntimeToDirDebug as it is up-to-date.
DexingOutputSplitTransform (Thread[#70,included builds,5,main]) started.

> Task :feature:feature-optimizer:mergeDebugConsumerProguardFiles UP-TO-DATE
file or directory 'C:\Users\iamas\Desktop\Code-Base\Al-HissN\feature\feature-optimizer\src\main\keepRules', not found
file or directory 'C:\Users\iamas\Desktop\Code-Base\Al-HissN\feature\feature-optimizer\src\debug\keepRules', not found
Caching disabled for task ':feature:feature-optimizer:mergeDebugConsumerProguardFiles' because:
  Build cache is disabled
  Simple merging task
Skipping task ':feature:feature-optimizer:mergeDebugConsumerProguardFiles' as it is up-to-date.
Resolve mutations for :feature:feature-optimizer:mergeDebugJavaResource (Thread[#80,Execution worker Thread 10,5,main]) started.
:feature:feature-optimizer:mergeDebugJavaResource (Thread[#80,Execution worker Thread 10,5,main]) started.

> Task :feature:feature-optimizer:mergeDebugJavaResource UP-TO-DATE
Caching disabled for task ':feature:feature-optimizer:mergeDebugJavaResource' because:
  Build cache is disabled
  Caching has been disabled for the task
Skipping task ':feature:feature-optimizer:mergeDebugJavaResource' as it is up-to-date.
Resolve mutations for :app:mergeLibDexDebug (Thread[#80,Execution worker Thread 10,5,main]) started.
:app:mergeLibDexDebug (Thread[#80,Execution worker Thread 10,5,main]) started.

> Task :app:mergeLibDexDebug UP-TO-DATE
Caching disabled for task ':app:mergeLibDexDebug' because:
  Build cache is disabled
Skipping task ':app:mergeLibDexDebug' as it is up-to-date.
Resolve mutations for :feature:feature-optimizer:syncDebugLibJars (Thread[#80,Execution worker Thread 10,5,main]) started.
:feature:feature-optimizer:syncDebugLibJars (Thread[#80,Execution worker Thread 10,5,main]) started.

> Task :feature:feature-optimizer:syncDebugLibJars UP-TO-DATE
Caching disabled for task ':feature:feature-optimizer:syncDebugLibJars' because:
  Build cache is disabled
Skipping task ':feature:feature-optimizer:syncDebugLibJars' as it is up-to-date.
Resolve mutations for :feature:feature-optimizer:bundleDebugAar (Thread[#80,Execution worker Thread 10,5,main]) started.
:feature:feature-optimizer:bundleDebugAar (Thread[#80,Execution worker Thread 10,5,main]) started.

> Task :feature:feature-optimizer:bundleDebugAar UP-TO-DATE
Caching disabled for task ':feature:feature-optimizer:bundleDebugAar' because:
  Build cache is disabled
  Caching has been disabled for the task
Skipping task ':feature:feature-optimizer:bundleDebugAar' as it is up-to-date.
Resolve mutations for :feature:feature-optimizer:assembleDebug (Thread[#80,Execution worker Thread 10,5,main]) started.
:feature:feature-optimizer:assembleDebug (Thread[#80,Execution worker Thread 10,5,main]) started.

> Task :feature:feature-optimizer:assembleDebug UP-TO-DATE
Skipping task ':feature:feature-optimizer:assembleDebug' as it has no actions.

> Task :app:kspDebugKotlin
Caching disabled for task ':app:kspDebugKotlin' because:
  Build cache is disabled
Task ':app:kspDebugKotlin' is not up-to-date because:
  Value of input property 'kspConfig.logLevel' has changed for task ':app:kspDebugKotlin'
The input changes require a full rebuild for incremental task ':app:kspDebugKotlin'.
file or directory 'C:\Users\iamas\Desktop\Code-Base\Al-HissN\app\src\main\kotlin', not found
file or directory 'C:\Users\iamas\Desktop\Code-Base\Al-HissN\app\src\debug\java', not found
file or directory 'C:\Users\iamas\Desktop\Code-Base\Al-HissN\app\src\debug\kotlin', not found
file or directory 'C:\Users\iamas\Desktop\Code-Base\Al-HissN\app\src\main\kotlin', not found
file or directory 'C:\Users\iamas\Desktop\Code-Base\Al-HissN\app\src\debug\java', not found
file or directory 'C:\Users\iamas\Desktop\Code-Base\Al-HissN\app\src\debug\kotlin', not found
i: [ksp] loaded provider(s): [androidx.hilt.AndroidXHiltKspProcessor$Provider, androidx.room.RoomKspProcessor$Provider, dagger.hilt.processor.internal.uninstallmodules.KspUninstallModulesProcessor$Provider, dagger.hilt.android.processor.internal.viewmodel.KspViewModelProcessor$Provider, dagger.hilt.processor.internal.earlyentrypoint.KspEarlyEntryPointProcessor$Provider, dagger.hilt.android.processor.internal.androidentrypoint.KspAndroidEntryPointProcessor$Provider, dagger.hilt.processor.internal.definecomponent.KspDefineComponentProcessor$Provider, dagger.hilt.processor.internal.originatingelement.KspOriginatingElementProcessor$Provider, dagger.hilt.android.processor.internal.bindvalue.KspBindValueProcessor$Provider, dagger.hilt.processor.internal.root.KspComponentTreeDepsProcessor$Provider, dagger.hilt.processor.internal.root.KspRootProcessor$Provider, dagger.hilt.processor.internal.aliasof.KspAliasOfProcessor$Provider, dagger.hilt.processor.internal.aggregateddeps.KspAggregatedDepsProcessor$Provider, dagger.hilt.processor.internal.generatesrootinput.KspGeneratesRootInputProcessor$Provider, dagger.hilt.android.processor.internal.customtestapplication.KspCustomTestApplicationProcessor$Provider, dagger.internal.codegen.KspComponentProcessor$Provider]
Resolve mutations for :app:compileDebugKotlin (Thread[#74,Execution worker Thread 4,5,main]) started.
:app:compileDebugKotlin (Thread[#74,Execution worker Thread 4,5,main]) started.

> Task :app:compileDebugKotlin
file or directory 'C:\Users\iamas\Desktop\Code-Base\Al-HissN\app\src\main\kotlin', not found
file or directory 'C:\Users\iamas\Desktop\Code-Base\Al-HissN\app\src\debug\java', not found
file or directory 'C:\Users\iamas\Desktop\Code-Base\Al-HissN\app\src\debug\kotlin', not found
file or directory 'C:\Users\iamas\Desktop\Code-Base\Al-HissN\app\src\debug\java', not found
file or directory 'C:\Users\iamas\Desktop\Code-Base\Al-HissN\app\src\main\kotlin', not found
file or directory 'C:\Users\iamas\Desktop\Code-Base\Al-HissN\app\src\debug\java', not found
file or directory 'C:\Users\iamas\Desktop\Code-Base\Al-HissN\app\src\debug\kotlin', not found
file or directory 'C:\Users\iamas\Desktop\Code-Base\Al-HissN\app\src\debug\java', not found
file or directory 'C:\Users\iamas\Desktop\Code-Base\Al-HissN\app\src\main\kotlin', not found
file or directory 'C:\Users\iamas\Desktop\Code-Base\Al-HissN\app\src\debug\java', not found
file or directory 'C:\Users\iamas\Desktop\Code-Base\Al-HissN\app\src\debug\kotlin', not found
file or directory 'C:\Users\iamas\Desktop\Code-Base\Al-HissN\app\src\debug\java', not found
Custom actions are attached to task ':app:compileDebugKotlin'.
Caching disabled for task ':app:compileDebugKotlin' because:
  Build cache is disabled
Task ':app:compileDebugKotlin' is not up-to-date because:
  Task has failed previously.
The input changes require a full rebuild for incremental task ':app:compileDebugKotlin'.
file or directory 'C:\Users\iamas\Desktop\Code-Base\Al-HissN\app\src\main\kotlin', not found
file or directory 'C:\Users\iamas\Desktop\Code-Base\Al-HissN\app\src\main\kotlin', not found
file or directory 'C:\Users\iamas\Desktop\Code-Base\Al-HissN\app\src\debug\java', not found
file or directory 'C:\Users\iamas\Desktop\Code-Base\Al-HissN\app\src\debug\java', not found
file or directory 'C:\Users\iamas\Desktop\Code-Base\Al-HissN\app\src\debug\kotlin', not found
file or directory 'C:\Users\iamas\Desktop\Code-Base\Al-HissN\app\src\debug\kotlin', not found
file or directory 'C:\Users\iamas\Desktop\Code-Base\Al-HissN\app\src\debug\java', not found
file or directory 'C:\Users\iamas\Desktop\Code-Base\Al-HissN\app\src\debug\java', not found
file or directory 'C:\Users\iamas\Desktop\Code-Base\Al-HissN\app\src\main\kotlin', not found
file or directory 'C:\Users\iamas\Desktop\Code-Base\Al-HissN\app\src\debug\java', not found
file or directory 'C:\Users\iamas\Desktop\Code-Base\Al-HissN\app\src\debug\kotlin', not found
file or directory 'C:\Users\iamas\Desktop\Code-Base\Al-HissN\app\build\generated\ksp\debug\kotlin', not found
file or directory 'C:\Users\iamas\Desktop\Code-Base\Al-HissN\app\src\main\kotlin', not found
file or directory 'C:\Users\iamas\Desktop\Code-Base\Al-HissN\app\src\debug\java', not found
file or directory 'C:\Users\iamas\Desktop\Code-Base\Al-HissN\app\src\debug\kotlin', not found
file or directory 'C:\Users\iamas\Desktop\Code-Base\Al-HissN\app\src\debug\java', not found
file or directory 'C:\Users\iamas\Desktop\Code-Base\Al-HissN\app\src\main\kotlin', not found
file or directory 'C:\Users\iamas\Desktop\Code-Base\Al-HissN\app\src\main\kotlin', not found
file or directory 'C:\Users\iamas\Desktop\Code-Base\Al-HissN\app\src\debug\java', not found
file or directory 'C:\Users\iamas\Desktop\Code-Base\Al-HissN\app\src\debug\java', not found
file or directory 'C:\Users\iamas\Desktop\Code-Base\Al-HissN\app\src\debug\kotlin', not found
file or directory 'C:\Users\iamas\Desktop\Code-Base\Al-HissN\app\src\debug\kotlin', not found
file or directory 'C:\Users\iamas\Desktop\Code-Base\Al-HissN\app\src\debug\java', not found
file or directory 'C:\Users\iamas\Desktop\Code-Base\Al-HissN\app\src\debug\java', not found
file or directory 'C:\Users\iamas\Desktop\Code-Base\Al-HissN\app\src\main\kotlin', not found
file or directory 'C:\Users\iamas\Desktop\Code-Base\Al-HissN\app\src\debug\java', not found
file or directory 'C:\Users\iamas\Desktop\Code-Base\Al-HissN\app\src\debug\kotlin', not found
file or directory 'C:\Users\iamas\Desktop\Code-Base\Al-HissN\app\build\generated\ksp\debug\kotlin', not found
file or directory 'C:\Users\iamas\Desktop\Code-Base\Al-HissN\app\src\main\kotlin', not found
file or directory 'C:\Users\iamas\Desktop\Code-Base\Al-HissN\app\src\main\kotlin', not found
file or directory 'C:\Users\iamas\Desktop\Code-Base\Al-HissN\app\src\debug\java', not found
file or directory 'C:\Users\iamas\Desktop\Code-Base\Al-HissN\app\src\debug\java', not found
file or directory 'C:\Users\iamas\Desktop\Code-Base\Al-HissN\app\src\debug\kotlin', not found
file or directory 'C:\Users\iamas\Desktop\Code-Base\Al-HissN\app\src\debug\kotlin', not found
file or directory 'C:\Users\iamas\Desktop\Code-Base\Al-HissN\app\src\debug\java', not found
file or directory 'C:\Users\iamas\Desktop\Code-Base\Al-HissN\app\src\debug\java', not found
file or directory 'C:\Users\iamas\Desktop\Code-Base\Al-HissN\app\src\main\kotlin', not found
file or directory 'C:\Users\iamas\Desktop\Code-Base\Al-HissN\app\src\debug\java', not found
file or directory 'C:\Users\iamas\Desktop\Code-Base\Al-HissN\app\src\debug\kotlin', not found
file or directory 'C:\Users\iamas\Desktop\Code-Base\Al-HissN\app\build\generated\ksp\debug\kotlin', not found
file or directory 'C:\Users\iamas\Desktop\Code-Base\Al-HissN\app\src\main\kotlin', not found
file or directory 'C:\Users\iamas\Desktop\Code-Base\Al-HissN\app\src\main\kotlin', not found
file or directory 'C:\Users\iamas\Desktop\Code-Base\Al-HissN\app\src\debug\java', not found
file or directory 'C:\Users\iamas\Desktop\Code-Base\Al-HissN\app\src\debug\java', not found
file or directory 'C:\Users\iamas\Desktop\Code-Base\Al-HissN\app\src\debug\kotlin', not found
file or directory 'C:\Users\iamas\Desktop\Code-Base\Al-HissN\app\src\debug\kotlin', not found
file or directory 'C:\Users\iamas\Desktop\Code-Base\Al-HissN\app\src\debug\java', not found
file or directory 'C:\Users\iamas\Desktop\Code-Base\Al-HissN\app\src\debug\java', not found
file or directory 'C:\Users\iamas\Desktop\Code-Base\Al-HissN\app\src\main\kotlin', not found
file or directory 'C:\Users\iamas\Desktop\Code-Base\Al-HissN\app\src\debug\java', not found
file or directory 'C:\Users\iamas\Desktop\Code-Base\Al-HissN\app\src\debug\kotlin', not found
file or directory 'C:\Users\iamas\Desktop\Code-Base\Al-HissN\app\build\generated\ksp\debug\kotlin', not found
Kotlin source files: C:\Users\iamas\Desktop\Code-Base\Al-HissN\app\src\main\java\com\alhissn\shield\AlHissnApplication.kt, C:\Users\iamas\Desktop\Code-Base\Al-HissN\app\src\main\java\com\alhissn\shield\MainActivity.kt, C:\Users\iamas\Desktop\Code-Base\Al-HissN\app\src\main\java\com\alhissn\shield\navigation\AppNavigation.kt, C:\Users\iamas\Desktop\Code-Base\Al-HissN\app\src\main\java\com\alhissn\shield\ui\components\Components.kt, C:\Users\iamas\Desktop\Code-Base\Al-HissN\app\src\main\java\com\alhissn\shield\ui\components\NetworkStatusCard.kt, C:\Users\iamas\Desktop\Code-Base\Al-HissN\app\src\main\java\com\alhissn\shield\ui\components\TextFilterControls.kt, C:\Users\iamas\Desktop\Code-Base\Al-HissN\app\src\main\java\com\alhissn\shield\ui\components\VpnPermissionDialog.kt, C:\Users\iamas\Desktop\Code-Base\Al-HissN\app\src\main\java\com\alhissn\shield\ui\screens\DashboardScreen.kt, C:\Users\iamas\Desktop\Code-Base\Al-HissN\app\src\main\java\com\alhissn\shield\ui\screens\SettingsScreen.kt, C:\Users\iamas\Desktop\Code-Base\Al-HissN\app\src\main\java\com\alhissn\shield\ui\screens\SplashScreen.kt, C:\Users\iamas\Desktop\Code-Base\Al-HissN\app\src\main\java\com\alhissn\shield\viewmodels\MainViewModel.kt, C:\Users\iamas\Desktop\Code-Base\Al-HissN\app\src\main\java\com\alhissn\shield\viewmodels\TextFilterViewModel.kt
Java source files: C:\Users\iamas\Desktop\Code-Base\Al-HissN\app\build\generated\ksp\debug\java\com\alhissn\shield\AlHissnApplication_GeneratedInjector.java, C:\Users\iamas\Desktop\Code-Base\Al-HissN\app\build\generated\ksp\debug\java\com\alhissn\shield\AlHissnApplication_MembersInjector.java, C:\Users\iamas\Desktop\Code-Base\Al-HissN\app\build\generated\ksp\debug\java\com\alhissn\shield\Hilt_MainActivity.java, C:\Users\iamas\Desktop\Code-Base\Al-HissN\app\build\generated\ksp\debug\java\com\alhissn\shield\MainActivity_GeneratedInjector.java, C:\Users\iamas\Desktop\Code-Base\Al-HissN\app\build\generated\ksp\debug\java\com\alhissn\shield\viewmodels\TextFilterViewModel_Factory.java, C:\Users\iamas\Desktop\Code-Base\Al-HissN\app\build\generated\ksp\debug\java\com\alhissn\shield\viewmodels\TextFilterViewModel_HiltModules.java, C:\Users\iamas\Desktop\Code-Base\Al-HissN\app\build\generated\ksp\debug\java\com\alhissn\shield\viewmodels\TextFilterViewModel_HiltModules_BindsModule_Binds_LazyMapKey.java, C:\Users\iamas\Desktop\Code-Base\Al-HissN\app\build\generated\ksp\debug\java\com\alhissn\shield\viewmodels\TextFilterViewModel_HiltModules_KeyModule_ProvideFactory.java, C:\Users\iamas\Desktop\Code-Base\Al-HissN\app\build\generated\ksp\debug\java\com\alhissn\shield\viewmodels\TextFilterViewModel_HiltModules_KeyModule_Provide_LazyMapKey.java, C:\Users\iamas\Desktop\Code-Base\Al-HissN\app\build\generated\ksp\debug\java\dagger\hilt\internal\aggregatedroot\codegen\_com_alhissn_shield_AlHissnApplication.java, C:\Users\iamas\Desktop\Code-Base\Al-HissN\app\build\generated\ksp\debug\java\hilt_aggregated_deps\_com_alhissn_shield_AlHissnApplication_GeneratedInjector.java, C:\Users\iamas\Desktop\Code-Base\Al-HissN\app\build\generated\ksp\debug\java\hilt_aggregated_deps\_com_alhissn_shield_MainActivity_GeneratedInjector.java, C:\Users\iamas\Desktop\Code-Base\Al-HissN\app\build\generated\ksp\debug\java\hilt_aggregated_deps\_com_alhissn_shield_viewmodels_TextFilterViewModel_HiltModules_BindsModule.java, C:\Users\iamas\Desktop\Code-Base\Al-HissN\app\build\generated\ksp\debug\java\hilt_aggregated_deps\_com_alhissn_shield_viewmodels_TextFilterViewModel_HiltModules_KeyModule.java
Script source files: 
Script file extensions: 
Using Kotlin/JVM incremental compilation
[KOTLIN] Kotlin compilation 'jdkHome' argument: C:\Users\iamas\.gradle\jdks\eclipse_adoptium-21-amd64-windows.2
i: starting the daemon as: C:\Users\iamas\.gradle\jdks\eclipse_adoptium-21-amd64-windows.2\bin\java -cp C:\Users\iamas\.gradle\caches\modules-2\files-2.1\org.jetbrains.kotlin\kotlin-compiler-embeddable\2.2.10\6882d39ef03b18879c1a5d2a83c2212361bed5fe\kotlin-compiler-embeddable-2.2.10.jar;C:\Users\iamas\.gradle\caches\modules-2\files-2.1\org.jetbrains.kotlin\kotlin-stdlib\2.2.10\30de6faa127a4a012db8e71bf1b9c0a99b1402b2\kotlin-stdlib-2.2.10.jar;C:\Users\iamas\.gradle\caches\modules-2\files-2.1\org.jetbrains.kotlin\kotlin-script-runtime\2.2.10\712f9bc08f378c13a4a00f0bbb28c76e59183e83\kotlin-script-runtime-2.2.10.jar;C:\Users\iamas\.gradle\caches\modules-2\files-2.1\org.jetbrains.kotlin\kotlin-reflect\1.6.10\1cbe9c92c12a94eea200d23c2bbaedaf3daf5132\kotlin-reflect-1.6.10.jar;C:\Users\iamas\.gradle\caches\modules-2\files-2.1\org.jetbrains.kotlin\kotlin-daemon-embeddable\2.2.10\212fd3c2c6e4e5d0f4db3c4191233e2b622380cc\kotlin-daemon-embeddable-2.2.10.jar;C:\Users\iamas\.gradle\caches\modules-2\files-2.1\org.jetbrains.kotlinx\kotlinx-coroutines-core-jvm\1.8.0\ac1dc37a30a93150b704022f8d895ee1bd3a36b3\kotlinx-coroutines-core-jvm-1.8.0.jar;C:\Users\iamas\.gradle\caches\modules-2\files-2.1\org.jetbrains\annotations\13.0\919f0dfe192fb4e063e7dacadee7f8bb9a2672a9\annotations-13.0.jar -Djava.awt.headless=true -Djava.rmi.server.hostname=127.0.0.1 -Xmx2048m -XX:ReservedCodeCacheSize=320m -Dkotlin.environment.keepalive -ea -XX:+UseCodeCacheFlushing -XX:+UseParallelGC -Dkotlin.daemon.initiator.marker.file=C:\Users\iamas\AppData\Local\Temp\kotlin-compiler-in-liss-15362807800003594310.alive --add-exports java.base/sun.nio.ch=ALL-UNNAMED org.jetbrains.kotlin.daemon.KotlinCompileDaemon --daemon-runFilesPath C:\Users\iamas\AppData\Local\kotlin\daemon --daemon-autoshutdownIdleSeconds=7200 --daemon-compilerClasspath C:\Users\iamas\.gradle\caches\modules-2\files-2.1\org.jetbrains.kotlin\kotlin-compiler-embeddable\2.2.10\6882d39ef03b18879c1a5d2a83c2212361bed5fe\kotlin-compiler-embeddable-2.2.10.jar;C:\Users\iamas\.gradle\caches\modules-2\files-2.1\org.jetbrains.kotlin\kotlin-stdlib\2.2.10\30de6faa127a4a012db8e71bf1b9c0a99b1402b2\kotlin-stdlib-2.2.10.jar;C:\Users\iamas\.gradle\caches\modules-2\files-2.1\org.jetbrains.kotlin\kotlin-script-runtime\2.2.10\712f9bc08f378c13a4a00f0bbb28c76e59183e83\kotlin-script-runtime-2.2.10.jar;C:\Users\iamas\.gradle\caches\modules-2\files-2.1\org.jetbrains.kotlin\kotlin-reflect\1.6.10\1cbe9c92c12a94eea200d23c2bbaedaf3daf5132\kotlin-reflect-1.6.10.jar;C:\Users\iamas\.gradle\caches\modules-2\files-2.1\org.jetbrains.kotlin\kotlin-daemon-embeddable\2.2.10\212fd3c2c6e4e5d0f4db3c4191233e2b622380cc\kotlin-daemon-embeddable-2.2.10.jar;C:\Users\iamas\.gradle\caches\modules-2\files-2.1\org.jetbrains.kotlinx\kotlinx-coroutines-core-jvm\1.8.0\ac1dc37a30a93150b704022f8d895ee1bd3a36b3\kotlinx-coroutines-core-jvm-1.8.0.jar;C:\Users\iamas\.gradle\caches\modules-2\files-2.1\org.jetbrains\annotations\13.0\919f0dfe192fb4e063e7dacadee7f8bb9a2672a9\annotations-13.0.jar
i: #1 retrying connecting to the daemon 
Options for KOTLIN DAEMON: IncrementalCompilationOptions(super=CompilationOptions(compilerMode=INCREMENTAL_COMPILER, targetPlatform=JVM, reportCategories=[0, 3], reportSeverity=2, requestedCompilationResults=[0], kotlinScriptExtensions=[]), sourceChanges=org.jetbrains.kotlin.buildtools.api.SourcesChanges$Unknown@4ee452aa, classpathChanges=NotAvailableForNonIncrementalRun, workingDir=C:\Users\iamas\Desktop\Code-Base\Al-HissN\app\build\kotlin\compileDebugKotlin\cacheable, multiModuleICSettings=MultiModuleICSettings(buildHistoryFile=C:\Users\iamas\Desktop\Code-Base\Al-HissN\app\build\kotlin\compileDebugKotlin\local-state\build-history.bin, useModuleDetection=true), icFeatures=IncrementalCompilationFeatures(usePreciseJavaTracking=true, withAbiSnapshot=false, preciseCompilationResultsBackup=true, keepIncrementalCompilationCachesInMemory=true, enableUnsafeIncrementalCompilationForMultiplatform=false, enableMonotonousIncrementalCompileSetExpansion=true), outputFiles=[C:\Users\iamas\Desktop\Code-Base\Al-HissN\app\build\intermediates\built_in_kotlinc\debug\compileDebugKotlin\classes, C:\Users\iamas\Desktop\Code-Base\Al-HissN\app\build\kotlin\compileDebugKotlin\cacheable, C:\Users\iamas\Desktop\Code-Base\Al-HissN\app\build\kotlin\compileDebugKotlin\local-state])
Finished executing kotlin compiler using DAEMON strategy

> Task :app:compileDebugKotlin FAILED
Build 4e06ca53-3c3f-4ffb-879c-ad93aee1e20f is closed
550 actionable tasks: 16 executed, 534 up-to-date
Watched directory hierarchies: [C:\Users\iamas\Desktop\Code-Base\Al-HissN]
